Archive member included to satisfy reference by file (symbol)

/opt/devkitpro/libogc/lib/wii/libwiiuse.a(wpad.o)
                              template.o (WPAD_Init)
/opt/devkitpro/libogc/lib/wii/libwiiuse.a(motion_plus.o)
                              /opt/devkitpro/libogc/lib/wii/libwiiuse.a(wpad.o) (wiiuse_set_motion_plus)
/opt/devkitpro/libogc/lib/wii/libwiiuse.a(dynamics.o)
                              /opt/devkitpro/libogc/lib/wii/libwiiuse.a(wpad.o) (calculate_gforce)
/opt/devkitpro/libogc/lib/wii/libwiiuse.a(io.o)
                              /opt/devkitpro/libogc/lib/wii/libwiiuse.a(motion_plus.o) (wiiuse_disable_expansion)
/opt/devkitpro/libogc/lib/wii/libwiiuse.a(io_wii.o)
                              /opt/devkitpro/libogc/lib/wii/libwiiuse.a(wpad.o) (__wiiuse_sensorbar_enable)
/opt/devkitpro/libogc/lib/wii/libwiiuse.a(ir.o)
                              /opt/devkitpro/libogc/lib/wii/libwiiuse.a(motion_plus.o) (wiiuse_set_ir_mode)
/opt/devkitpro/libogc/lib/wii/libwiiuse.a(nunchuk.o)
                              /opt/devkitpro/libogc/lib/wii/libwiiuse.a(io.o) (nunchuk_handshake)
/opt/devkitpro/libogc/lib/wii/libwiiuse.a(wiiboard.o)
                              /opt/devkitpro/libogc/lib/wii/libwiiuse.a(io.o) (wii_board_handshake)
/opt/devkitpro/libogc/lib/wii/libwiiuse.a(wiiuse.o)
                              /opt/devkitpro/libogc/lib/wii/libwiiuse.a(wpad.o) (wiiuse_init)
/opt/devkitpro/libogc/lib/wii/libwiiuse.a(speaker.o)
                              /opt/devkitpro/libogc/lib/wii/libwiiuse.a(wpad.o) (wencdata)
/opt/devkitpro/libogc/lib/wii/libwiiuse.a(classic.o)
                              /opt/devkitpro/libogc/lib/wii/libwiiuse.a(io.o) (classic_ctrl_handshake)
/opt/devkitpro/libogc/lib/wii/libwiiuse.a(events.o)
                              /opt/devkitpro/libogc/lib/wii/libwiiuse.a(io_wii.o) (parse_event)
/opt/devkitpro/libogc/lib/wii/libwiiuse.a(guitar_hero_3.o)
                              /opt/devkitpro/libogc/lib/wii/libwiiuse.a(io.o) (guitar_hero_3_handshake)
/opt/devkitpro/libogc/lib/wii/libbte.a(bte.o)
                              /opt/devkitpro/libogc/lib/wii/libwiiuse.a(wpad.o) (BTE_Init)
/opt/devkitpro/libogc/lib/wii/libbte.a(hci.o)
                              /opt/devkitpro/libogc/lib/wii/libbte.a(bte.o) (hci_init)
/opt/devkitpro/libogc/lib/wii/libbte.a(l2cap.o)
                              /opt/devkitpro/libogc/lib/wii/libbte.a(bte.o) (l2cap_init)
/opt/devkitpro/libogc/lib/wii/libbte.a(btmemb.o)
                              /opt/devkitpro/libogc/lib/wii/libbte.a(bte.o) (btmemb_init)
/opt/devkitpro/libogc/lib/wii/libbte.a(btmemr.o)
                              /opt/devkitpro/libogc/lib/wii/libbte.a(hci.o) (btmemr_init)
/opt/devkitpro/libogc/lib/wii/libbte.a(btpbuf.o)
                              /opt/devkitpro/libogc/lib/wii/libbte.a(hci.o) (btpbuf_init)
/opt/devkitpro/libogc/lib/wii/libbte.a(physbusif.o)
                              /opt/devkitpro/libogc/lib/wii/libbte.a(bte.o) (physbusif_init)
/opt/devkitpro/libogc/lib/wii/libogc.a(console.o)
                              template.o (CON_Init)
/opt/devkitpro/libogc/lib/wii/libogc.a(lwp_queue.o)
                              /opt/devkitpro/libogc/lib/wii/libwiiuse.a(io_wii.o) (__lwp_queue_initialize)
/opt/devkitpro/libogc/lib/wii/libogc.a(lwp_threads.o)
                              /opt/devkitpro/libogc/lib/wii/libwiiuse.a(wpad.o) (_thread_dispatch_disable_level)
/opt/devkitpro/libogc/lib/wii/libogc.a(lwp.o)
                              /opt/devkitpro/libogc/lib/wii/libbte.a(bte.o) (LWP_InitQueue)
/opt/devkitpro/libogc/lib/wii/libogc.a(lwp_handler.o)
                              /opt/devkitpro/libogc/lib/wii/libogc.a(lwp_threads.o) (_cpu_context_save_fp)
/opt/devkitpro/libogc/lib/wii/libogc.a(lwp_stack.o)
                              /opt/devkitpro/libogc/lib/wii/libogc.a(lwp_threads.o) (__lwp_stack_allocate)
/opt/devkitpro/libogc/lib/wii/libogc.a(lwp_watchdog.o)
                              /opt/devkitpro/libogc/lib/wii/libogc.a(lwp_threads.o) (_wd_ticks_queue)
/opt/devkitpro/libogc/lib/wii/libogc.a(lwp_wkspace.o)
                              /opt/devkitpro/libogc/lib/wii/libwiiuse.a(motion_plus.o) (__wkspace_heap)
/opt/devkitpro/libogc/lib/wii/libogc.a(lwp_objmgr.o)
                              /opt/devkitpro/libogc/lib/wii/libogc.a(lwp.o) (__lwp_objmgr_initinfo)
/opt/devkitpro/libogc/lib/wii/libogc.a(lwp_heap.o)
                              /opt/devkitpro/libogc/lib/wii/libogc.a(lwp_wkspace.o) (__lwp_heap_init)
/opt/devkitpro/libogc/lib/wii/libogc.a(sys_state.o)
                              /opt/devkitpro/libogc/lib/wii/libogc.a(lwp_threads.o) (_sys_state_curr)
/opt/devkitpro/libogc/lib/wii/libogc.a(irq.o)
                              /opt/devkitpro/libogc/lib/wii/libwiiuse.a(io_wii.o) (IRQ_Disable)
/opt/devkitpro/libogc/lib/wii/libogc.a(video.o)
                              /opt/devkitpro/libogc/lib/wii/libogc.a(console.o) (VIDEO_GetCurrentFramebuffer)
/opt/devkitpro/libogc/lib/wii/libogc.a(system.o)
[...]
Memory Configuration

Name             Origin             Length             Attributes
*default*        0x0000000000000000 0xffffffffffffffff

Linker script and memory map

                0x0000000000003400                . = 0x3400

.stub
 *(.stub)
                0x0000000080004000                . = 0x80004000

.init           0x0000000080004000      0x194
 *crt0.o(*.init)
 .init          0x0000000080004000      0x170 /opt/devkitpro/libogc/lib/wii/libogc.a(ogc_crt0.o)
                0x0000000080004000                _start
                0x0000000080004140                _memset
 *(.init)
 .init          0x0000000080004170        0xc /opt/devkitpro/devkitPPC/lib/gcc/powerpc-eabi/6.2.0/ecrti.o
                0x0000000080004170                __init
 .init          0x000000008000417c        0x4 /opt/devkitpro/devkitPPC/lib/gcc/powerpc-eabi/6.2.0/crtbegin.o
 .init          0x0000000080004180        0x4 /opt/devkitpro/devkitPPC/lib/gcc/powerpc-eabi/6.2.0/crtend.o
 .init          0x0000000080004184       0x10 /opt/devkitpro/devkitPPC/lib/gcc/powerpc-eabi/6.2.0/ecrtn.o

.rela.dyn       0x0000000080004194        0x0
 .rela.iplt     0x0000000080004194        0x0 /opt/devkitpro/devkitPPC/lib/gcc/powerpc-eabi/6.2.0/crtbegin.o

.plt
 *(.plt)

.interp
 *(.interp)

.hash
 *(.hash)

.dynsym
 *(.dynsym)

.dynstr
 *(.dynstr)

.gnu.version
 *(.gnu.version)

.gnu.version_d
 *(.gnu.version_d)

.gnu.version_r
 *(.gnu.version_r)

.rel.init
 *(.rel.init)

.rela.init      0x0000000080004194        0x0
 *(.rela.init)
 .rela.init     0x0000000080004194        0x0 /opt/devkitpro/devkitPPC/lib/gcc/powerpc-eabi/6.2.0/crtbegin.o

.rel.text
 *(.rel.text .rel.text.* .rel.gnu.linkonce.t.*)

.rela.text      0x0000000080004194        0x0
 *(.rela.text .rela.text.* .rela.gnu.linkonce.t.*)
 .rela.text     0x0000000080004194        0x0 /opt/devkitpro/devkitPPC/lib/gcc/powerpc-eabi/6.2.0/crtbegin.o
 .rela.text.wiiuse_probe_motion_plus_check1
                0x0000000080004194        0x0 /opt/devkitpro/devkitPPC/lib/gcc/powerpc-eabi/6.2.0/crtbegin.o
 .rela.text.wiiuse_probe_motion_plus
                0x0000000080004194        0x0 /opt/devkitpro/devkitPPC/lib/gcc/powerpc-eabi/6.2.0/crtbegin.o
 .rela.text.wiiuse_handshake
                0x0000000080004194        0x0 /opt/devkitpro/devkitPPC/lib/gcc/powerpc-eabi/6.2.0/crtbegin.o
 .rela.text.wiiuse_handshake_expansion
                0x0000000080004194        0x0 /opt/devkitpro/devkitPPC/lib/gcc/powerpc-eabi/6.2.0/crtbegin.o
 .rela.text.wiiuse_init_cmd_queue
                0x0000000080004194        0x0 /opt/devkitpro/devkitPPC/lib/gcc/powerpc-eabi/6.2.0/crtbegin.o
 .rela.text.wiiuse_init
                0x0000000080004194        0x0 /opt/devkitpro/devkitPPC/lib/gcc/powerpc-eabi/6.2.0/crtbegin.o
 .rela.text.bt_alarmhandler
                0x0000000080004194        0x0 /opt/devkitpro/devkitPPC/lib/gcc/powerpc-eabi/6.2.0/crtbegin.o
 .rela.text.__console_init
                0x0000000080004194        0x0 /opt/devkitpro/devkitPPC/lib/gcc/powerpc-eabi/6.2.0/crtbegin.o
 .rela.text.__console_init_ex
                0x0000000080004194        0x0 /opt/devkitpro/devkitPPC/lib/gcc/powerpc-eabi/6.2.0/crtbegin.o
 .rela.text.CON_EnableGecko
                0x0000000080004194        0x0 /opt/devkitpro/devkitPPC/lib/gcc/powerpc-eabi/6.2.0/crtbegin.o
 .rela.text.__lwp_rotate_readyqueue
                0x0000000080004194        0x0 /opt/devkitpro/devkitPPC/lib/gcc/powerpc-eabi/6.2.0/crtbegin.o
 .rela.text.__lwp_thread_tickle_timeslice
                0x0000000080004194        0x0 /opt/devkitpro/devkitPPC/lib/gcc/powerpc-eabi/6.2.0/crtbegin.o
 .rela.text.__lwp_thread_setstate
                0x0000000080004194        0x0 /opt/devkitpro/devkitPPC/lib/gcc/powerpc-eabi/6.2.0/crtbegin.o
 .rela.text.__lwp_thread_setpriority
                0x0000000080004194        0x0 /opt/devkitpro/devkitPPC/lib/gcc/powerpc-eabi/6.2.0/crtbegin.o
 .rela.text.__lwp_thread_suspend
                0x0000000080004194        0x0 /opt/devkitpro/devkitPPC/lib/gcc/powerpc-eabi/6.2.0/crtbegin.o
 .rela.text.__lwp_thread_changepriority
                0x0000000080004194        0x0 /opt/devkitpro/devkitPPC/lib/gcc/powerpc-eabi/6.2.0/crtbegin.o
 .rela.text.__lwp_thread_ready
                0x0000000080004194        0x0 /opt/devkitpro/devkitPPC/lib/gcc/powerpc-eabi/6.2.0/crtbegin.o
 .rela.text.__lwp_thread_init
                0x0000000080004194        0x0 /opt/devkitpro/devkitPPC/lib/gcc/powerpc-eabi/6.2.0/crtbegin.o
 .rela.text.__lwp_thread_close
                0x0000000080004194        0x0 /opt/devkitpro/devkitPPC/lib/gcc/powerpc-eabi/6.2.0/crtbegin.o
 .rela.text.__lwp_thread_closeall
                0x0000000080004194        0x0 /opt/devkitpro/devkitPPC/lib/gcc/powerpc-eabi/6.2.0/crtbegin.o
 .rela.text.__lwp_thread_startmultitasking
                0x0000000080004194        0x0 /opt/devkitpro/devkitPPC/lib/gcc/powerpc-eabi/6.2.0/crtbegin.o
 .rela.text.__lwp_thread_stopmultitasking
                0x0000000080004194        0x0 /opt/devkitpro/devkitPPC/lib/gcc/powerpc-eabi/6.2.0/crtbegin.o
 .rela.text.__lwp_thread_coreinit
                0x0000000080004194        0x0 /opt/devkitpro/devkitPPC/lib/gcc/powerpc-eabi/6.2.0/crtbegin.o
 .rela.text.__lwp_sysinit
                0x0000000080004194        0x0 /opt/devkitpro/devkitPPC/lib/gcc/powerpc-eabi/6.2.0/crtbegin.o
 .rela.text.__lwp_thread_isalive
                0x0000000080004194        0x0 /opt/devkitpro/devkitPPC/lib/gcc/powerpc-eabi/6.2.0/crtbegin.o
 .rela.text.__lwp_thread_exists
                0x0000000080004194        0x0 /opt/devkitpro/devkitPPC/lib/gcc/powerpc-eabi/6.2.0/crtbegin.o
 .rela.text.__lwp_thread_context
                0x0000000080004194        0x0 /opt/devkitpro/devkitPPC/lib/gcc/powerpc-eabi/6.2.0/crtbegin.o
 .rela.text.LWP_CreateThread
                0x0000000080004194        0x0 /opt/devkitpro/devkitPPC/lib/gcc/powerpc-eabi/6.2.0/crtbegin.o
 .rela.text.LWP_SuspendThread
                0x0000000080004194        0x0 /opt/devkitpro/devkitPPC/lib/gcc/powerpc-eabi/6.2.0/crtbegin.o
 .rela.text.LWP_ResumeThread
                0x0000000080004194        0x0 /opt/devkitpro/devkitPPC/lib/gcc/powerpc-eabi/6.2.0/crtbegin.o
 .rela.text.LWP_SetThreadPriority
                0x0000000080004194        0x0 /opt/devkitpro/devkitPPC/lib/gcc/powerpc-eabi/6.2.0/crtbegin.o
 .rela.text.LWP_ThreadIsSuspended
                0x0000000080004194        0x0 /opt/devkitpro/devkitPPC/lib/gcc/powerpc-eabi/6.2.0/crtbegin.o
 .rela.text.LWP_JoinThread
                0x0000000080004194        0x0 /opt/devkitpro/devkitPPC/lib/gcc/powerpc-eabi/6.2.0/crtbegin.o
 .rela.text.LWP_InitQueue
                0x0000000080004194        0x0 /opt/devkitpro/devkitPPC/lib/gcc/powerpc-eabi/6.2.0/crtbegin.o
 .rela.text.LWP_CloseQueue
                0x0000000080004194        0x0 /opt/devkitpro/devkitPPC/lib/gcc/powerpc-eabi/6.2.0/crtbegin.o
 .rela.text.LWP_ThreadSleep
                0x0000000080004194        0x0 /opt/devkitpro/devkitPPC/lib/gcc/powerpc-eabi/6.2.0/crtbegin.o
 .rela.text.LWP_ThreadBroadcast
                0x0000000080004194        0x0 /opt/devkitpro/devkitPPC/lib/gcc/powerpc-eabi/6.2.0/crtbegin.o
 .rela.text.LWP_ThreadSignal
                0x0000000080004194        0x0 /opt/devkitpro/devkitPPC/lib/gcc/powerpc-eabi/6.2.0/crtbegin.o
 .rela.text.__lwp_stack_allocate
                0x0000000080004194        0x0 /opt/devkitpro/devkitPPC/lib/gcc/powerpc-eabi/6.2.0/crtbegin.o
 .rela.text.__lwp_stack_free
                0x0000000080004194        0x0 /opt/devkitpro/devkitPPC/lib/gcc/powerpc-eabi/6.2.0/crtbegin.o
 .rela.text.__lwp_watchdog_init
                0x0000000080004194        0x0 /opt/devkitpro/devkitPPC/lib/gcc/powerpc-eabi/6.2.0/crtbegin.o
 .rela.text.__lwp_wd_tickle
                0x0000000080004194        0x0 /opt/devkitpro/devkitPPC/lib/gcc/powerpc-eabi/6.2.0/crtbegin.o
 .rela.text.__lwp_wkspace_heapfree
                0x0000000080004194        0x0 /opt/devkitpro/devkitPPC/lib/gcc/powerpc-eabi/6.2.0/crtbegin.o
 .rela.text.__lwp_wkspace_heapused
                0x0000000080004194        0x0 /opt/devkitpro/devkitPPC/lib/gcc/powerpc-eabi/6.2.0/crtbegin.o
 .rela.text.__lwp_wkspace_init
                0x0000000080004194        0x0 /opt/devkitpro/devkitPPC/lib/gcc/powerpc-eabi/6.2.0/crtbegin.o
 .rela.text.__lwp_objmgr_initinfo
                0x0000000080004194        0x0 /opt/devkitpro/devkitPPC/lib/gcc/powerpc-eabi/6.2.0/crtbegin.o
 .rela.text.__irq_init
                0x0000000080004194        0x0 /opt/devkitpro/devkitPPC/lib/gcc/powerpc-eabi/6.2.0/crtbegin.o
 .rela.text.__call_resetfuncs
                0x0000000080004194        0x0 /opt/devkitpro/devkitPPC/lib/gcc/powerpc-eabi/6.2.0/crtbegin.o
 .rela.text.__unlocksram
                0x0000000080004194        0x0 /opt/devkitpro/devkitPPC/lib/gcc/powerpc-eabi/6.2.0/crtbegin.o
 .rela.text.__sram_writecallback
                0x0000000080004194        0x0 /opt/devkitpro/devkitPPC/lib/gcc/powerpc-eabi/6.2.0/crtbegin.o
 .rela.text.__sys_alarmhandler
                0x0000000080004194        0x0 /opt/devkitpro/devkitPPC/lib/gcc/powerpc-eabi/6.2.0/crtbegin.o
 .rela.text.__sram_read.constprop.10
                0x0000000080004194        0x0 /opt/devkitpro/devkitPPC/lib/gcc/powerpc-eabi/6.2.0/crtbegin.o
 .rela.text.__sram_init
                0x0000000080004194        0x0 /opt/devkitpro/devkitPPC/lib/gcc/powerpc-eabi/6.2.0/crtbegin.o
 .rela.text.__SYS_LockSram
                0x0000000080004194        0x0 /opt/devkitpro/devkitPPC/lib/gcc/powerpc-eabi/6.2.0/crtbegin.o
 .rela.text.__SYS_LockSramEx
                0x0000000080004194        0x0 /opt/devkitpro/devkitPPC/lib/gcc/powerpc-eabi/6.2.0/crtbegin.o
 .rela.text.__SYS_SyncSram
                0x0000000080004194        0x0 /opt/devkitpro/devkitPPC/lib/gcc/powerpc-eabi/6.2.0/crtbegin.o
 .rela.text.__SYS_SetBootTime
                0x0000000080004194        0x0 /opt/devkitpro/devkitPPC/lib/gcc/powerpc-eabi/6.2.0/crtbegin.o
 .rela.text.SYS_Init
                0x0000000080004194        0x0 /opt/devkitpro/devkitPPC/lib/gcc/powerpc-eabi/6.2.0/crtbegin.o
 .rela.text.SYS_SetAlarm
                0x0000000080004194        0x0 /opt/devkitpro/devkitPPC/lib/gcc/powerpc-eabi/6.2.0/crtbegin.o
 .rela.text.SYS_SetPeriodicAlarm
                0x0000000080004194        0x0 /opt/devkitpro/devkitPPC/lib/gcc/powerpc-eabi/6.2.0/crtbegin.o
 .rela.text.SYS_RemoveAlarm
                0x0000000080004194        0x0 /opt/devkitpro/devkitPPC/lib/gcc/powerpc-eabi/6.2.0/crtbegin.o
 .rela.text.SYS_CancelAlarm
                0x0000000080004194        0x0 /opt/devkitpro/devkitPPC/lib/gcc/powerpc-eabi/6.2.0/crtbegin.o
 .rela.text.SYS_SetWirelessID
                0x0000000080004194        0x0 /opt/devkitpro/devkitPPC/lib/gcc/powerpc-eabi/6.2.0/crtbegin.o
 .rela.text.SYS_GetWirelessID
                0x0000000080004194        0x0 /opt/devkitpro/devkitPPC/lib/gcc/powerpc-eabi/6.2.0/crtbegin.o
 .rela.text.__lwp_cond_waitsupp.constprop.4
                0x0000000080004194        0x0 /opt/devkitpro/devkitPPC/lib/gcc/powerpc-eabi/6.2.0/crtbegin.o
 .rela.text.__lwp_cond_signalsupp
                0x0000000080004194        0x0 /opt/devkitpro/devkitPPC/lib/gcc/powerpc-eabi/6.2.0/crtbegin.o
 .rela.text.__lwp_cond_init
                0x0000000080004194        0x0 /opt/devkitpro/devkitPPC/lib/gcc/powerpc-eabi/6.2.0/crtbegin.o
 .rela.text.LWP_CondInit
                0x0000000080004194        0x0 /opt/devkitpro/devkitPPC/lib/gcc/powerpc-eabi/6.2.0/crtbegin.o
 .rela.text.LWP_CondDestroy
                0x0000000080004194        0x0 /opt/devkitpro/devkitPPC/lib/gcc/powerpc-eabi/6.2.0/crtbegin.o
 .rela.text.c_decrementer_handler
                0x0000000080004194        0x0 /opt/devkitpro/devkitPPC/lib/gcc/powerpc-eabi/6.2.0/crtbegin.o
 .rela.text.__lwp_mqbox_init
                0x0000000080004194        0x0 /opt/devkitpro/devkitPPC/lib/gcc/powerpc-eabi/6.2.0/crtbegin.o
 .rela.text.MQ_Init
                0x0000000080004194        0x0 /opt/devkitpro/devkitPPC/lib/gcc/powerpc-eabi/6.2.0/crtbegin.o
 .rela.text.MQ_Close
                0x0000000080004194        0x0 /opt/devkitpro/devkitPPC/lib/gcc/powerpc-eabi/6.2.0/crtbegin.o
 .rela.text.MQ_Send
                0x0000000080004194        0x0 /opt/devkitpro/devkitPPC/lib/gcc/powerpc-eabi/6.2.0/crtbegin.o
 .rela.text.MQ_Receive
                0x0000000080004194        0x0 /opt/devkitpro/devkitPPC/lib/gcc/powerpc-eabi/6.2.0/crtbegin.o
 .rela.text.MQ_Jam
                0x0000000080004194        0x0 /opt/devkitpro/devkitPPC/lib/gcc/powerpc-eabi/6.2.0/crtbegin.o
 .rela.text.__ios_ioctlvformat_parse
                0x0000000080004194        0x0 /opt/devkitpro/devkitPPC/lib/gcc/powerpc-eabi/6.2.0/crtbegin.o
 .rela.text.__ioctlvfmtCB
                0x0000000080004194        0x0 /opt/devkitpro/devkitPPC/lib/gcc/powerpc-eabi/6.2.0/crtbegin.o
 .rela.text.IOS_IoctlvFormat
                0x0000000080004194        0x0 /opt/devkitpro/devkitPPC/lib/gcc/powerpc-eabi/6.2.0/crtbegin.o
 .rela.text.IOS_IoctlvFormatAsync
                0x0000000080004194        0x0 /opt/devkitpro/devkitPPC/lib/gcc/powerpc-eabi/6.2.0/crtbegin.o
 .rela.text.nanosleep
                0x0000000080004194        0x0 /opt/devkitpro/devkitPPC/lib/gcc/powerpc-eabi/6.2.0/crtbegin.o
 .rela.text.__libc_delete_hook
                0x0000000080004194        0x0 /opt/devkitpro/devkitPPC/lib/gcc/powerpc-eabi/6.2.0/crtbegin.o
 .rela.text.__libc_init
                0x0000000080004194        0x0 /opt/devkitpro/devkitPPC/lib/gcc/powerpc-eabi/6.2.0/crtbegin.o
 .rela.text.__libc_wrapup
                0x0000000080004194        0x0 /opt/devkitpro/devkitPPC/lib/gcc/powerpc-eabi/6.2.0/crtbegin.o
 .rela.text.__CheckARGV
                0x0000000080004194        0x0 /opt/devkitpro/devkitPPC/lib/gcc/powerpc-eabi/6.2.0/crtbegin.o
 .rela.text.__lwp_priority_init
                0x0000000080004194        0x0 /opt/devkitpro/devkitPPC/lib/gcc/powerpc-eabi/6.2.0/crtbegin.o
 .rela.text.__lwp_threadqueue_enqueuefifo
                0x0000000080004194        0x0 /opt/devkitpro/devkitPPC/lib/gcc/powerpc-eabi/6.2.0/crtbegin.o
 .rela.text.__lwp_threadqueue_dequeuefifo
                0x0000000080004194        0x0 /opt/devkitpro/devkitPPC/lib/gcc/powerpc-eabi/6.2.0/crtbegin.o
 .rela.text.__lwp_threadqueue_enqueuepriority
                0x0000000080004194        0x0 /opt/devkitpro/devkitPPC/lib/gcc/powerpc-eabi/6.2.0/crtbegin.o
 .rela.text.__lwp_threadqueue_dequeuepriority
                0x0000000080004194        0x0 /opt/devkitpro/devkitPPC/lib/gcc/powerpc-eabi/6.2.0/crtbegin.o
 .rela.text.__lwp_threadqueue_enqueue
                0x0000000080004194        0x0 /opt/devkitpro/devkitPPC/lib/gcc/powerpc-eabi/6.2.0/crtbegin.o
 .rela.text.__lwp_threadqueue_extractfifo
                0x0000000080004194        0x0 /opt/devkitpro/devkitPPC/lib/gcc/powerpc-eabi/6.2.0/crtbegin.o
 .rela.text.__lwp_threadqueue_extractpriority
                0x0000000080004194        0x0 /opt/devkitpro/devkitPPC/lib/gcc/powerpc-eabi/6.2.0/crtbegin.o
 .rela.text.__lwpmq_initialize
                0x0000000080004194        0x0 /opt/devkitpro/devkitPPC/lib/gcc/powerpc-eabi/6.2.0/crtbegin.o
 .rela.text.__lwpmq_close
                0x0000000080004194        0x0 /opt/devkitpro/devkitPPC/lib/gcc/powerpc-eabi/6.2.0/crtbegin.o
 .rela.text.__systemcall_init
                0x0000000080004194        0x0 /opt/devkitpro/devkitPPC/lib/gcc/powerpc-eabi/6.2.0/crtbegin.o
 .rela.text.__exception_init
                0x0000000080004194        0x0 /opt/devkitpro/devkitPPC/lib/gcc/powerpc-eabi/6.2.0/crtbegin.o
 .rela.text.__exception_close
                0x0000000080004194        0x0 /opt/devkitpro/devkitPPC/lib/gcc/powerpc-eabi/6.2.0/crtbegin.o
 .rela.text.__exception_sethandler
                0x0000000080004194        0x0 /opt/devkitpro/devkitPPC/lib/gcc/powerpc-eabi/6.2.0/crtbegin.o
 .rela.text.__lwp_sema_init
                0x0000000080004194        0x0 /opt/devkitpro/devkitPPC/lib/gcc/powerpc-eabi/6.2.0/crtbegin.o
 .rela.text.LWP_SemInit
                0x0000000080004194        0x0 /opt/devkitpro/devkitPPC/lib/gcc/powerpc-eabi/6.2.0/crtbegin.o
 .rela.text.LWP_SemWait
                0x0000000080004194        0x0 /opt/devkitpro/devkitPPC/lib/gcc/powerpc-eabi/6.2.0/crtbegin.o
 .rela.text.LWP_SemPost
                0x0000000080004194        0x0 /opt/devkitpro/devkitPPC/lib/gcc/powerpc-eabi/6.2.0/crtbegin.o
 .rela.text.LWP_SemDestroy
                0x0000000080004194        0x0 /opt/devkitpro/devkitPPC/lib/gcc/powerpc-eabi/6.2.0/crtbegin.o
 .rela.text.__lwp_mutex_locksupp.constprop.8
                0x0000000080004194        0x0 /opt/devkitpro/devkitPPC/lib/gcc/powerpc-eabi/6.2.0/crtbegin.o
 .rela.text.__lwp_mutex_init
                0x0000000080004194        0x0 /opt/devkitpro/devkitPPC/lib/gcc/powerpc-eabi/6.2.0/crtbegin.o
 .rela.text.LWP_MutexInit
                0x0000000080004194        0x0 /opt/devkitpro/devkitPPC/lib/gcc/powerpc-eabi/6.2.0/crtbegin.o
 .rela.text.LWP_MutexDestroy
                0x0000000080004194        0x0 /opt/devkitpro/devkitPPC/lib/gcc/powerpc-eabi/6.2.0/crtbegin.o
 .rela.text.LWP_MutexUnlock
                0x0000000080004194        0x0 /opt/devkitpro/devkitPPC/lib/gcc/powerpc-eabi/6.2.0/crtbegin.o
 .rela.text.__GX_InitRevBits
                0x0000000080004194        0x0 /opt/devkitpro/devkitPPC/lib/gcc/powerpc-eabi/6.2.0/crtbegin.o
 .rela.text.__GX_CleanGPFifo
                0x0000000080004194        0x0 /opt/devkitpro/devkitPPC/lib/gcc/powerpc-eabi/6.2.0/crtbegin.o
 .rela.text.__GXDefTexRegionCallback
                0x0000000080004194        0x0 /opt/devkitpro/devkitPPC/lib/gcc/powerpc-eabi/6.2.0/crtbegin.o
 .rela.text.__GXDefTlutRegionCallback
                0x0000000080004194        0x0 /opt/devkitpro/devkitPPC/lib/gcc/powerpc-eabi/6.2.0/crtbegin.o
 .rela.text.__SetSURegs
                0x0000000080004194        0x0 /opt/devkitpro/devkitPPC/lib/gcc/powerpc-eabi/6.2.0/crtbegin.o
 .rela.text.__GXCPInterruptHandler
                0x0000000080004194        0x0 /opt/devkitpro/devkitPPC/lib/gcc/powerpc-eabi/6.2.0/crtbegin.o
 .rela.text.__GX_Abort
                0x0000000080004194        0x0 /opt/devkitpro/devkitPPC/lib/gcc/powerpc-eabi/6.2.0/crtbegin.o
 .rela.text.GX_SetTexCoordGen2.part.7
                0x0000000080004194        0x0 /opt/devkitpro/devkitPPC/lib/gcc/powerpc-eabi/6.2.0/crtbegin.o
 .rela.text.__GX_SetDirtyState
                0x0000000080004194        0x0 /opt/devkitpro/devkitPPC/lib/gcc/powerpc-eabi/6.2.0/crtbegin.o
 .rela.text.GX_SetCPUFifo
                0x0000000080004194        0x0 /opt/devkitpro/devkitPPC/lib/gcc/powerpc-eabi/6.2.0/crtbegin.o
 .rela.text.GX_SetGPFifo
                0x0000000080004194        0x0 /opt/devkitpro/devkitPPC/lib/gcc/powerpc-eabi/6.2.0/crtbegin.o
 .rela.text.GX_RestoreWriteGatherPipe
                0x0000000080004194        0x0 /opt/devkitpro/devkitPPC/lib/gcc/powerpc-eabi/6.2.0/crtbegin.o
 .rela.text.GX_Flush
                0x0000000080004194        0x0 /opt/devkitpro/devkitPPC/lib/gcc/powerpc-eabi/6.2.0/crtbegin.o
 .rela.text.GX_RedirectWriteGatherPipe
                0x0000000080004194        0x0 /opt/devkitpro/devkitPPC/lib/gcc/powerpc-eabi/6.2.0/crtbegin.o
 .rela.text.__gx_onreset
                0x0000000080004194        0x0 /opt/devkitpro/devkitPPC/lib/gcc/powerpc-eabi/6.2.0/crtbegin.o
 .rela.text.GX_EnableBreakPt
                0x0000000080004194        0x0 /opt/devkitpro/devkitPPC/lib/gcc/powerpc-eabi/6.2.0/crtbegin.o
 .rela.text.GX_DisableBreakPt
                0x0000000080004194        0x0 /opt/devkitpro/devkitPPC/lib/gcc/powerpc-eabi/6.2.0/crtbegin.o
 .rela.text.GX_AbortFrame
                0x0000000080004194        0x0 /opt/devkitpro/devkitPPC/lib/gcc/powerpc-eabi/6.2.0/crtbegin.o
 .rela.text.GX_PixModeSync
                0x0000000080004194        0x0 /opt/devkitpro/devkitPPC/lib/gcc/powerpc-eabi/6.2.0/crtbegin.o
 .rela.text.GX_SetMisc
                0x0000000080004194        0x0 /opt/devkitpro/devkitPPC/lib/gcc/powerpc-eabi/6.2.0/crtbegin.o
 .rela.text.GX_SetCopyClamp
                0x0000000080004194        0x0 /opt/devkitpro/devkitPPC/lib/gcc/powerpc-eabi/6.2.0/crtbegin.o
 .rela.text.GX_SetDispCopyGamma
                0x0000000080004194        0x0 /opt/devkitpro/devkitPPC/lib/gcc/powerpc-eabi/6.2.0/crtbegin.o
 .rela.text.GX_SetDispCopyFrame2Field
                0x0000000080004194        0x0 /opt/devkitpro/devkitPPC/lib/gcc/powerpc-eabi/6.2.0/crtbegin.o
 .rela.text.GX_SetDispCopyYScale
                0x0000000080004194        0x0 /opt/devkitpro/devkitPPC/lib/gcc/powerpc-eabi/6.2.0/crtbegin.o
 .rela.text.GX_SetDispCopyDst
                0x0000000080004194        0x0 /opt/devkitpro/devkitPPC/lib/gcc/powerpc-eabi/6.2.0/crtbegin.o
 .rela.text.GX_SetDispCopySrc
                0x0000000080004194        0x0 /opt/devkitpro/devkitPPC/lib/gcc/powerpc-eabi/6.2.0/crtbegin.o
 .rela.text.GX_CopyDisp
                0x0000000080004194        0x0 /opt/devkitpro/devkitPPC/lib/gcc/powerpc-eabi/6.2.0/crtbegin.o
 .rela.text.GX_CopyTex
                0x0000000080004194        0x0 /opt/devkitpro/devkitPPC/lib/gcc/powerpc-eabi/6.2.0/crtbegin.o
 .rela.text.GX_SetTexCopySrc
                0x0000000080004194        0x0 /opt/devkitpro/devkitPPC/lib/gcc/powerpc-eabi/6.2.0/crtbegin.o
 .rela.text.GX_SetTexCopyDst
                0x0000000080004194        0x0 /opt/devkitpro/devkitPPC/lib/gcc/powerpc-eabi/6.2.0/crtbegin.o
 .rela.text.GX_BeginDispList
                0x0000000080004194        0x0 /opt/devkitpro/devkitPPC/lib/gcc/powerpc-eabi/6.2.0/crtbegin.o
 .rela.text.GX_EndDispList
                0x0000000080004194        0x0 /opt/devkitpro/devkitPPC/lib/gcc/powerpc-eabi/6.2.0/crtbegin.o
 .rela.text.GX_CallDispList
                0x0000000080004194        0x0 /opt/devkitpro/devkitPPC/lib/gcc/powerpc-eabi/6.2.0/crtbegin.o
 .rela.text.GX_SetChanCtrl
                0x0000000080004194        0x0 /opt/devkitpro/devkitPPC/lib/gcc/powerpc-eabi/6.2.0/crtbegin.o
 .rela.text.GX_SetChanAmbColor
                0x0000000080004194        0x0 /opt/devkitpro/devkitPPC/lib/gcc/powerpc-eabi/6.2.0/crtbegin.o
 .rela.text.GX_SetChanMatColor
                0x0000000080004194        0x0 /opt/devkitpro/devkitPPC/lib/gcc/powerpc-eabi/6.2.0/crtbegin.o
 .rela.text.GX_SetVtxDesc
                0x0000000080004194        0x0 /opt/devkitpro/devkitPPC/lib/gcc/powerpc-eabi/6.2.0/crtbegin.o
 .rela.text.GX_SetVtxDescv
                0x0000000080004194        0x0 /opt/devkitpro/devkitPPC/lib/gcc/powerpc-eabi/6.2.0/crtbegin.o
 .rela.text.GX_GetVtxDescv
                0x0000000080004194        0x0 /opt/devkitpro/devkitPPC/lib/gcc/powerpc-eabi/6.2.0/crtbegin.o
 .rela.text.GX_SetVtxAttrFmt
                0x0000000080004194        0x0 /opt/devkitpro/devkitPPC/lib/gcc/powerpc-eabi/6.2.0/crtbegin.o
 .rela.text.GX_SetVtxAttrFmtv
                0x0000000080004194        0x0 /opt/devkitpro/devkitPPC/lib/gcc/powerpc-eabi/6.2.0/crtbegin.o
 .rela.text.GX_Begin
                0x0000000080004194        0x0 /opt/devkitpro/devkitPPC/lib/gcc/powerpc-eabi/6.2.0/crtbegin.o
 .rela.text.GX_SetCurrentMtx
                0x0000000080004194        0x0 /opt/devkitpro/devkitPPC/lib/gcc/powerpc-eabi/6.2.0/crtbegin.o
 .rela.text.GX_SetNumTexGens
                0x0000000080004194        0x0 /opt/devkitpro/devkitPPC/lib/gcc/powerpc-eabi/6.2.0/crtbegin.o
 .rela.text.GX_SetZMode
                0x0000000080004194        0x0 /opt/devkitpro/devkitPPC/lib/gcc/powerpc-eabi/6.2.0/crtbegin.o
 .rela.text.GX_LoadTexObjPreloaded
                0x0000000080004194        0x0 /opt/devkitpro/devkitPPC/lib/gcc/powerpc-eabi/6.2.0/crtbegin.o
 .rela.text.GX_PreloadEntireTexture
                0x0000000080004194        0x0 /opt/devkitpro/devkitPPC/lib/gcc/powerpc-eabi/6.2.0/crtbegin.o
 .rela.text.GX_InvalidateTexAll
                0x0000000080004194        0x0 /opt/devkitpro/devkitPPC/lib/gcc/powerpc-eabi/6.2.0/crtbegin.o
 .rela.text.GX_InvalidateTexRegion
                0x0000000080004194        0x0 /opt/devkitpro/devkitPPC/lib/gcc/powerpc-eabi/6.2.0/crtbegin.o
 .rela.text.GX_LoadTlut
                0x0000000080004194        0x0 /opt/devkitpro/devkitPPC/lib/gcc/powerpc-eabi/6.2.0/crtbegin.o
 .rela.text.GX_SetTexCoordScaleManually
                0x0000000080004194        0x0 /opt/devkitpro/devkitPPC/lib/gcc/powerpc-eabi/6.2.0/crtbegin.o
 .rela.text.GX_SetTexCoordCylWrap
                0x0000000080004194        0x0 /opt/devkitpro/devkitPPC/lib/gcc/powerpc-eabi/6.2.0/crtbegin.o
 .rela.text.GX_SetTexCoordBias
                0x0000000080004194        0x0 /opt/devkitpro/devkitPPC/lib/gcc/powerpc-eabi/6.2.0/crtbegin.o
 .rela.text.GX_SetBlendMode
                0x0000000080004194        0x0 /opt/devkitpro/devkitPPC/lib/gcc/powerpc-eabi/6.2.0/crtbegin.o
 .rela.text.GX_ClearVtxDesc
                0x0000000080004194        0x0 /opt/devkitpro/devkitPPC/lib/gcc/powerpc-eabi/6.2.0/crtbegin.o
 .rela.text.GX_SetLineWidth
                0x0000000080004194        0x0 /opt/devkitpro/devkitPPC/lib/gcc/powerpc-eabi/6.2.0/crtbegin.o
 .rela.text.GX_SetPointSize
                0x0000000080004194        0x0 /opt/devkitpro/devkitPPC/lib/gcc/powerpc-eabi/6.2.0/crtbegin.o
 .rela.text.GX_SetTevColorIn
                0x0000000080004194        0x0 /opt/devkitpro/devkitPPC/lib/gcc/powerpc-eabi/6.2.0/crtbegin.o
 .rela.text.GX_SetTevAlphaIn
                0x0000000080004194        0x0 /opt/devkitpro/devkitPPC/lib/gcc/powerpc-eabi/6.2.0/crtbegin.o
 .rela.text.GX_SetTevColorOp
                0x0000000080004194        0x0 /opt/devkitpro/devkitPPC/lib/gcc/powerpc-eabi/6.2.0/crtbegin.o
 .rela.text.GX_SetTevAlphaOp
                0x0000000080004194        0x0 /opt/devkitpro/devkitPPC/lib/gcc/powerpc-eabi/6.2.0/crtbegin.o
 .rela.text.GX_SetTevOp
                0x0000000080004194        0x0 /opt/devkitpro/devkitPPC/lib/gcc/powerpc-eabi/6.2.0/crtbegin.o
 .rela.text.GX_SetCullMode
                0x0000000080004194        0x0 /opt/devkitpro/devkitPPC/lib/gcc/powerpc-eabi/6.2.0/crtbegin.o
 .rela.text.GX_SetCoPlanar
                0x0000000080004194        0x0 /opt/devkitpro/devkitPPC/lib/gcc/powerpc-eabi/6.2.0/crtbegin.o
 .rela.text.GX_EnableTexOffsets
                0x0000000080004194        0x0 /opt/devkitpro/devkitPPC/lib/gcc/powerpc-eabi/6.2.0/crtbegin.o
 .rela.text.GX_SetScissor
                0x0000000080004194        0x0 /opt/devkitpro/devkitPPC/lib/gcc/powerpc-eabi/6.2.0/crtbegin.o
 .rela.text.GX_SetNumChans
                0x0000000080004194        0x0 /opt/devkitpro/devkitPPC/lib/gcc/powerpc-eabi/6.2.0/crtbegin.o
 .rela.text.GX_SetTevOrder
                0x0000000080004194        0x0 /opt/devkitpro/devkitPPC/lib/gcc/powerpc-eabi/6.2.0/crtbegin.o
 .rela.text.GX_SetNumTevStages
                0x0000000080004194        0x0 /opt/devkitpro/devkitPPC/lib/gcc/powerpc-eabi/6.2.0/crtbegin.o
 .rela.text.GX_SetTevKColorSel
                0x0000000080004194        0x0 /opt/devkitpro/devkitPPC/lib/gcc/powerpc-eabi/6.2.0/crtbegin.o
 .rela.text.GX_SetTevKAlphaSel
                0x0000000080004194        0x0 /opt/devkitpro/devkitPPC/lib/gcc/powerpc-eabi/6.2.0/crtbegin.o
 .rela.text.GX_SetTevSwapMode
                0x0000000080004194        0x0 /opt/devkitpro/devkitPPC/lib/gcc/powerpc-eabi/6.2.0/crtbegin.o
 .rela.text.GX_SetTevSwapModeTable
                0x0000000080004194        0x0 /opt/devkitpro/devkitPPC/lib/gcc/powerpc-eabi/6.2.0/crtbegin.o
 .rela.text.GX_SetNumIndStages
                0x0000000080004194        0x0 /opt/devkitpro/devkitPPC/lib/gcc/powerpc-eabi/6.2.0/crtbegin.o
 .rela.text.GX_SetIndTexCoordScale
                0x0000000080004194        0x0 /opt/devkitpro/devkitPPC/lib/gcc/powerpc-eabi/6.2.0/crtbegin.o
 .rela.text.GX_SetColorUpdate
                0x0000000080004194        0x0 /opt/devkitpro/devkitPPC/lib/gcc/powerpc-eabi/6.2.0/crtbegin.o
 .rela.text.GX_SetAlphaUpdate
                0x0000000080004194        0x0 /opt/devkitpro/devkitPPC/lib/gcc/powerpc-eabi/6.2.0/crtbegin.o
 .rela.text.GX_SetZCompLoc
                0x0000000080004194        0x0 /opt/devkitpro/devkitPPC/lib/gcc/powerpc-eabi/6.2.0/crtbegin.o
 .rela.text.GX_SetPixelFmt
                0x0000000080004194        0x0 /opt/devkitpro/devkitPPC/lib/gcc/powerpc-eabi/6.2.0/crtbegin.o
 .rela.text.GX_SetDither
                0x0000000080004194        0x0 /opt/devkitpro/devkitPPC/lib/gcc/powerpc-eabi/6.2.0/crtbegin.o
 .rela.text.GX_SetDstAlpha
                0x0000000080004194        0x0 /opt/devkitpro/devkitPPC/lib/gcc/powerpc-eabi/6.2.0/crtbegin.o
 .rela.text.GX_SetFieldMode
                0x0000000080004194        0x0 /opt/devkitpro/devkitPPC/lib/gcc/powerpc-eabi/6.2.0/crtbegin.o
 .rela.text.GX_SetIndTexOrder
                0x0000000080004194        0x0 /opt/devkitpro/devkitPPC/lib/gcc/powerpc-eabi/6.2.0/crtbegin.o
 .rela.text.GX_SetGPMetric
                0x0000000080004194        0x0 /opt/devkitpro/devkitPPC/lib/gcc/powerpc-eabi/6.2.0/crtbegin.o
 .rela.text.GX_Init
                0x0000000080004194        0x0 /opt/devkitpro/devkitPPC/lib/gcc/powerpc-eabi/6.2.0/crtbegin.o
 .rela.text.GX_ReadGPMetric
                0x0000000080004194        0x0 /opt/devkitpro/devkitPPC/lib/gcc/powerpc-eabi/6.2.0/crtbegin.o
 .rela.text.kprintf
                0x0000000080004194        0x0 /opt/devkitpro/devkitPPC/lib/gcc/powerpc-eabi/6.2.0/crtbegin.o
 .rela.text.atangent
                0x0000000080004194        0x0 /opt/devkitpro/devkitPPC/lib/gcc/powerpc-eabi/6.2.0/crtbegin.o
 .rela.text.atangentf
                0x0000000080004194        0x0 /opt/devkitpro/devkitPPC/lib/gcc/powerpc-eabi/6.2.0/crtbegin.o
 .rela.text.sinef
                0x0000000080004194        0x0 /opt/devkitpro/devkitPPC/lib/gcc/powerpc-eabi/6.2.0/crtbegin.o
 .rela.text.sqrtf
                0x0000000080004194        0x0 /opt/devkitpro/devkitPPC/lib/gcc/powerpc-eabi/6.2.0/crtbegin.o
 .rela.text.calloc
                0x0000000080004194        0x0 /opt/devkitpro/devkitPPC/lib/gcc/powerpc-eabi/6.2.0/crtbegin.o
 .rela.text.__errno
                0x0000000080004194        0x0 /opt/devkitpro/devkitPPC/lib/gcc/powerpc-eabi/6.2.0/crtbegin.o
 .rela.text.exit
                0x0000000080004194        0x0 /opt/devkitpro/devkitPPC/lib/gcc/powerpc-eabi/6.2.0/crtbegin.o
 .rela.text.fprintf
                0x0000000080004194        0x0 /opt/devkitpro/devkitPPC/lib/gcc/powerpc-eabi/6.2.0/crtbegin.o
 .rela.text._malloc_trim_r
                0x0000000080004194        0x0 /opt/devkitpro/devkitPPC/lib/gcc/powerpc-eabi/6.2.0/crtbegin.o
 .rela.text._free_r
                0x0000000080004194        0x0 /opt/devkitpro/devkitPPC/lib/gcc/powerpc-eabi/6.2.0/crtbegin.o
 .rela.text.fwrite
                0x0000000080004194        0x0 /opt/devkitpro/devkitPPC/lib/gcc/powerpc-eabi/6.2.0/crtbegin.o
 .rela.text.setvbuf
                0x0000000080004194        0x0 /opt/devkitpro/devkitPPC/lib/gcc/powerpc-eabi/6.2.0/crtbegin.o
 .rela.text._svfprintf_r
                0x0000000080004194        0x0 /opt/devkitpro/devkitPPC/lib/gcc/powerpc-eabi/6.2.0/crtbegin.o
 .rela.text._vfprintf_r
                0x0000000080004194        0x0 /opt/devkitpro/devkitPPC/lib/gcc/powerpc-eabi/6.2.0/crtbegin.o
 .rela.text._wcrtomb_r
                0x0000000080004194        0x0 /opt/devkitpro/devkitPPC/lib/gcc/powerpc-eabi/6.2.0/crtbegin.o
 .rela.text.wcrtomb
                0x0000000080004194        0x0 /opt/devkitpro/devkitPPC/lib/gcc/powerpc-eabi/6.2.0/crtbegin.o
 .rela.text.__call_exitprocs
                0x0000000080004194        0x0 /opt/devkitpro/devkitPPC/lib/gcc/powerpc-eabi/6.2.0/crtbegin.o
 .rela.text._dtoa_r
                0x0000000080004194        0x0 /opt/devkitpro/devkitPPC/lib/gcc/powerpc-eabi/6.2.0/crtbegin.o
 .rela.text._cleanup_r
                0x0000000080004194        0x0 /opt/devkitpro/devkitPPC/lib/gcc/powerpc-eabi/6.2.0/crtbegin.o
 .rela.text.std.isra.0
                0x0000000080004194        0x0 /opt/devkitpro/devkitPPC/lib/gcc/powerpc-eabi/6.2.0/crtbegin.o
 .rela.text._cleanup
                0x0000000080004194        0x0 /opt/devkitpro/devkitPPC/lib/gcc/powerpc-eabi/6.2.0/crtbegin.o
 .rela.text.loadlocale
                0x0000000080004194        0x0 /opt/devkitpro/devkitPPC/lib/gcc/powerpc-eabi/6.2.0/crtbegin.o
 .rela.text.__smakebuf_r
                0x0000000080004194        0x0 /opt/devkitpro/devkitPPC/lib/gcc/powerpc-eabi/6.2.0/crtbegin.o
 .rela.text._findenv_r
                0x0000000080004194        0x0 /opt/devkitpro/devkitPPC/lib/gcc/powerpc-eabi/6.2.0/crtbegin.o

.rel.fini
 *(.rel.fini)

.rela.fini
 *(.rela.fini)

.rel.rodata
 *(.rel.rodata .rel.rodata.* .rel.gnu.linkonce.r.*)

.rela.rodata
 *(.rela.rodata .rela.rodata.* .rela.gnu.linkonce.r.*)

.rel.data
 *(.rel.data .rel.data.* .rel.gnu.linkonce.d.*)

.rela.data
 *(.rela.data .rela.data.* .rela.gnu.linkonce.d.*)

.rel.tdata
 *(.rel.tdata .rel.tdata.* .rel.gnu.linkonce.td.*)

.rela.tdata
 *(.rela.tdata .rela.tdata.* .rela.gnu.linkonce.td.*)

.rel.tbss
 *(.rel.tbss .rel.tbss.* .rel.gnu.linkonce.tb.*)

.rela.tbss
 *(.rela.tbss .rela.tbss.* .rela.gnu.linkonce.tb.*)

.rel.ctors
 *(.rel.ctors)

.rela.ctors
 *(.rela.ctors)

.rel.dtors
 *(.rel.dtors)

.rela.dtors
 *(.rela.dtors)

.rel.got
 *(.rel.got)

.rela.got
 *(.rela.got)

.rela.got1
 *(.rela.got1)

.rela.got2      0x0000000080004194        0x0
 *(.rela.got2)
 .rela.got2     0x0000000080004194        0x0 /opt/devkitpro/devkitPPC/lib/gcc/powerpc-eabi/6.2.0/crtbegin.o

.rel.sdata
 *(.rel.sdata .rel.sdata.* .rel.gnu.linkonce.s.*)

.rela.sdata
 *(.rela.sdata .rela.sdata.* .rela.gnu.linkonce.s.*)

.rel.sbss
 *(.rel.sbss .rel.sbss.* .rel.gnu.linkonce.sb.*)

.rela.sbss
 *(.rela.sbss .rela.sbss.* .rel.gnu.linkonce.sb.*)

.rel.sdata2
 *(.rel.sdata2 .rel.sdata2.* .rel.gnu.linkonce.s2.*)

.rela.sdata2    0x0000000080004194        0x0
 *(.rela.sdata2 .rela.sdata2.* .rela.gnu.linkonce.s2.*)
 .rela.sdata2.__sys_inIPL
                0x0000000080004194        0x0 /opt/devkitpro/devkitPPC/lib/gcc/powerpc-eabi/6.2.0/crtbegin.o

.rel.sbss2
 *(.rel.sbss2 .rel.sbss2.* .rel.gnu.linkonce.sb2.*)

.rela.sbss2
 *(.rela.sbss2 .rela.sbss2.* .rela.gnu.linkonce.sb2.*)

.rel.bss
 *(.rel.bss .rel.bss.* .rel.gnu.linkonce.b.*)

.rela.bss
 *(.rela.bss .rela.bss.* .rela.gnu.linkonce.b.*)

.rel.plt
 *(.rel.plt)

.rela.plt
 *(.rela.plt)

.text           0x00000000800041a0    0x34100
 *(.text)
 .text          0x00000000800041a0      0x1f4 /opt/devkitpro/devkitPPC/lib/gcc/powerpc-eabi/6.2.0/crtbegin.o
 .text          0x0000000080004394       0x44 /opt/devkitpro/devkitPPC/lib/gcc/powerpc-eabi/6.2.0/../../../../powerpc-eabi/lib/crtmain.o
                0x0000000080004398                __crtmain
 *fill*         0x00000000800043d8        0x8 00000000
 .text          0x00000000800043e0      0x44c /opt/devkitpro/libogc/lib/wii/libogc.a(lwp_handler.o)
                0x00000000800043e0                _cpu_context_save_fp
                0x0000000080004520                _cpu_context_restore_fp
                0x0000000080004660                _cpu_context_switch
                0x0000000080004740                _cpu_context_save
                0x00000000800047c0                _cpu_context_restore
 .text          0x000000008000482c      0x4a0 /opt/devkitpro/libogc/lib/wii/libogc.a(system_asm.o)
                0x000000008000482c                __realmode
                0x0000000080004844                __configBATS
                0x0000000080004974                __InitFPRS
                0x0000000080004aa0                __InitPS
                0x0000000080004afc                __InitCache
                0x0000000080004b54                __InitSystem
                0x0000000080004bdc                __flush_cache
                0x0000000080004c10                __reset
                0x0000000080004c80                __InitBATS
                0x0000000080004c9c                SYS_SwitchFiber
 .text          0x0000000080004ccc      0x1ac /opt/devkitpro/libogc/lib/wii/libogc.a(irq_handler.o)
                0x0000000080004ccc                irq_exceptionhandler
 .text          0x0000000080004e78      0x4f4 /opt/devkitpro/libogc/lib/wii/libogc.a(cache_asm.o)
                0x0000000080004e78                DCFlashInvalidate
                0x0000000080004e8c                DCEnable
                0x0000000080004ea0                DCDisable
                0x0000000080004eb4                DCFreeze
                0x0000000080004ec8                DCUnfreeze
                0x0000000080004edc                DCTouchLoad
                0x0000000080004ee4                DCBlockZero
                0x0000000080004eec                DCBlockStore
                0x0000000080004ef4                DCBlockFlush
                0x0000000080004efc                DCBlockInvalidate
                0x0000000080004f04                DCInvalidateRange
                0x0000000080004f34                DCFlushRange
                0x0000000080004f68                DCStoreRange
                0x0000000080004f9c                DCFlushRangeNoSync
                0x0000000080004fcc                DCStoreRangeNoSync
                0x0000000080004ffc                DCZeroRange
                0x000000008000502c                DCTouchRange
                0x000000008000505c                ICInvalidateRange
                0x0000000080005094                ICFlashInvalidate
                0x00000000800050a8                ICEnable
                0x00000000800050bc                ICDisable
                0x00000000800050d0                ICFreeze
                0x00000000800050e4                ICUnfreeze
                0x00000000800050f8                ICBlockInvalidate
                0x0000000080005100                ICSync
                0x0000000080005108                L2Init
                0x0000000080005150                L2Enable
                0x000000008000516c                L2Disable
                0x0000000080005184                L2GlobalInvalidate
                0x00000000800051dc                __LCEnable
                0x00000000800052a8                LCDisable
                0x00000000800052d0                LCAllocOneTag
                0x00000000800052e4                LCAllocTags
                0x0000000080005324                LCLoadBlocks
                0x0000000080005348                LCStoreBlocks
 .text          0x000000008000536c      0x1ac /opt/devkitpro/libogc/lib/wii/libogc.a(decrementer_handler.o)
                0x000000008000536c                dec_exceptionhandler
 .text          0x0000000080005518      0x35c /opt/devkitpro/libogc/lib/wii/libogc.a(exception_handler.o)
                0x0000000080005518                exceptionhandler_start
                0x0000000080005594                exceptionhandler_patch
                0x00000000800055c8                exceptionhandler_end
                0x00000000800055cc                default_exceptionhandler
                0x00000000800056fc                fpu_exceptionhandler
                0x0000000080005844                systemcallhandler_start
                0x0000000080005870                systemcallhandler_end
 .text          0x0000000080005874      0x3e4 /opt/devkitpro/devkitPPC/lib/gcc/powerpc-eabi/6.2.0/libgcc.a(_udivdi3.o)
                0x0000000080005874                __udivdi3
 .text          0x0000000080005c58      0x3c4 /opt/devkitpro/devkitPPC/lib/gcc/powerpc-eabi/6.2.0/libgcc.a(_umoddi3.o)
                0x0000000080005c58                __umoddi3
 .text          0x000000008000601c       0x48 /opt/devkitpro/devkitPPC/lib/gcc/powerpc-eabi/6.2.0/libgcc.a(eabi.o)
                0x000000008000601c                __eabi
 .text          0x0000000080006064       0x28 /opt/devkitpro/devkitPPC/lib/gcc/powerpc-eabi/6.2.0/../../../../powerpc-eabi/lib/libsysbase.a(abort.o)
                0x0000000080006064                abort
 .text          0x000000008000608c      0x2e0 /opt/devkitpro/devkitPPC/lib/gcc/powerpc-eabi/6.2.0/../../../../powerpc-eabi/lib/libsysbase.a(iosupport.o)
                0x000000008000608c                setDefaultDevice
                0x00000000800060a4                FindDevice
                0x00000000800061b8                RemoveDevice
                0x0000000080006200                AddDevice
                0x000000008000631c                GetDeviceOpTab
 .text          0x000000008000636c       0x2c /opt/devkitpro/devkitPPC/lib/gcc/powerpc-eabi/6.2.0/../../../../powerpc-eabi/lib/libsysbase.a(_exit.o)
                0x000000008000636c                _exit
 .text          0x0000000080006398       0x88 /opt/devkitpro/devkitPPC/lib/gcc/powerpc-eabi/6.2.0/../../../../powerpc-eabi/lib/libsysbase.a(build_argv.o)
                0x0000000080006398                build_argv
 .text          0x0000000080006420       0xb0 /opt/devkitpro/devkitPPC/lib/gcc/powerpc-eabi/6.2.0/../../../../powerpc-eabi/lib/libsysbase.a(syscall_support.o)
                0x0000000080006420                __libc_lock_init
                0x0000000080006440                __libc_lock_close
                0x0000000080006460                __libc_lock_release
                0x0000000080006480                __libc_lock_acquire
                0x00000000800064a0                __malloc_lock
                0x00000000800064b8                __malloc_unlock
 .text          0x00000000800064d0       0xa0 /opt/devkitpro/devkitPPC/lib/gcc/powerpc-eabi/6.2.0/../../../../powerpc-eabi/lib/libsysbase.a(close.o)
                0x00000000800064d0                _close_r
 .text          0x0000000080006570       0xb0 /opt/devkitpro/devkitPPC/lib/gcc/powerpc-eabi/6.2.0/../../../../powerpc-eabi/lib/libsysbase.a(fstat.o)
                0x0000000080006570                _fstat_r
 .text          0x0000000080006620        0x8 /opt/devkitpro/devkitPPC/lib/gcc/powerpc-eabi/6.2.0/../../../../powerpc-eabi/lib/libsysbase.a(isatty.o)
                0x0000000080006620                _isatty_r
 .text          0x0000000080006628       0xc0 /opt/devkitpro/devkitPPC/lib/gcc/powerpc-eabi/6.2.0/../../../../powerpc-eabi/lib/libsysbase.a(lseek.o)
                0x0000000080006628                _lseek_r
 .text          0x00000000800066e8       0xb0 /opt/devkitpro/devkitPPC/lib/gcc/powerpc-eabi/6.2.0/../../../../powerpc-eabi/lib/libsysbase.a(read.o)
                0x00000000800066e8                _read_r
 .text          0x0000000080006798       0x28 /opt/devkitpro/devkitPPC/lib/gcc/powerpc-eabi/6.2.0/../../../../powerpc-eabi/lib/libsysbase.a(sbrk.o)
                0x0000000080006798                _sbrk_r
 .text          0x00000000800067c0       0xd4 /opt/devkitpro/devkitPPC/lib/gcc/powerpc-eabi/6.2.0/../../../../powerpc-eabi/lib/libsysbase.a(write.o)
                0x00000000800067c0                _write_r
 .text          0x0000000080006894       0x4c /opt/devkitpro/devkitPPC/lib/gcc/powerpc-eabi/6.2.0/../../../../powerpc-eabi/lib/libsysbase.a(flock.o)
                0x0000000080006894                __flockfile
                0x00000000800068d8                __funlockfile
 .text          0x00000000800068e0      0x174 /opt/devkitpro/devkitPPC/lib/gcc/powerpc-eabi/6.2.0/../../../../powerpc-eabi/lib/libsysbase.a(handle_manager.o)
                0x00000000800068e0                __release_handle
                0x000000008000693c                __alloc_handle
                0x0000000080006a2c                __get_handle
 .text          0x0000000080006a54       0x68 /opt/devkitpro/devkitPPC/lib/gcc/powerpc-eabi/6.2.0/crtend.o
 *(.text.*)
 .text.startup.main
                0x0000000080006abc       0xdc template.o
                0x0000000080006abc                main
 .text.__wpad_assign_slot
                0x0000000080006b98      0x20c /opt/devkitpro/libogc/lib/wii/libwiiuse.a(wpad.o)
                0x0000000080006b98                __wpad_assign_slot
 .text.__wpad_def_powcb
                0x0000000080006da4        0x4 /opt/devkitpro/libogc/lib/wii/libwiiuse.a(wpad.o)
 .text.__wpad_disconnect
                0x0000000080006da8       0x4c /opt/devkitpro/libogc/lib/wii/libwiiuse.a(wpad.o)
 .text.__readlinkkey_finished
                0x0000000080006df4       0x34 /opt/devkitpro/libogc/lib/wii/libwiiuse.a(wpad.o)
 .text.__wpad_patch_finished
                0x0000000080006e28       0x2c /opt/devkitpro/libogc/lib/wii/libwiiuse.a(wpad.o)
 .text.__wpad_setfmt
                0x0000000080006e54      0x124 /opt/devkitpro/libogc/lib/wii/libwiiuse.a(wpad.o)
 .text.__wpad_eventCB
                0x0000000080006f78      0xa48 /opt/devkitpro/libogc/lib/wii/libwiiuse.a(wpad.o)
 .text.__wpad_disconnectCB
                0x00000000800079c0       0xd4 /opt/devkitpro/libogc/lib/wii/libwiiuse.a(wpad.o)
                0x00000000800079c0                __wpad_disconnectCB
 .text.__wpad_timeouthandler
                0x0000000080007a94       0xb0 /opt/devkitpro/libogc/lib/wii/libwiiuse.a(wpad.o)
 .text.__initcore_finished
                0x0000000080007b44       0x48 /opt/devkitpro/libogc/lib/wii/libwiiuse.a(wpad.o)
 .text.__wpad_init_finished
                0x0000000080007b8c      0x1d0 /opt/devkitpro/libogc/lib/wii/libwiiuse.a(wpad.o)
 .text.WPAD_ReadEvent
                0x0000000080007d5c      0x64c /opt/devkitpro/libogc/lib/wii/libwiiuse.a(wpad.o)
                0x0000000080007d5c                WPAD_ReadEvent
 .text.WPAD_ReadPending
                0x00000000800083a8      0x188 /opt/devkitpro/libogc/lib/wii/libwiiuse.a(wpad.o)
                0x00000000800083a8                WPAD_ReadPending
 .text.WPAD_ReadPending.part.5
                0x0000000080008530       0x68 /opt/devkitpro/libogc/lib/wii/libwiiuse.a(wpad.o)
 .text.WPAD_Shutdown
                0x0000000080008598       0xcc /opt/devkitpro/libogc/lib/wii/libwiiuse.a(wpad.o)
                0x0000000080008598                WPAD_Shutdown
 .text.WPAD_Init
                0x0000000080008664      0x294 /opt/devkitpro/libogc/lib/wii/libwiiuse.a(wpad.o)
                0x0000000080008664                WPAD_Init
 .text.__wpad_onreset
                0x00000000800088f8       0x34 /opt/devkitpro/libogc/lib/wii/libwiiuse.a(wpad.o)
 .text.WPAD_ScanPads
                0x000000008000892c        0x8 /opt/devkitpro/libogc/lib/wii/libwiiuse.a(wpad.o)
                0x000000008000892c                WPAD_ScanPads
 .text.WPAD_ButtonsDown
                0x0000000080008934       0x28 /opt/devkitpro/libogc/lib/wii/libwiiuse.a(wpad.o)
                0x0000000080008934                WPAD_ButtonsDown
 .text.motion_plus_disconnected
                0x000000008000895c       0x10 /opt/devkitpro/libogc/lib/wii/libwiiuse.a(motion_plus.o)
                0x000000008000895c                motion_plus_disconnected
 .text.motion_plus_event
                0x000000008000896c       0x64 /opt/devkitpro/libogc/lib/wii/libwiiuse.a(motion_plus.o)
                0x000000008000896c                motion_plus_event
 .text.calculate_gforce
                0x00000000800089d0      0x114 /opt/devkitpro/libogc/lib/wii/libwiiuse.a(dynamics.o)
                0x00000000800089d0                calculate_gforce
 .text.calc_joystick_state
                0x0000000080008ae4      0x20c /opt/devkitpro/libogc/lib/wii/libwiiuse.a(dynamics.o)
                0x0000000080008ae4                calc_joystick_state
 .text.apply_smoothing
                0x0000000080008cf0      0x188 /opt/devkitpro/libogc/lib/wii/libwiiuse.a(dynamics.o)
                0x0000000080008cf0                apply_smoothing
 .text.calculate_orientation
                0x0000000080008e78      0x2e0 /opt/devkitpro/libogc/lib/wii/libwiiuse.a(dynamics.o)
                0x0000000080008e78                calculate_orientation
 .text.calc_balanceboard_state
                0x0000000080009158      0x3a4 /opt/devkitpro/libogc/lib/wii/libwiiuse.a(dynamics.o)
                0x0000000080009158                calc_balanceboard_state
 .text.wiiuse_handshake
                0x00000000800094fc      0x1fc /opt/devkitpro/libogc/lib/wii/libwiiuse.a(io.o)
                0x00000000800094fc                wiiuse_handshake
 .text.wiiuse_handshake_expansion
                0x00000000800096f8      0x228 /opt/devkitpro/libogc/lib/wii/libwiiuse.a(io.o)
                0x00000000800096f8                wiiuse_handshake_expansion
 .text.wiiuse_handshake_expansion_start
                0x0000000080009920       0x24 /opt/devkitpro/libogc/lib/wii/libwiiuse.a(io.o)
                0x0000000080009920                wiiuse_handshake_expansion_start
 .text.wiiuse_disable_expansion
                0x0000000080009944      0x1b0 /opt/devkitpro/libogc/lib/wii/libwiiuse.a(io.o)
                0x0000000080009944                wiiuse_disable_expansion
 .text.__wiiuse_connected
                0x0000000080009af4       0x9c /opt/devkitpro/libogc/lib/wii/libwiiuse.a(io_wii.o)
 .text.__wiiuse_disconnected
                0x0000000080009b90       0xb4 /opt/devkitpro/libogc/lib/wii/libwiiuse.a(io_wii.o)
 .text.__wiiuse_receive
                0x0000000080009c44       0xbc /opt/devkitpro/libogc/lib/wii/libwiiuse.a(io_wii.o)
 .text.__wiiuse_sensorbar_enable
                0x0000000080009d00       0x54 /opt/devkitpro/libogc/lib/wii/libwiiuse.a(io_wii.o)
                0x0000000080009d00                __wiiuse_sensorbar_enable
 .text.wiiuse_register
                0x0000000080009d54       0xe4 /opt/devkitpro/libogc/lib/wii/libwiiuse.a(io_wii.o)
                0x0000000080009d54                wiiuse_register
 .text.wiiuse_disconnect
                0x0000000080009e38       0x24 /opt/devkitpro/libogc/lib/wii/libwiiuse.a(io_wii.o)
                0x0000000080009e38                wiiuse_disconnect
 .text.wiiuse_init_cmd_queue
                0x0000000080009e5c       0xa4 /opt/devkitpro/libogc/lib/wii/libwiiuse.a(io_wii.o)
                0x0000000080009e5c                wiiuse_init_cmd_queue
 .text.wiiuse_io_write
                0x0000000080009f00       0x1c /opt/devkitpro/libogc/lib/wii/libwiiuse.a(io_wii.o)
                0x0000000080009f00                wiiuse_io_write
 .text.get_ir_sens.isra.0
                0x0000000080009f1c       0xe4 /opt/devkitpro/libogc/lib/wii/libwiiuse.a(ir.o)
 .text.rotate_dots
                0x000000008000a000      0x11c /opt/devkitpro/libogc/lib/wii/libwiiuse.a(ir.o)
 .text.wiiuse_set_ir_mode
                0x000000008000a11c       0x88 /opt/devkitpro/libogc/lib/wii/libwiiuse.a(ir.o)
                0x000000008000a11c                wiiuse_set_ir_mode
 .text.wiiuse_set_ir
                0x000000008000a1a4      0x228 /opt/devkitpro/libogc/lib/wii/libwiiuse.a(ir.o)
                0x000000008000a1a4                wiiuse_set_ir
 .text.wiiuse_set_ir_position
                0x000000008000a3cc       0x84 /opt/devkitpro/libogc/lib/wii/libwiiuse.a(ir.o)
                0x000000008000a3cc                wiiuse_set_ir_position
 .text.wiiuse_set_aspect_ratio
                0x000000008000a450       0x44 /opt/devkitpro/libogc/lib/wii/libwiiuse.a(ir.o)
                0x000000008000a450                wiiuse_set_aspect_ratio
 .text.wiiuse_set_ir_sensitivity
                0x000000008000a494      0x138 /opt/devkitpro/libogc/lib/wii/libwiiuse.a(ir.o)
                0x000000008000a494                wiiuse_set_ir_sensitivity
 .text.calculate_basic_ir
                0x000000008000a5cc       0xec /opt/devkitpro/libogc/lib/wii/libwiiuse.a(ir.o)
                0x000000008000a5cc                calculate_basic_ir
 .text.calculate_extended_ir
                0x000000008000a6b8       0x70 /opt/devkitpro/libogc/lib/wii/libwiiuse.a(ir.o)
                0x000000008000a6b8                calculate_extended_ir
 .text.find_sensorbar
                0x000000008000a728      0x940 /opt/devkitpro/libogc/lib/wii/libwiiuse.a(ir.o)
                0x000000008000a728                find_sensorbar
 .text.apply_ir_smoothing
                0x000000008000b068      0x100 /opt/devkitpro/libogc/lib/wii/libwiiuse.a(ir.o)
                0x000000008000b068                apply_ir_smoothing
 .text.interpret_ir_data
                0x000000008000b168      0x3cc /opt/devkitpro/libogc/lib/wii/libwiiuse.a(ir.o)
                0x000000008000b168                interpret_ir_data
 .text.nunchuk_handshake
                0x000000008000b534      0x2d8 /opt/devkitpro/libogc/lib/wii/libwiiuse.a(nunchuk.o)
                0x000000008000b534                nunchuk_handshake
 .text.nunchuk_disconnected
                0x000000008000b80c        0xc /opt/devkitpro/libogc/lib/wii/libwiiuse.a(nunchuk.o)
                0x000000008000b80c                nunchuk_disconnected
 .text.nunchuk_event
                0x000000008000b818       0xe0 /opt/devkitpro/libogc/lib/wii/libwiiuse.a(nunchuk.o)
                0x000000008000b818                nunchuk_event
 .text.wii_board_handshake
                0x000000008000b8f8      0x2a4 /opt/devkitpro/libogc/lib/wii/libwiiuse.a(wiiboard.o)
                0x000000008000b8f8                wii_board_handshake
 .text.wii_board_disconnected
                0x000000008000bb9c        0xc /opt/devkitpro/libogc/lib/wii/libwiiuse.a(wiiboard.o)
                0x000000008000bb9c                wii_board_disconnected
 .text.wii_board_event
                0x000000008000bba8       0x54 /opt/devkitpro/libogc/lib/wii/libwiiuse.a(wiiboard.o)
                0x000000008000bba8                wii_board_event
 .text.wiiuse_send_next_command
                0x000000008000bbfc       0x50 /opt/devkitpro/libogc/lib/wii/libwiiuse.a(wiiuse.o)
                0x000000008000bbfc                wiiuse_send_next_command
 .text.wiiuse_init
                0x000000008000bc4c      0x1d4 /opt/devkitpro/libogc/lib/wii/libwiiuse.a(wiiuse.o)
                0x000000008000bc4c                wiiuse_init
 .text.wiiuse_set_flags
                0x000000008000be20       0x24 /opt/devkitpro/libogc/lib/wii/libwiiuse.a(wiiuse.o)
                0x000000008000be20                wiiuse_set_flags
 .text.wiiuse_read_data
                0x000000008000be44      0x140 /opt/devkitpro/libogc/lib/wii/libwiiuse.a(wiiuse.o)
                0x000000008000be44                wiiuse_read_data
 .text.wiiuse_write_data
                0x000000008000bf84      0x184 /opt/devkitpro/libogc/lib/wii/libwiiuse.a(wiiuse.o)
                0x000000008000bf84                wiiuse_write_data
 .text.wiiuse_sendcmd
                0x000000008000c108      0x154 /opt/devkitpro/libogc/lib/wii/libwiiuse.a(wiiuse.o)
                0x000000008000c108                wiiuse_sendcmd
 .text.wiiuse_set_report_type
                0x000000008000c25c      0x144 /opt/devkitpro/libogc/lib/wii/libwiiuse.a(wiiuse.o)
                0x000000008000c25c                wiiuse_set_report_type
 .text.wiiuse_motion_sensing
                0x000000008000c3a0       0x7c /opt/devkitpro/libogc/lib/wii/libwiiuse.a(wiiuse.o)
                0x000000008000c3a0                wiiuse_motion_sensing
 .text.wiiuse_status
                0x000000008000c41c       0x4c /opt/devkitpro/libogc/lib/wii/libwiiuse.a(wiiuse.o)
                0x000000008000c41c                wiiuse_status
 .text.wiiuse_set_leds
                0x000000008000c468       0x50 /opt/devkitpro/libogc/lib/wii/libwiiuse.a(wiiuse.o)
                0x000000008000c468                wiiuse_set_leds
 .text.wiiuse_set_speaker
                0x000000008000c4b8      0x25c /opt/devkitpro/libogc/lib/wii/libwiiuse.a(speaker.o)
                0x000000008000c4b8                wiiuse_set_speaker
 .text.classic_ctrl_handshake
                0x000000008000c714      0x2b0 /opt/devkitpro/libogc/lib/wii/libwiiuse.a(classic.o)
                0x000000008000c714                classic_ctrl_handshake
 .text.classic_ctrl_disconnected
                0x000000008000c9c4        0xc /opt/devkitpro/libogc/lib/wii/libwiiuse.a(classic.o)
                0x000000008000c9c4                classic_ctrl_disconnected
 .text.classic_ctrl_event
                0x000000008000c9d0      0x164 /opt/devkitpro/libogc/lib/wii/libwiiuse.a(classic.o)
                0x000000008000c9d0                classic_ctrl_event
 .text.handle_expansion
                0x000000008000cb34       0x54 /opt/devkitpro/libogc/lib/wii/libwiiuse.a(events.o)
 .text.parse_event
                0x000000008000cb88      0x710 /opt/devkitpro/libogc/lib/wii/libwiiuse.a(events.o)
                0x000000008000cb88                parse_event
 .text.guitar_hero_3_handshake
                0x000000008000d298       0x70 /opt/devkitpro/libogc/lib/wii/libwiiuse.a(guitar_hero_3.o)
                0x000000008000d298                guitar_hero_3_handshake
 .text.guitar_hero_3_disconnected
                0x000000008000d308        0xc /opt/devkitpro/libogc/lib/wii/libwiiuse.a(guitar_hero_3.o)
                0x000000008000d308                guitar_hero_3_disconnected
 .text.guitar_hero_3_event
                0x000000008000d314       0x64 /opt/devkitpro/libogc/lib/wii/libwiiuse.a(guitar_hero_3.o)
                0x000000008000d314                guitar_hero_3_event
 .text.bt_alarmhandler
                0x000000008000d378       0x60 /opt/devkitpro/libogc/lib/wii/libbte.a(bte.o)
 .text.__bte_send_pending_request
                0x000000008000d3d8      0x114 /opt/devkitpro/libogc/lib/wii/libbte.a(bte.o)
 .text.acl_conn_complete
                0x000000008000d4ec       0x2c /opt/devkitpro/libogc/lib/wii/libbte.a(bte.o)
                0x000000008000d4ec                acl_conn_complete
 .text.l2cap_disconnected_ind
                0x000000008000d518      0x180 /opt/devkitpro/libogc/lib/wii/libbte.a(bte.o)
                0x000000008000d518                l2cap_disconnected_ind
 .text.bte_process_input
                0x000000008000d698      0x13c /opt/devkitpro/libogc/lib/wii/libbte.a(bte.o)
 .text.l2cap_accepted
                0x000000008000d7d4      0x110 /opt/devkitpro/libogc/lib/wii/libbte.a(bte.o)
                0x000000008000d7d4                l2cap_accepted
 .text.acl_wlp_completed
                0x000000008000d8e4        0x8 /opt/devkitpro/libogc/lib/wii/libbte.a(bte.o)
                0x000000008000d8e4                acl_wlp_completed
 .text.l2cap_disconnect_cfm
                0x000000008000d8ec      0x180 /opt/devkitpro/libogc/lib/wii/libbte.a(bte.o)
                0x000000008000d8ec                l2cap_disconnect_cfm
 .text.__bte_shutdown_finished
                0x000000008000da6c       0xd8 /opt/devkitpro/libogc/lib/wii/libbte.a(bte.o)
 .text.bte_hci_apply_patch_complete
                0x000000008000db44      0x154 /opt/devkitpro/libogc/lib/wii/libbte.a(bte.o)
                0x000000008000db44                bte_hci_apply_patch_complete
 .text.bte_hci_initsub_complete
                0x000000008000dc98      0x234 /opt/devkitpro/libogc/lib/wii/libbte.a(bte.o)
                0x000000008000dc98                bte_hci_initsub_complete
 .text.bte_hci_initcore_complete
                0x000000008000decc      0x1f0 /opt/devkitpro/libogc/lib/wii/libbte.a(bte.o)
                0x000000008000decc                bte_hci_initcore_complete
 .text.bte_read_stored_link_key_complete
                0x000000008000e0bc      0x278 /opt/devkitpro/libogc/lib/wii/libbte.a(bte.o)
                0x000000008000e0bc                bte_read_stored_link_key_complete
 .text.bte_hci_initcore_complete2
                0x000000008000e334      0x1e8 /opt/devkitpro/libogc/lib/wii/libbte.a(bte.o)
                0x000000008000e334                bte_hci_initcore_complete2
 .text.bte_hci_patch_complete
                0x000000008000e51c      0x2e0 /opt/devkitpro/libogc/lib/wii/libbte.a(bte.o)
                0x000000008000e51c                bte_hci_patch_complete
 .text.BTE_Init
                0x000000008000e7fc      0x138 /opt/devkitpro/libogc/lib/wii/libbte.a(bte.o)
                0x000000008000e7fc                BTE_Init
 .text.BTE_Shutdown
                0x000000008000e934      0x11c /opt/devkitpro/libogc/lib/wii/libbte.a(bte.o)
                0x000000008000e934                BTE_Shutdown
 .text.BTE_InitCore
                0x000000008000ea50       0x94 /opt/devkitpro/libogc/lib/wii/libbte.a(bte.o)
                0x000000008000ea50                BTE_InitCore
 .text.BTE_ApplyPatch
                0x000000008000eae4       0xb8 /opt/devkitpro/libogc/lib/wii/libbte.a(bte.o)
                0x000000008000eae4                BTE_ApplyPatch
 .text.BTE_InitSub
                0x000000008000eb9c       0x98 /opt/devkitpro/libogc/lib/wii/libbte.a(bte.o)
                0x000000008000eb9c                BTE_InitSub
 .text.BTE_ReadStoredLinkKey
                0x000000008000ec34       0x98 /opt/devkitpro/libogc/lib/wii/libbte.a(bte.o)
                0x000000008000ec34                BTE_ReadStoredLinkKey
 .text.BTE_SetDisconnectCallback
                0x000000008000eccc        0x4 /opt/devkitpro/libogc/lib/wii/libbte.a(bte.o)
                0x000000008000eccc                BTE_SetDisconnectCallback
 .text.bte_new  0x000000008000ecd0       0x54 /opt/devkitpro/libogc/lib/wii/libbte.a(bte.o)
                0x000000008000ecd0                bte_new
 .text.bte_registerdeviceasync
                0x000000008000ed24      0x154 /opt/devkitpro/libogc/lib/wii/libbte.a(bte.o)
                0x000000008000ed24                bte_registerdeviceasync
 .text.bte_disconnect
                0x000000008000ee78       0xd8 /opt/devkitpro/libogc/lib/wii/libbte.a(bte.o)
                0x000000008000ee78                bte_disconnect
 .text.bte_senddata
                0x000000008000ef50       0xdc /opt/devkitpro/libogc/lib/wii/libbte.a(bte.o)
                0x000000008000ef50                bte_senddata
 .text.bte_arg  0x000000008000f02c       0x3c /opt/devkitpro/libogc/lib/wii/libbte.a(bte.o)
                0x000000008000f02c                bte_arg
 .text.bte_received
                0x000000008000f068       0x3c /opt/devkitpro/libogc/lib/wii/libbte.a(bte.o)
                0x000000008000f068                bte_received
 .text.bte_disconnected
                0x000000008000f0a4       0x3c /opt/devkitpro/libogc/lib/wii/libbte.a(bte.o)
                0x000000008000f0a4                bte_disconnected
 .text.hci_init
                0x000000008000f0e0       0x7c /opt/devkitpro/libogc/lib/wii/libbte.a(hci.o)
                0x000000008000f0e0                hci_init
 .text.hci_new  0x000000008000f15c       0x48 /opt/devkitpro/libogc/lib/wii/libbte.a(hci.o)
                0x000000008000f15c                hci_new
 .text.hci_get_link
                0x000000008000f1a4       0x84 /opt/devkitpro/libogc/lib/wii/libbte.a(hci.o)
                0x000000008000f1a4                hci_get_link
 .text.hci_close
                0x000000008000f228       0xd8 /opt/devkitpro/libogc/lib/wii/libbte.a(hci.o)
                0x000000008000f228                hci_close
 .text.hci_reset_all
                0x000000008000f300       0xbc /opt/devkitpro/libogc/lib/wii/libbte.a(hci.o)
                0x000000008000f300                hci_reset_all
 .text.hci_arg  0x000000008000f3bc        0xc /opt/devkitpro/libogc/lib/wii/libbte.a(hci.o)
                0x000000008000f3bc                hci_arg
 .text.hci_cmd_complete
                0x000000008000f3c8        0xc /opt/devkitpro/libogc/lib/wii/libbte.a(hci.o)
                0x000000008000f3c8                hci_cmd_complete
 .text.hci_connection_complete
                0x000000008000f3d4        0xc /opt/devkitpro/libogc/lib/wii/libbte.a(hci.o)
                0x000000008000f3d4                hci_connection_complete
 .text.hci_wlp_complete
                0x000000008000f3e0        0xc /opt/devkitpro/libogc/lib/wii/libbte.a(hci.o)
                0x000000008000f3e0                hci_wlp_complete
 .text.hci_reset
                0x000000008000f3ec       0xa8 /opt/devkitpro/libogc/lib/wii/libbte.a(hci.o)
                0x000000008000f3ec                hci_reset
 .text.hci_read_buffer_size
                0x000000008000f494       0xa8 /opt/devkitpro/libogc/lib/wii/libbte.a(hci.o)
                0x000000008000f494                hci_read_buffer_size
 .text.hci_read_bd_addr
                0x000000008000f53c       0xa8 /opt/devkitpro/libogc/lib/wii/libbte.a(hci.o)
                0x000000008000f53c                hci_read_bd_addr
 .text.hci_read_local_version
                0x000000008000f5e4       0xa4 /opt/devkitpro/libogc/lib/wii/libbte.a(hci.o)
                0x000000008000f5e4                hci_read_local_version
 .text.hci_read_local_features
                0x000000008000f688       0xa8 /opt/devkitpro/libogc/lib/wii/libbte.a(hci.o)
                0x000000008000f688                hci_read_local_features
 .text.hci_read_stored_link_key
                0x000000008000f730       0xfc /opt/devkitpro/libogc/lib/wii/libbte.a(hci.o)
                0x000000008000f730                hci_read_stored_link_key
 .text.hci_write_page_timeout
                0x000000008000f82c       0xcc /opt/devkitpro/libogc/lib/wii/libbte.a(hci.o)
                0x000000008000f82c                hci_write_page_timeout
 .text.hci_write_scan_enable
                0x000000008000f8f8       0xb8 /opt/devkitpro/libogc/lib/wii/libbte.a(hci.o)
                0x000000008000f8f8                hci_write_scan_enable
 .text.hci_accecpt_conn_request
                0x000000008000f9b0       0xdc /opt/devkitpro/libogc/lib/wii/libbte.a(hci.o)
                0x000000008000f9b0                hci_accecpt_conn_request
 .text.hci_write_local_name
                0x000000008000fa8c       0xd4 /opt/devkitpro/libogc/lib/wii/libbte.a(hci.o)
                0x000000008000fa8c                hci_write_local_name
 .text.hci_write_pin_type
                0x000000008000fb60       0xb8 /opt/devkitpro/libogc/lib/wii/libbte.a(hci.o)
                0x000000008000fb60                hci_write_pin_type
 .text.hci_write_inquiry_mode
                0x000000008000fc18       0xb8 /opt/devkitpro/libogc/lib/wii/libbte.a(hci.o)
                0x000000008000fc18                hci_write_inquiry_mode
 .text.hci_write_page_scan_type
                0x000000008000fcd0       0xb8 /opt/devkitpro/libogc/lib/wii/libbte.a(hci.o)
                0x000000008000fcd0                hci_write_page_scan_type
 .text.hci_write_inquiry_scan_type
                0x000000008000fd88       0xb8 /opt/devkitpro/libogc/lib/wii/libbte.a(hci.o)
                0x000000008000fd88                hci_write_inquiry_scan_type
 .text.hci_vendor_specific_command
                0x000000008000fe40       0xe4 /opt/devkitpro/libogc/lib/wii/libbte.a(hci.o)
                0x000000008000fe40                hci_vendor_specific_command
 .text.hci_write_link_policy_settings
                0x000000008000ff24       0xfc /opt/devkitpro/libogc/lib/wii/libbte.a(hci.o)
                0x000000008000ff24                hci_write_link_policy_settings
 .text.hci_pin_code_request_neg_reply
                0x0000000080010020       0xc8 /opt/devkitpro/libogc/lib/wii/libbte.a(hci.o)
                0x0000000080010020                hci_pin_code_request_neg_reply
 .text.hci_link_key_req_neg_reply
                0x00000000800100e8       0xc8 /opt/devkitpro/libogc/lib/wii/libbte.a(hci.o)
                0x00000000800100e8                hci_link_key_req_neg_reply
 .text.hci_disconnect
                0x00000000800101b0       0xf4 /opt/devkitpro/libogc/lib/wii/libbte.a(hci.o)
                0x00000000800101b0                hci_disconnect
 .text.hci_write_cod
                0x00000000800102a4       0xc8 /opt/devkitpro/libogc/lib/wii/libbte.a(hci.o)
                0x00000000800102a4                hci_write_cod
 .text.hci_host_buffer_size
                0x000000008001036c      0x108 /opt/devkitpro/libogc/lib/wii/libbte.a(hci.o)
                0x000000008001036c                hci_host_buffer_size
 .text.hci_host_num_comp_packets
                0x0000000080010474      0x104 /opt/devkitpro/libogc/lib/wii/libbte.a(hci.o)
                0x0000000080010474                hci_host_num_comp_packets
 .text.lp_pdu_maxsize
                0x0000000080010578        0xc /opt/devkitpro/libogc/lib/wii/libbte.a(hci.o)
                0x0000000080010578                lp_pdu_maxsize
 .text.lp_acl_write
                0x0000000080010584      0x16c /opt/devkitpro/libogc/lib/wii/libbte.a(hci.o)
                0x0000000080010584                lp_acl_write
 .text.lp_write_flush_timeout
                0x00000000800106f0       0xfc /opt/devkitpro/libogc/lib/wii/libbte.a(hci.o)
                0x00000000800106f0                lp_write_flush_timeout
 .text.hci_event_handler
                0x00000000800107ec      0xb7c /opt/devkitpro/libogc/lib/wii/libbte.a(hci.o)
                0x00000000800107ec                hci_event_handler
 .text.hci_acldata_handler
                0x0000000080011368      0x120 /opt/devkitpro/libogc/lib/wii/libbte.a(hci.o)
                0x0000000080011368                hci_acldata_handler
 .text.l2cap_init
                0x0000000080011488       0x60 /opt/devkitpro/libogc/lib/wii/libbte.a(l2cap.o)
                0x0000000080011488                l2cap_init
 .text.l2cap_write
                0x00000000800114e8      0x158 /opt/devkitpro/libogc/lib/wii/libbte.a(l2cap.o)
                0x00000000800114e8                l2cap_write
 .text.l2cap_new
                0x0000000080011640       0x74 /opt/devkitpro/libogc/lib/wii/libbte.a(l2cap.o)
                0x0000000080011640                l2cap_new
 .text.l2cap_close
                0x00000000800116b4      0x1b4 /opt/devkitpro/libogc/lib/wii/libbte.a(l2cap.o)
                0x00000000800116b4                l2cap_close
 .text.l2cap_reset_all
                0x0000000080011868      0x17c /opt/devkitpro/libogc/lib/wii/libbte.a(l2cap.o)
                0x0000000080011868                l2cap_reset_all
 .text.l2cap_signal
                0x00000000800119e4      0x21c /opt/devkitpro/libogc/lib/wii/libbte.a(l2cap.o)
                0x00000000800119e4                l2cap_signal
 .text.l2ca_config_req
                0x0000000080011c00      0x138 /opt/devkitpro/libogc/lib/wii/libbte.a(l2cap.o)
                0x0000000080011c00                l2ca_config_req
 .text.l2ca_disconnect_req
                0x0000000080011d38       0xc4 /opt/devkitpro/libogc/lib/wii/libbte.a(l2cap.o)
                0x0000000080011d38                l2ca_disconnect_req
 .text.l2cap_tmr
                0x0000000080011dfc      0x288 /opt/devkitpro/libogc/lib/wii/libbte.a(l2cap.o)
                0x0000000080011dfc                l2cap_tmr
 .text.l2cap_process_sig
                0x0000000080012084     0x1270 /opt/devkitpro/libogc/lib/wii/libbte.a(l2cap.o)
                0x0000000080012084                l2cap_process_sig
 .text.l2cap_input
                0x00000000800132f4      0x564 /opt/devkitpro/libogc/lib/wii/libbte.a(l2cap.o)
                0x00000000800132f4                l2cap_input
 .text.l2ca_datawrite
                0x0000000080013858      0x128 /opt/devkitpro/libogc/lib/wii/libbte.a(l2cap.o)
                0x0000000080013858                l2ca_datawrite
 .text.lp_connect_cfm
                0x0000000080013980      0x148 /opt/devkitpro/libogc/lib/wii/libbte.a(l2cap.o)
                0x0000000080013980                lp_connect_cfm
 .text.lp_connect_ind
                0x0000000080013ac8        0x4 /opt/devkitpro/libogc/lib/wii/libbte.a(l2cap.o)
                0x0000000080013ac8                lp_connect_ind
 .text.lp_disconnect_ind
                0x0000000080013acc      0x134 /opt/devkitpro/libogc/lib/wii/libbte.a(l2cap.o)
                0x0000000080013acc                lp_disconnect_ind
 .text.l2cap_disconnect_bb
                0x0000000080013c00       0x10 /opt/devkitpro/libogc/lib/wii/libbte.a(l2cap.o)
                0x0000000080013c00                l2cap_disconnect_bb
 .text.l2cap_arg
                0x0000000080013c10        0x8 /opt/devkitpro/libogc/lib/wii/libbte.a(l2cap.o)
                0x0000000080013c10                l2cap_arg
 .text.l2cap_connect_ind
                0x0000000080013c18      0x104 /opt/devkitpro/libogc/lib/wii/libbte.a(l2cap.o)
                0x0000000080013c18                l2cap_connect_ind
 .text.l2cap_disconnect_ind
                0x0000000080013d1c        0x8 /opt/devkitpro/libogc/lib/wii/libbte.a(l2cap.o)
                0x0000000080013d1c                l2cap_disconnect_ind
 .text.l2cap_recv
                0x0000000080013d24        0x8 /opt/devkitpro/libogc/lib/wii/libbte.a(l2cap.o)
                0x0000000080013d24                l2cap_recv
 .text.btmemb_init
                0x0000000080013d2c       0x24 /opt/devkitpro/libogc/lib/wii/libbte.a(btmemb.o)
                0x0000000080013d2c                btmemb_init
 .text.btmemb_alloc
                0x0000000080013d50       0xb0 /opt/devkitpro/libogc/lib/wii/libbte.a(btmemb.o)
                0x0000000080013d50                btmemb_alloc
 .text.btmemb_free
                0x0000000080013e00       0xb0 /opt/devkitpro/libogc/lib/wii/libbte.a(btmemb.o)
                0x0000000080013e00                btmemb_free
 .text.plug_holes
                0x0000000080013eb0       0xa4 /opt/devkitpro/libogc/lib/wii/libbte.a(btmemr.o)
 .text.btmemr_free.part.0
                0x0000000080013f54       0x7c /opt/devkitpro/libogc/lib/wii/libbte.a(btmemr.o)
 .text.btmemr_init
                0x0000000080013fd0       0xa4 /opt/devkitpro/libogc/lib/wii/libbte.a(btmemr.o)
                0x0000000080013fd0                btmemr_init
 .text.btmemr_malloc
                0x0000000080014074      0x190 /opt/devkitpro/libogc/lib/wii/libbte.a(btmemr.o)
                0x0000000080014074                btmemr_malloc
 .text.btmemr_free
                0x0000000080014204       0x28 /opt/devkitpro/libogc/lib/wii/libbte.a(btmemr.o)
                0x0000000080014204                btmemr_free
 .text.btmemr_realloc
                0x000000008001422c      0x11c /opt/devkitpro/libogc/lib/wii/libbte.a(btmemr.o)
                0x000000008001422c                btmemr_realloc
 .text.btpbuf_init
                0x0000000080014348       0x28 /opt/devkitpro/libogc/lib/wii/libbte.a(btpbuf.o)
                0x0000000080014348                btpbuf_init
 .text.btpbuf_free
                0x0000000080014370      0x15c /opt/devkitpro/libogc/lib/wii/libbte.a(btpbuf.o)
                0x0000000080014370                btpbuf_free
 .text.btpbuf_alloc
                0x00000000800144cc      0x234 /opt/devkitpro/libogc/lib/wii/libbte.a(btpbuf.o)
                0x00000000800144cc                btpbuf_alloc
 .text.btpbuf_realloc
                0x0000000080014700       0xc4 /opt/devkitpro/libogc/lib/wii/libbte.a(btpbuf.o)
                0x0000000080014700                btpbuf_realloc
 .text.btpbuf_header
                0x00000000800147c4       0x94 /opt/devkitpro/libogc/lib/wii/libbte.a(btpbuf.o)
                0x00000000800147c4                btpbuf_header
 .text.btpbuf_ref
                0x0000000080014858       0x4c /opt/devkitpro/libogc/lib/wii/libbte.a(btpbuf.o)
                0x0000000080014858                btpbuf_ref
 .text.btpbuf_chain
                0x00000000800148a4       0xac /opt/devkitpro/libogc/lib/wii/libbte.a(btpbuf.o)
                0x00000000800148a4                btpbuf_chain
 .text.btpbuf_dechain
                0x0000000080014950       0x84 /opt/devkitpro/libogc/lib/wii/libbte.a(btpbuf.o)
                0x0000000080014950                btpbuf_dechain
 .text.btpbuf_take
                0x00000000800149d4      0x110 /opt/devkitpro/libogc/lib/wii/libbte.a(btpbuf.o)
                0x00000000800149d4                btpbuf_take
 .text.__usb_closeCB
                0x0000000080014ae4       0x10 /opt/devkitpro/libogc/lib/wii/libbte.a(physbusif.o)
 .text.__writebulkmsgCB
                0x0000000080014af4       0x3c /opt/devkitpro/libogc/lib/wii/libbte.a(physbusif.o)
 .text.__writectrlmsgCB
                0x0000000080014b30       0x3c /opt/devkitpro/libogc/lib/wii/libbte.a(physbusif.o)
 .text.__issue_intrread.part.0
                0x0000000080014b6c       0x80 /opt/devkitpro/libogc/lib/wii/libbte.a(physbusif.o)
 .text.__readintrdataCB
                0x0000000080014bec      0x13c /opt/devkitpro/libogc/lib/wii/libbte.a(physbusif.o)
 .text.__issue_bulkread.part.2
                0x0000000080014d28       0x80 /opt/devkitpro/libogc/lib/wii/libbte.a(physbusif.o)
 .text.__readbulkdataCB
                0x0000000080014da8      0x13c /opt/devkitpro/libogc/lib/wii/libbte.a(physbusif.o)
 .text.physbusif_init
                0x0000000080014ee4      0x200 /opt/devkitpro/libogc/lib/wii/libbte.a(physbusif.o)
                0x0000000080014ee4                physbusif_init
 .text.physbusif_close
                0x00000000800150e4       0x20 /opt/devkitpro/libogc/lib/wii/libbte.a(physbusif.o)
                0x00000000800150e4                physbusif_close
 .text.physbusif_shutdown
                0x0000000080015104       0x24 /opt/devkitpro/libogc/lib/wii/libbte.a(physbusif.o)
                0x0000000080015104                physbusif_shutdown
 .text.physbusif_reset_all
                0x0000000080015128        0x4 /opt/devkitpro/libogc/lib/wii/libbte.a(physbusif.o)
                0x0000000080015128                physbusif_reset_all
 .text.physbusif_output
                0x000000008001512c      0x1a8 /opt/devkitpro/libogc/lib/wii/libbte.a(physbusif.o)
                0x000000008001512c                physbusif_output
 .text.__console_clear_line
                0x00000000800152d4       0x84 /opt/devkitpro/libogc/lib/wii/libogc.a(console.o)
 .text.__console_clear
                0x0000000080015358       0x54 /opt/devkitpro/libogc/lib/wii/libogc.a(console.o)
 .text.__console_write
                0x00000000800153ac      0x724 /opt/devkitpro/libogc/lib/wii/libogc.a(console.o)
                0x00000000800153ac                __console_write
 .text.__console_init
                0x0000000080015ad0      0x10c /opt/devkitpro/libogc/lib/wii/libogc.a(console.o)
                0x0000000080015ad0                __console_init
 .text.CON_Init
                0x0000000080015bdc        0x4 /opt/devkitpro/libogc/lib/wii/libogc.a(console.o)
                0x0000000080015bdc                CON_Init
 .text.CON_EnableGecko
                0x0000000080015be0       0xe8 /opt/devkitpro/libogc/lib/wii/libogc.a(console.o)
                0x0000000080015be0                CON_EnableGecko
 .text.__lwp_queue_initialize
                0x0000000080015cc8       0x54 /opt/devkitpro/libogc/lib/wii/libogc.a(lwp_queue.o)
                0x0000000080015cc8                __lwp_queue_initialize
 .text.__lwp_queue_get
                0x0000000080015d1c       0x64 /opt/devkitpro/libogc/lib/wii/libogc.a(lwp_queue.o)
                0x0000000080015d1c                __lwp_queue_get
 .text.__lwp_queue_append
                0x0000000080015d80       0x50 /opt/devkitpro/libogc/lib/wii/libogc.a(lwp_queue.o)
                0x0000000080015d80                __lwp_queue_append
 .text.__lwp_isr_in_progress
                0x0000000080015dd0        0x8 /opt/devkitpro/libogc/lib/wii/libogc.a(lwp_threads.o)
                0x0000000080015dd0                __lwp_isr_in_progress
 .text.__thread_dispatch_fp
                0x0000000080015dd8       0x90 /opt/devkitpro/libogc/lib/wii/libogc.a(lwp_threads.o)
                0x0000000080015dd8                __thread_dispatch_fp
 .text.__thread_dispatch
                0x0000000080015e68      0x11c /opt/devkitpro/libogc/lib/wii/libogc.a(lwp_threads.o)
                0x0000000080015e68                __thread_dispatch
 .text.__lwp_thread_resettimeslice
                0x0000000080015f84       0xf0 /opt/devkitpro/libogc/lib/wii/libogc.a(lwp_threads.o)
                0x0000000080015f84                __lwp_thread_resettimeslice
 .text.__lwp_thread_tickle_timeslice
                0x0000000080016074       0xcc /opt/devkitpro/libogc/lib/wii/libogc.a(lwp_threads.o)
                0x0000000080016074                __lwp_thread_tickle_timeslice
 .text.__lwp_thread_setstate
                0x0000000080016140      0x158 /opt/devkitpro/libogc/lib/wii/libogc.a(lwp_threads.o)
                0x0000000080016140                __lwp_thread_setstate
 .text.__lwp_thread_clearstate
                0x0000000080016298       0xf0 /opt/devkitpro/libogc/lib/wii/libogc.a(lwp_threads.o)
                0x0000000080016298                __lwp_thread_clearstate
 .text.__lwp_thread_delayended
                0x0000000080016388       0x48 /opt/devkitpro/libogc/lib/wii/libogc.a(lwp_threads.o)
                0x0000000080016388                __lwp_thread_delayended
 .text.__lwp_thread_settransient
                0x00000000800163d0       0xbc /opt/devkitpro/libogc/lib/wii/libogc.a(lwp_threads.o)
                0x00000000800163d0                __lwp_thread_settransient
 .text.__lwp_thread_changepriority
                0x000000008001648c      0x1fc /opt/devkitpro/libogc/lib/wii/libogc.a(lwp_threads.o)
                0x000000008001648c                __lwp_thread_changepriority
 .text.__lwp_thread_ready
                0x0000000080016688       0xf8 /opt/devkitpro/libogc/lib/wii/libogc.a(lwp_threads.o)
                0x0000000080016688                __lwp_thread_ready
 .text.__lwp_thread_init
                0x0000000080016780      0x16c /opt/devkitpro/libogc/lib/wii/libogc.a(lwp_threads.o)
                0x0000000080016780                __lwp_thread_init
 .text.__lwp_thread_close
                0x00000000800168ec      0x138 /opt/devkitpro/libogc/lib/wii/libogc.a(lwp_threads.o)
                0x00000000800168ec                __lwp_thread_close
 .text.__lwp_thread_closeall
                0x0000000080016a24       0xc0 /opt/devkitpro/libogc/lib/wii/libogc.a(lwp_threads.o)
                0x0000000080016a24                __lwp_thread_closeall
 .text.__lwp_thread_exit
                0x0000000080016ae4       0x5c /opt/devkitpro/libogc/lib/wii/libogc.a(lwp_threads.o)
                0x0000000080016ae4                __lwp_thread_exit
 .text.__lwp_thread_handler
                0x0000000080016b40       0x74 /opt/devkitpro/libogc/lib/wii/libogc.a(lwp_threads.o)
 .text.__lwp_thread_start
                0x0000000080016bb4       0xcc /opt/devkitpro/libogc/lib/wii/libogc.a(lwp_threads.o)
                0x0000000080016bb4                __lwp_thread_start
 .text.__lwp_thread_startmultitasking
                0x0000000080016c80       0xb0 /opt/devkitpro/libogc/lib/wii/libogc.a(lwp_threads.o)
                0x0000000080016c80                __lwp_thread_startmultitasking
 .text.__lwp_thread_stopmultitasking
                0x0000000080016d30       0x58 /opt/devkitpro/libogc/lib/wii/libogc.a(lwp_threads.o)
                0x0000000080016d30                __lwp_thread_stopmultitasking
 .text.__lwp_thread_coreinit
                0x0000000080016d88       0xb0 /opt/devkitpro/libogc/lib/wii/libogc.a(lwp_threads.o)
                0x0000000080016d88                __lwp_thread_coreinit
 .text.idle_func
                0x0000000080016e38        0x4 /opt/devkitpro/libogc/lib/wii/libogc.a(lwp.o)
 .text.__lwp_sysinit
                0x0000000080016e3c      0x118 /opt/devkitpro/libogc/lib/wii/libogc.a(lwp.o)
                0x0000000080016e3c                __lwp_sysinit
 .text.LWP_InitQueue
                0x0000000080016f54      0x14c /opt/devkitpro/libogc/lib/wii/libogc.a(lwp.o)
                0x0000000080016f54                LWP_InitQueue
 .text.LWP_CloseQueue
                0x00000000800170a0       0xd8 /opt/devkitpro/libogc/lib/wii/libogc.a(lwp.o)
                0x00000000800170a0                LWP_CloseQueue
 .text.LWP_ThreadSleep
                0x0000000080017178       0xfc /opt/devkitpro/libogc/lib/wii/libogc.a(lwp.o)
                0x0000000080017178                LWP_ThreadSleep
 .text.LWP_ThreadBroadcast
                0x0000000080017274       0x8c /opt/devkitpro/libogc/lib/wii/libogc.a(lwp.o)
                0x0000000080017274                LWP_ThreadBroadcast
 .text.LWP_ThreadSignal
                0x0000000080017300       0x74 /opt/devkitpro/libogc/lib/wii/libogc.a(lwp.o)
                0x0000000080017300                LWP_ThreadSignal
 .text.__lwp_stack_allocate
                0x0000000080017374       0x84 /opt/devkitpro/libogc/lib/wii/libogc.a(lwp_stack.o)
                0x0000000080017374                __lwp_stack_allocate
 .text.__lwp_stack_free
                0x00000000800173f8       0x1c /opt/devkitpro/libogc/lib/wii/libogc.a(lwp_stack.o)
                0x00000000800173f8                __lwp_stack_free
 .text.__lwp_wd_settimer.isra.3
                0x0000000080017414       0xd0 /opt/devkitpro/libogc/lib/wii/libogc.a(lwp_watchdog.o)
 .text.__lwp_watchdog_init
                0x00000000800174e4       0x2c /opt/devkitpro/libogc/lib/wii/libogc.a(lwp_watchdog.o)
                0x00000000800174e4                __lwp_watchdog_init
 .text.__lwp_wd_insert
                0x0000000080017510      0x1e8 /opt/devkitpro/libogc/lib/wii/libogc.a(lwp_watchdog.o)
                0x0000000080017510                __lwp_wd_insert
 .text.__lwp_wd_remove
                0x00000000800176f8      0x100 /opt/devkitpro/libogc/lib/wii/libogc.a(lwp_watchdog.o)
                0x00000000800176f8                __lwp_wd_remove
 .text.__lwp_wd_tickle
                0x00000000800177f8      0x11c /opt/devkitpro/libogc/lib/wii/libogc.a(lwp_watchdog.o)
                0x00000000800177f8                __lwp_wd_tickle
 .text.__lwp_wkspace_init
                0x0000000080017914       0xc8 /opt/devkitpro/libogc/lib/wii/libogc.a(lwp_wkspace.o)
                0x0000000080017914                __lwp_wkspace_init
 .text.__lwp_objmgr_initinfo
                0x00000000800179dc      0x1a4 /opt/devkitpro/libogc/lib/wii/libogc.a(lwp_objmgr.o)
                0x00000000800179dc                __lwp_objmgr_initinfo
 .text.__lwp_objmgr_getisrdisable
                0x0000000080017b80       0x68 /opt/devkitpro/libogc/lib/wii/libogc.a(lwp_objmgr.o)
                0x0000000080017b80                __lwp_objmgr_getisrdisable
 .text.__lwp_objmgr_getnoprotection
                0x0000000080017be8       0x24 /opt/devkitpro/libogc/lib/wii/libogc.a(lwp_objmgr.o)
                0x0000000080017be8                __lwp_objmgr_getnoprotection
 .text.__lwp_objmgr_get
                0x0000000080017c0c       0x70 /opt/devkitpro/libogc/lib/wii/libogc.a(lwp_objmgr.o)
                0x0000000080017c0c                __lwp_objmgr_get
 .text.__lwp_objmgr_allocate
                0x0000000080017c7c       0x78 /opt/devkitpro/libogc/lib/wii/libogc.a(lwp_objmgr.o)
                0x0000000080017c7c                __lwp_objmgr_allocate
 .text.__lwp_objmgr_free
                0x0000000080017cf4       0x60 /opt/devkitpro/libogc/lib/wii/libogc.a(lwp_objmgr.o)
                0x0000000080017cf4                __lwp_objmgr_free
 .text.__lwp_heap_init
                0x0000000080017d54       0xa8 /opt/devkitpro/libogc/lib/wii/libogc.a(lwp_heap.o)
                0x0000000080017d54                __lwp_heap_init
 .text.__lwp_heap_allocate
                0x0000000080017dfc      0x180 /opt/devkitpro/libogc/lib/wii/libogc.a(lwp_heap.o)
                0x0000000080017dfc                __lwp_heap_allocate
 .text.__lwp_heap_free
                0x0000000080017f7c      0x1a0 /opt/devkitpro/libogc/lib/wii/libogc.a(lwp_heap.o)
                0x0000000080017f7c                __lwp_heap_free
 .text.__SetInterrupts
                0x000000008001811c      0x2a0 /opt/devkitpro/libogc/lib/wii/libogc.a(irq.o)
 .text.c_irqdispatcher
                0x00000000800183bc      0x284 /opt/devkitpro/libogc/lib/wii/libogc.a(irq.o)
                0x00000000800183bc                c_irqdispatcher
 .text.__UnmaskIrq
                0x0000000080018640       0x8c /opt/devkitpro/libogc/lib/wii/libogc.a(irq.o)
                0x0000000080018640                __UnmaskIrq
 .text.__MaskIrq
                0x00000000800186cc       0x8c /opt/devkitpro/libogc/lib/wii/libogc.a(irq.o)
                0x00000000800186cc                __MaskIrq
 .text.__irq_init
                0x0000000080018758       0x98 /opt/devkitpro/libogc/lib/wii/libogc.a(irq.o)
                0x0000000080018758                __irq_init
 .text.IRQ_Request
                0x00000000800187f0       0x54 /opt/devkitpro/libogc/lib/wii/libogc.a(irq.o)
                0x00000000800187f0                IRQ_Request
 .text.IRQ_GetHandler
                0x0000000080018844       0x48 /opt/devkitpro/libogc/lib/wii/libogc.a(irq.o)
                0x0000000080018844                IRQ_GetHandler
 .text.IRQ_Disable
                0x000000008001888c       0x24 /opt/devkitpro/libogc/lib/wii/libogc.a(irq.o)
                0x000000008001888c                IRQ_Disable
 .text.IRQ_Restore
                0x00000000800188b0       0x1c /opt/devkitpro/libogc/lib/wii/libogc.a(irq.o)
                0x00000000800188b0                IRQ_Restore
 .text.__VISendI2CData.constprop.3
                0x00000000800188cc      0x4a4 /opt/devkitpro/libogc/lib/wii/libogc.a(video.o)
 .text.__VIWriteI2CRegister16
                0x0000000080018d70       0x44 /opt/devkitpro/libogc/lib/wii/libogc.a(video.o)
 .text.__VIWriteI2CRegister8
                0x0000000080018db4       0x38 /opt/devkitpro/libogc/lib/wii/libogc.a(video.o)
 .text.__VISetYUVSEL
                0x0000000080018dec       0x68 /opt/devkitpro/libogc/lib/wii/libogc.a(video.o)
 .text.VIDEO_Configure
                0x0000000080018e54      0x7d8 /opt/devkitpro/libogc/lib/wii/libogc.a(video.o)
                0x0000000080018e54                VIDEO_Configure
 .text.VIDEO_WaitVSync
                0x000000008001962c       0x7c /opt/devkitpro/libogc/lib/wii/libogc.a(video.o)
                0x000000008001962c                VIDEO_WaitVSync
 .text.VIDEO_SetFramebuffer
                0x00000000800196a8      0x228 /opt/devkitpro/libogc/lib/wii/libogc.a(video.o)
                0x00000000800196a8                VIDEO_SetFramebuffer
 .text.VIDEO_SetNextFramebuffer
                0x00000000800198d0      0x1d4 /opt/devkitpro/libogc/lib/wii/libogc.a(video.o)
                0x00000000800198d0                VIDEO_SetNextFramebuffer
 .text.VIDEO_Flush
                0x0000000080019aa4      0x110 /opt/devkitpro/libogc/lib/wii/libogc.a(video.o)
                0x0000000080019aa4                VIDEO_Flush
 .text.VIDEO_SetBlack
                0x0000000080019bb4      0x160 /opt/devkitpro/libogc/lib/wii/libogc.a(video.o)
                0x0000000080019bb4                VIDEO_SetBlack
 .text.VIDEO_GetCurrentTvMode
                0x0000000080019d14       0x80 /opt/devkitpro/libogc/lib/wii/libogc.a(video.o)
                0x0000000080019d14                VIDEO_GetCurrentTvMode
 .text.__VIRetraceHandler
                0x0000000080019d94      0x2c0 /opt/devkitpro/libogc/lib/wii/libogc.a(video.o)
 .text.__VISetupEncoder
                0x000000008001a054      0x208 /opt/devkitpro/libogc/lib/wii/libogc.a(video.o)
 .text.VIDEO_Init
                0x000000008001a25c      0x410 /opt/devkitpro/libogc/lib/wii/libogc.a(video.o)
                0x000000008001a25c                VIDEO_Init
 .text.VIDEO_GetPreferredMode
                0x000000008001a66c      0x108 /opt/devkitpro/libogc/lib/wii/libogc.a(video.o)
                0x000000008001a66c                VIDEO_GetPreferredMode
 .text.VIDEO_GetCurrentLine
                0x000000008001a774       0xa4 /opt/devkitpro/libogc/lib/wii/libogc.a(video.o)
                0x000000008001a774                VIDEO_GetCurrentLine
 .text.VIDEO_GetFrameBufferSize
                0x000000008001a818       0x30 /opt/devkitpro/libogc/lib/wii/libogc.a(video.o)
                0x000000008001a818                VIDEO_GetFrameBufferSize
 .text.__call_resetfuncs
                0x000000008001a848       0xbc /opt/devkitpro/libogc/lib/wii/libogc.a(system.o)
 .text.__MEMInterruptHandler
                0x000000008001a904       0x14 /opt/devkitpro/libogc/lib/wii/libogc.a(system.o)
 .text.__POWDefaultHandler
                0x000000008001a918        0x4 /opt/devkitpro/libogc/lib/wii/libogc.a(system.o)
 .text.__sram_write
                0x000000008001a91c      0x114 /opt/devkitpro/libogc/lib/wii/libogc.a(system.o)
 .text.__unlocksram
                0x000000008001aa30      0x150 /opt/devkitpro/libogc/lib/wii/libogc.a(system.o)
 .text.__sram_writecallback
                0x000000008001ab80       0x54 /opt/devkitpro/libogc/lib/wii/libogc.a(system.o)
 .text.__mem_onreset
                0x000000008001abd4       0x48 /opt/devkitpro/libogc/lib/wii/libogc.a(system.o)
 .text.__sys_alarmhandler
                0x000000008001ac1c       0xec /opt/devkitpro/libogc/lib/wii/libogc.a(system.o)
 .text.__STMEventHandler
                0x000000008001ad08       0xec /opt/devkitpro/libogc/lib/wii/libogc.a(system.o)
 .text.__sram_read.constprop.10
                0x000000008001adf4      0x124 /opt/devkitpro/libogc/lib/wii/libogc.a(system.o)
 .text.__RSWDefaultHandler
                0x000000008001af18        0x4 /opt/devkitpro/libogc/lib/wii/libogc.a(system.o)
 .text.__SYS_GetIPCBufferLo
                0x000000008001af1c        0x8 /opt/devkitpro/libogc/lib/wii/libogc.a(system.o)
                0x000000008001af1c                __SYS_GetIPCBufferLo
 .text.__SYS_GetIPCBufferHi
                0x000000008001af24        0x8 /opt/devkitpro/libogc/lib/wii/libogc.a(system.o)
                0x000000008001af24                __SYS_GetIPCBufferHi
 .text.__SYS_DoPowerCB
                0x000000008001af2c       0x78 /opt/devkitpro/libogc/lib/wii/libogc.a(system.o)
                0x000000008001af2c                __SYS_DoPowerCB
 .text.__SYS_PreInit
                0x000000008001afa4        0x4 /opt/devkitpro/libogc/lib/wii/libogc.a(system.o)
                0x000000008001afa4                __SYS_PreInit
 .text.SYS_PreMain
                0x000000008001afa8       0x54 /opt/devkitpro/libogc/lib/wii/libogc.a(system.o)
                0x000000008001afa8                SYS_PreMain
 .text.SYS_ResetButtonDown
                0x000000008001affc       0x18 /opt/devkitpro/libogc/lib/wii/libogc.a(system.o)
                0x000000008001affc                SYS_ResetButtonDown
 .text.SYS_ResetSystem
                0x000000008001b014      0x20c /opt/devkitpro/libogc/lib/wii/libogc.a(system.o)
                0x000000008001b014                SYS_ResetSystem
 .text.__reload
                0x000000008001b220       0x80 /opt/devkitpro/libogc/lib/wii/libogc.a(system.o)
                0x000000008001b220                __reload
 .text.__libogc_exit
                0x000000008001b2a0       0x88 /opt/devkitpro/libogc/lib/wii/libogc.a(system.o)
                0x000000008001b2a0                __libogc_exit
 .text.SYS_RegisterResetFunc
                0x000000008001b328       0x80 /opt/devkitpro/libogc/lib/wii/libogc.a(system.o)
                0x000000008001b328                SYS_RegisterResetFunc
 .text.SYS_Init
                0x000000008001b3a8      0x6a8 /opt/devkitpro/libogc/lib/wii/libogc.a(system.o)
                0x000000008001b3a8                SYS_Init
 .text.SYS_SetArena1Lo
                0x000000008001ba50       0x3c /opt/devkitpro/libogc/lib/wii/libogc.a(system.o)
                0x000000008001ba50                SYS_SetArena1Lo
 .text.SYS_GetArena1Lo