Archive member included to satisfy reference by file (symbol)

/opt/devkitpro/libogc/lib/wii/libwiiuse.a(wpad.o)
                              template.o (WPAD_Init)
/opt/devkitpro/libogc/lib/wii/libwiiuse.a(motion_plus.o)
                              /opt/devkitpro/libogc/lib/wii/libwiiuse.a(wpad.o) (wiiuse_set_motion_plus)
/opt/devkitpro/libogc/lib/wii/libwiiuse.a(dynamics.o)
                              /opt/devkitpro/libogc/lib/wii/libwiiuse.a(wpad.o) (calculate_gforce)
/opt/devkitpro/libogc/lib/wii/libwiiuse.a(io.o)
                              /opt/devkitpro/libogc/lib/wii/libwiiuse.a(motion_plus.o) (wiiuse_disable_expansion)
/opt/devkitpro/libogc/lib/wii/libwiiuse.a(io_wii.o)
                              /opt/devkitpro/libogc/lib/wii/libwiiuse.a(wpad.o) (__wiiuse_sensorbar_enable)
/opt/devkitpro/libogc/lib/wii/libwiiuse.a(ir.o)
                              /opt/devkitpro/libogc/lib/wii/libwiiuse.a(motion_plus.o) (wiiuse_set_ir_mode)
/opt/devkitpro/libogc/lib/wii/libwiiuse.a(nunchuk.o)
                              /opt/devkitpro/libogc/lib/wii/libwiiuse.a(io.o) (nunchuk_handshake)
/opt/devkitpro/libogc/lib/wii/libwiiuse.a(wiiboard.o)
                              /opt/devkitpro/libogc/lib/wii/libwiiuse.a(io.o) (wii_board_handshake)
/opt/devkitpro/libogc/lib/wii/libwiiuse.a(wiiuse.o)
                              /opt/devkitpro/libogc/lib/wii/libwiiuse.a(wpad.o) (wiiuse_init)
/opt/devkitpro/libogc/lib/wii/libwiiuse.a(speaker.o)
                              /opt/devkitpro/libogc/lib/wii/libwiiuse.a(wpad.o) (wencdata)
/opt/devkitpro/libogc/lib/wii/libwiiuse.a(classic.o)
                              /opt/devkitpro/libogc/lib/wii/libwiiuse.a(io.o) (classic_ctrl_handshake)
/opt/devkitpro/libogc/lib/wii/libwiiuse.a(events.o)
                              /opt/devkitpro/libogc/lib/wii/libwiiuse.a(io_wii.o) (parse_event)
/opt/devkitpro/libogc/lib/wii/libwiiuse.a(guitar_hero_3.o)
                              /opt/devkitpro/libogc/lib/wii/libwiiuse.a(io.o) (guitar_hero_3_handshake)
/opt/devkitpro/libogc/lib/wii/libbte.a(bte.o)
                              /opt/devkitpro/libogc/lib/wii/libwiiuse.a(wpad.o) (BTE_Init)
/opt/devkitpro/libogc/lib/wii/libbte.a(hci.o)
                              /opt/devkitpro/libogc/lib/wii/libbte.a(bte.o) (hci_init)
/opt/devkitpro/libogc/lib/wii/libbte.a(l2cap.o)
                              /opt/devkitpro/libogc/lib/wii/libbte.a(bte.o) (l2cap_init)
/opt/devkitpro/libogc/lib/wii/libbte.a(btmemb.o)
                              /opt/devkitpro/libogc/lib/wii/libbte.a(bte.o) (btmemb_init)
/opt/devkitpro/libogc/lib/wii/libbte.a(btmemr.o)
                              /opt/devkitpro/libogc/lib/wii/libbte.a(hci.o) (btmemr_init)
/opt/devkitpro/libogc/lib/wii/libbte.a(btpbuf.o)
                              /opt/devkitpro/libogc/lib/wii/libbte.a(hci.o) (btpbuf_init)
/opt/devkitpro/libogc/lib/wii/libbte.a(physbusif.o)
                              /opt/devkitpro/libogc/lib/wii/libbte.a(bte.o) (physbusif_init)
/opt/devkitpro/libogc/lib/wii/libmodplay.a(gcmodplay.o)
                              template.o (MODPlay_Init)
/opt/devkitpro/libogc/lib/wii/libmodplay.a(modplay.o)
                              /opt/devkitpro/libogc/lib/wii/libmodplay.a(gcmodplay.o) (MOD_AllocSFXChannels)
/opt/devkitpro/libogc/lib/wii/libmodplay.a(freqtab.o)
                              /opt/devkitpro/libogc/lib/wii/libmodplay.a(modplay.o) (freqtab)
/opt/devkitpro/libogc/lib/wii/libmodplay.a(mixer.o)
                              /opt/devkitpro/libogc/lib/wii/libmodplay.a(modplay.o) (mix_mono_16bit)
/opt/devkitpro/libogc/lib/wii/libaesnd.a(aesndlib.o)
                              template.o (AESND_Init)
/opt/devkitpro/libogc/lib/wii/libogc.a(console.o)
                              template.o (CON_Init)
/opt/devkitpro/libogc/lib/wii/libogc.a(lwp_queue.o)
                              /opt/devkitpro/libogc/lib/wii/libwiiuse.a(io_wii.o) (__lwp_queue_initialize)
/opt/devkitpro/libogc/lib/wii/libogc.a(lwp_threads.o)
                              /opt/devkitpro/libogc/lib/wii/libwiiuse.a(wpad.o) (_thread_dispatch_disable_level)
/opt/devkitpro/libogc/lib/wii/libogc.a(lwp.o)
                              /opt/devkitpro/libogc/lib/wii/libmodplay.a(gcmodplay.o) (LWP_CreateThread)
/opt/devkitpro/libogc/lib/wii/libogc.a(lwp_handler.o)
                              /opt/devkitpro/libogc/lib/wii/libogc.a(lwp_threads.o) (_cpu_context_save_fp)
/opt/devkitpro/libogc/lib/wii/libogc.a(lwp_stack.o)
                              /opt/devkitpro/libogc/lib/wii/libogc.a(lwp_threads.o) (__lwp_stack_allocate)
/opt/devkitpro/libogc/lib/wii/libogc.a(lwp_watchdog.o)
                              /opt/devkitpro/libogc/lib/wii/libogc.a(lwp_threads.o) (_wd_ticks_queue)
/opt/devkitpro/libogc/lib/wii/libogc.a(lwp_wkspace.o)
                              /opt/devkitpro/libogc/lib/wii/libwiiuse.a(motion_plus.o) (__wkspace_heap)
/opt/devkitpro/libogc/lib/wii/libogc.a(lwp_objmgr.o)
[...]
Memory Configuration

Name             Origin             Length             Attributes
*default*        0x0000000000000000 0xffffffffffffffff

Linker script and memory map

                0x0000000000003400                . = 0x3400

.stub
 *(.stub)
                0x0000000080004000                . = 0x80004000

.init           0x0000000080004000      0x194
 *crt0.o(*.init)
 .init          0x0000000080004000      0x170 /opt/devkitpro/libogc/lib/wii/libogc.a(ogc_crt0.o)
                0x0000000080004000                _start
                0x0000000080004140                _memset
 *(.init)
 .init          0x0000000080004170        0xc /opt/devkitpro/devkitPPC/lib/gcc/powerpc-eabi/6.2.0/ecrti.o
                0x0000000080004170                __init
 .init          0x000000008000417c        0x4 /opt/devkitpro/devkitPPC/lib/gcc/powerpc-eabi/6.2.0/crtbegin.o
 .init          0x0000000080004180        0x4 /opt/devkitpro/devkitPPC/lib/gcc/powerpc-eabi/6.2.0/crtend.o
 .init          0x0000000080004184       0x10 /opt/devkitpro/devkitPPC/lib/gcc/powerpc-eabi/6.2.0/ecrtn.o

.rela.dyn       0x0000000080004194        0x0
 .rela.iplt     0x0000000080004194        0x0 /opt/devkitpro/devkitPPC/lib/gcc/powerpc-eabi/6.2.0/crtbegin.o

.plt
 *(.plt)

.interp
 *(.interp)

.hash
 *(.hash)

.dynsym
 *(.dynsym)

.dynstr
 *(.dynstr)

.gnu.version
 *(.gnu.version)

.gnu.version_d
 *(.gnu.version_d)

.gnu.version_r
 *(.gnu.version_r)

.rel.init
 *(.rel.init)

.rela.init      0x0000000080004194        0x0
 *(.rela.init)
 .rela.init     0x0000000080004194        0x0 /opt/devkitpro/devkitPPC/lib/gcc/powerpc-eabi/6.2.0/crtbegin.o

.rel.text
 *(.rel.text .rel.text.* .rel.gnu.linkonce.t.*)

.rela.text      0x0000000080004194        0x0
 *(.rela.text .rela.text.* .rela.gnu.linkonce.t.*)
 .rela.text     0x0000000080004194        0x0 /opt/devkitpro/devkitPPC/lib/gcc/powerpc-eabi/6.2.0/crtbegin.o
 .rela.text.wiiuse_probe_motion_plus_check1
                0x0000000080004194        0x0 /opt/devkitpro/devkitPPC/lib/gcc/powerpc-eabi/6.2.0/crtbegin.o
 .rela.text.wiiuse_probe_motion_plus
                0x0000000080004194        0x0 /opt/devkitpro/devkitPPC/lib/gcc/powerpc-eabi/6.2.0/crtbegin.o
 .rela.text.wiiuse_handshake
                0x0000000080004194        0x0 /opt/devkitpro/devkitPPC/lib/gcc/powerpc-eabi/6.2.0/crtbegin.o
 .rela.text.wiiuse_handshake_expansion
                0x0000000080004194        0x0 /opt/devkitpro/devkitPPC/lib/gcc/powerpc-eabi/6.2.0/crtbegin.o
 .rela.text.wiiuse_init_cmd_queue
                0x0000000080004194        0x0 /opt/devkitpro/devkitPPC/lib/gcc/powerpc-eabi/6.2.0/crtbegin.o
 .rela.text.wiiuse_init
                0x0000000080004194        0x0 /opt/devkitpro/devkitPPC/lib/gcc/powerpc-eabi/6.2.0/crtbegin.o
 .rela.text.bt_alarmhandler
                0x0000000080004194        0x0 /opt/devkitpro/devkitPPC/lib/gcc/powerpc-eabi/6.2.0/crtbegin.o
 .rela.text.effect_handler
                0x0000000080004194        0x0 /opt/devkitpro/devkitPPC/lib/gcc/powerpc-eabi/6.2.0/crtbegin.o
 .rela.text.__console_init
                0x0000000080004194        0x0 /opt/devkitpro/devkitPPC/lib/gcc/powerpc-eabi/6.2.0/crtbegin.o
 .rela.text.__console_init_ex
                0x0000000080004194        0x0 /opt/devkitpro/devkitPPC/lib/gcc/powerpc-eabi/6.2.0/crtbegin.o
 .rela.text.CON_EnableGecko
                0x0000000080004194        0x0 /opt/devkitpro/devkitPPC/lib/gcc/powerpc-eabi/6.2.0/crtbegin.o
 .rela.text.__lwp_rotate_readyqueue
                0x0000000080004194        0x0 /opt/devkitpro/devkitPPC/lib/gcc/powerpc-eabi/6.2.0/crtbegin.o
 .rela.text.__lwp_thread_tickle_timeslice
                0x0000000080004194        0x0 /opt/devkitpro/devkitPPC/lib/gcc/powerpc-eabi/6.2.0/crtbegin.o
 .rela.text.__lwp_thread_setstate
                0x0000000080004194        0x0 /opt/devkitpro/devkitPPC/lib/gcc/powerpc-eabi/6.2.0/crtbegin.o
 .rela.text.__lwp_thread_setpriority
                0x0000000080004194        0x0 /opt/devkitpro/devkitPPC/lib/gcc/powerpc-eabi/6.2.0/crtbegin.o
 .rela.text.__lwp_thread_suspend
                0x0000000080004194        0x0 /opt/devkitpro/devkitPPC/lib/gcc/powerpc-eabi/6.2.0/crtbegin.o
 .rela.text.__lwp_thread_changepriority
                0x0000000080004194        0x0 /opt/devkitpro/devkitPPC/lib/gcc/powerpc-eabi/6.2.0/crtbegin.o
 .rela.text.__lwp_thread_ready
                0x0000000080004194        0x0 /opt/devkitpro/devkitPPC/lib/gcc/powerpc-eabi/6.2.0/crtbegin.o
 .rela.text.__lwp_thread_init
                0x0000000080004194        0x0 /opt/devkitpro/devkitPPC/lib/gcc/powerpc-eabi/6.2.0/crtbegin.o
 .rela.text.__lwp_thread_close
                0x0000000080004194        0x0 /opt/devkitpro/devkitPPC/lib/gcc/powerpc-eabi/6.2.0/crtbegin.o
 .rela.text.__lwp_thread_closeall
                0x0000000080004194        0x0 /opt/devkitpro/devkitPPC/lib/gcc/powerpc-eabi/6.2.0/crtbegin.o
 .rela.text.__lwp_thread_startmultitasking
                0x0000000080004194        0x0 /opt/devkitpro/devkitPPC/lib/gcc/powerpc-eabi/6.2.0/crtbegin.o
 .rela.text.__lwp_thread_stopmultitasking
                0x0000000080004194        0x0 /opt/devkitpro/devkitPPC/lib/gcc/powerpc-eabi/6.2.0/crtbegin.o
 .rela.text.__lwp_thread_coreinit
                0x0000000080004194        0x0 /opt/devkitpro/devkitPPC/lib/gcc/powerpc-eabi/6.2.0/crtbegin.o
 .rela.text.__lwp_sysinit
                0x0000000080004194        0x0 /opt/devkitpro/devkitPPC/lib/gcc/powerpc-eabi/6.2.0/crtbegin.o
 .rela.text.__lwp_thread_isalive
                0x0000000080004194        0x0 /opt/devkitpro/devkitPPC/lib/gcc/powerpc-eabi/6.2.0/crtbegin.o
 .rela.text.__lwp_thread_exists
                0x0000000080004194        0x0 /opt/devkitpro/devkitPPC/lib/gcc/powerpc-eabi/6.2.0/crtbegin.o
 .rela.text.__lwp_thread_context
                0x0000000080004194        0x0 /opt/devkitpro/devkitPPC/lib/gcc/powerpc-eabi/6.2.0/crtbegin.o
 .rela.text.LWP_CreateThread
                0x0000000080004194        0x0 /opt/devkitpro/devkitPPC/lib/gcc/powerpc-eabi/6.2.0/crtbegin.o
 .rela.text.LWP_SuspendThread
                0x0000000080004194        0x0 /opt/devkitpro/devkitPPC/lib/gcc/powerpc-eabi/6.2.0/crtbegin.o
 .rela.text.LWP_ResumeThread
                0x0000000080004194        0x0 /opt/devkitpro/devkitPPC/lib/gcc/powerpc-eabi/6.2.0/crtbegin.o
 .rela.text.LWP_SetThreadPriority
                0x0000000080004194        0x0 /opt/devkitpro/devkitPPC/lib/gcc/powerpc-eabi/6.2.0/crtbegin.o
 .rela.text.LWP_ThreadIsSuspended
                0x0000000080004194        0x0 /opt/devkitpro/devkitPPC/lib/gcc/powerpc-eabi/6.2.0/crtbegin.o
 .rela.text.LWP_JoinThread
                0x0000000080004194        0x0 /opt/devkitpro/devkitPPC/lib/gcc/powerpc-eabi/6.2.0/crtbegin.o
 .rela.text.LWP_InitQueue
                0x0000000080004194        0x0 /opt/devkitpro/devkitPPC/lib/gcc/powerpc-eabi/6.2.0/crtbegin.o
 .rela.text.LWP_CloseQueue
                0x0000000080004194        0x0 /opt/devkitpro/devkitPPC/lib/gcc/powerpc-eabi/6.2.0/crtbegin.o
 .rela.text.LWP_ThreadSleep
                0x0000000080004194        0x0 /opt/devkitpro/devkitPPC/lib/gcc/powerpc-eabi/6.2.0/crtbegin.o
 .rela.text.LWP_ThreadBroadcast
                0x0000000080004194        0x0 /opt/devkitpro/devkitPPC/lib/gcc/powerpc-eabi/6.2.0/crtbegin.o
 .rela.text.LWP_ThreadSignal
                0x0000000080004194        0x0 /opt/devkitpro/devkitPPC/lib/gcc/powerpc-eabi/6.2.0/crtbegin.o
 .rela.text.__lwp_stack_allocate
                0x0000000080004194        0x0 /opt/devkitpro/devkitPPC/lib/gcc/powerpc-eabi/6.2.0/crtbegin.o
 .rela.text.__lwp_stack_free
                0x0000000080004194        0x0 /opt/devkitpro/devkitPPC/lib/gcc/powerpc-eabi/6.2.0/crtbegin.o
 .rela.text.__lwp_watchdog_init
                0x0000000080004194        0x0 /opt/devkitpro/devkitPPC/lib/gcc/powerpc-eabi/6.2.0/crtbegin.o
 .rela.text.__lwp_wd_tickle
                0x0000000080004194        0x0 /opt/devkitpro/devkitPPC/lib/gcc/powerpc-eabi/6.2.0/crtbegin.o
 .rela.text.__lwp_wkspace_heapfree
                0x0000000080004194        0x0 /opt/devkitpro/devkitPPC/lib/gcc/powerpc-eabi/6.2.0/crtbegin.o
 .rela.text.__lwp_wkspace_heapused
                0x0000000080004194        0x0 /opt/devkitpro/devkitPPC/lib/gcc/powerpc-eabi/6.2.0/crtbegin.o
 .rela.text.__lwp_wkspace_init
                0x0000000080004194        0x0 /opt/devkitpro/devkitPPC/lib/gcc/powerpc-eabi/6.2.0/crtbegin.o
 .rela.text.__lwp_objmgr_initinfo
                0x0000000080004194        0x0 /opt/devkitpro/devkitPPC/lib/gcc/powerpc-eabi/6.2.0/crtbegin.o
 .rela.text.__irq_init
                0x0000000080004194        0x0 /opt/devkitpro/devkitPPC/lib/gcc/powerpc-eabi/6.2.0/crtbegin.o
 .rela.text.__call_resetfuncs
                0x0000000080004194        0x0 /opt/devkitpro/devkitPPC/lib/gcc/powerpc-eabi/6.2.0/crtbegin.o
 .rela.text.__unlocksram
                0x0000000080004194        0x0 /opt/devkitpro/devkitPPC/lib/gcc/powerpc-eabi/6.2.0/crtbegin.o
 .rela.text.__sram_writecallback
                0x0000000080004194        0x0 /opt/devkitpro/devkitPPC/lib/gcc/powerpc-eabi/6.2.0/crtbegin.o
 .rela.text.__sys_alarmhandler
                0x0000000080004194        0x0 /opt/devkitpro/devkitPPC/lib/gcc/powerpc-eabi/6.2.0/crtbegin.o
 .rela.text.__sram_read.constprop.10
                0x0000000080004194        0x0 /opt/devkitpro/devkitPPC/lib/gcc/powerpc-eabi/6.2.0/crtbegin.o
 .rela.text.__sram_init
                0x0000000080004194        0x0 /opt/devkitpro/devkitPPC/lib/gcc/powerpc-eabi/6.2.0/crtbegin.o
 .rela.text.__SYS_LockSram
                0x0000000080004194        0x0 /opt/devkitpro/devkitPPC/lib/gcc/powerpc-eabi/6.2.0/crtbegin.o
 .rela.text.__SYS_LockSramEx
                0x0000000080004194        0x0 /opt/devkitpro/devkitPPC/lib/gcc/powerpc-eabi/6.2.0/crtbegin.o
 .rela.text.__SYS_SyncSram
                0x0000000080004194        0x0 /opt/devkitpro/devkitPPC/lib/gcc/powerpc-eabi/6.2.0/crtbegin.o
 .rela.text.__SYS_SetBootTime
                0x0000000080004194        0x0 /opt/devkitpro/devkitPPC/lib/gcc/powerpc-eabi/6.2.0/crtbegin.o
 .rela.text.SYS_Init
                0x0000000080004194        0x0 /opt/devkitpro/devkitPPC/lib/gcc/powerpc-eabi/6.2.0/crtbegin.o
 .rela.text.SYS_SetAlarm
                0x0000000080004194        0x0 /opt/devkitpro/devkitPPC/lib/gcc/powerpc-eabi/6.2.0/crtbegin.o
 .rela.text.SYS_SetPeriodicAlarm
                0x0000000080004194        0x0 /opt/devkitpro/devkitPPC/lib/gcc/powerpc-eabi/6.2.0/crtbegin.o
 .rela.text.SYS_RemoveAlarm
                0x0000000080004194        0x0 /opt/devkitpro/devkitPPC/lib/gcc/powerpc-eabi/6.2.0/crtbegin.o
 .rela.text.SYS_CancelAlarm
                0x0000000080004194        0x0 /opt/devkitpro/devkitPPC/lib/gcc/powerpc-eabi/6.2.0/crtbegin.o
 .rela.text.SYS_SetWirelessID
                0x0000000080004194        0x0 /opt/devkitpro/devkitPPC/lib/gcc/powerpc-eabi/6.2.0/crtbegin.o
 .rela.text.SYS_GetWirelessID
                0x0000000080004194        0x0 /opt/devkitpro/devkitPPC/lib/gcc/powerpc-eabi/6.2.0/crtbegin.o
 .rela.text.__lwp_cond_waitsupp.constprop.4
                0x0000000080004194        0x0 /opt/devkitpro/devkitPPC/lib/gcc/powerpc-eabi/6.2.0/crtbegin.o
 .rela.text.__lwp_cond_signalsupp
                0x0000000080004194        0x0 /opt/devkitpro/devkitPPC/lib/gcc/powerpc-eabi/6.2.0/crtbegin.o
 .rela.text.__lwp_cond_init
                0x0000000080004194        0x0 /opt/devkitpro/devkitPPC/lib/gcc/powerpc-eabi/6.2.0/crtbegin.o
 .rela.text.LWP_CondInit
                0x0000000080004194        0x0 /opt/devkitpro/devkitPPC/lib/gcc/powerpc-eabi/6.2.0/crtbegin.o
 .rela.text.LWP_CondDestroy
                0x0000000080004194        0x0 /opt/devkitpro/devkitPPC/lib/gcc/powerpc-eabi/6.2.0/crtbegin.o
 .rela.text.c_decrementer_handler
                0x0000000080004194        0x0 /opt/devkitpro/devkitPPC/lib/gcc/powerpc-eabi/6.2.0/crtbegin.o
 .rela.text.__lwp_mqbox_init
                0x0000000080004194        0x0 /opt/devkitpro/devkitPPC/lib/gcc/powerpc-eabi/6.2.0/crtbegin.o
 .rela.text.MQ_Init
                0x0000000080004194        0x0 /opt/devkitpro/devkitPPC/lib/gcc/powerpc-eabi/6.2.0/crtbegin.o
 .rela.text.MQ_Close
                0x0000000080004194        0x0 /opt/devkitpro/devkitPPC/lib/gcc/powerpc-eabi/6.2.0/crtbegin.o
 .rela.text.MQ_Send
                0x0000000080004194        0x0 /opt/devkitpro/devkitPPC/lib/gcc/powerpc-eabi/6.2.0/crtbegin.o
 .rela.text.MQ_Receive
                0x0000000080004194        0x0 /opt/devkitpro/devkitPPC/lib/gcc/powerpc-eabi/6.2.0/crtbegin.o
 .rela.text.MQ_Jam
                0x0000000080004194        0x0 /opt/devkitpro/devkitPPC/lib/gcc/powerpc-eabi/6.2.0/crtbegin.o
 .rela.text.__ios_ioctlvformat_parse
                0x0000000080004194        0x0 /opt/devkitpro/devkitPPC/lib/gcc/powerpc-eabi/6.2.0/crtbegin.o
 .rela.text.__ioctlvfmtCB
                0x0000000080004194        0x0 /opt/devkitpro/devkitPPC/lib/gcc/powerpc-eabi/6.2.0/crtbegin.o
 .rela.text.IOS_IoctlvFormat
                0x0000000080004194        0x0 /opt/devkitpro/devkitPPC/lib/gcc/powerpc-eabi/6.2.0/crtbegin.o
 .rela.text.IOS_IoctlvFormatAsync
                0x0000000080004194        0x0 /opt/devkitpro/devkitPPC/lib/gcc/powerpc-eabi/6.2.0/crtbegin.o
 .rela.text.nanosleep
                0x0000000080004194        0x0 /opt/devkitpro/devkitPPC/lib/gcc/powerpc-eabi/6.2.0/crtbegin.o
 .rela.text.__libc_delete_hook
                0x0000000080004194        0x0 /opt/devkitpro/devkitPPC/lib/gcc/powerpc-eabi/6.2.0/crtbegin.o
 .rela.text.__libc_init
                0x0000000080004194        0x0 /opt/devkitpro/devkitPPC/lib/gcc/powerpc-eabi/6.2.0/crtbegin.o
 .rela.text.__libc_wrapup
                0x0000000080004194        0x0 /opt/devkitpro/devkitPPC/lib/gcc/powerpc-eabi/6.2.0/crtbegin.o
 .rela.text.__CheckARGV
                0x0000000080004194        0x0 /opt/devkitpro/devkitPPC/lib/gcc/powerpc-eabi/6.2.0/crtbegin.o
 .rela.text.__lwp_priority_init
                0x0000000080004194        0x0 /opt/devkitpro/devkitPPC/lib/gcc/powerpc-eabi/6.2.0/crtbegin.o
 .rela.text.__lwp_threadqueue_enqueuefifo
                0x0000000080004194        0x0 /opt/devkitpro/devkitPPC/lib/gcc/powerpc-eabi/6.2.0/crtbegin.o
 .rela.text.__lwp_threadqueue_dequeuefifo
                0x0000000080004194        0x0 /opt/devkitpro/devkitPPC/lib/gcc/powerpc-eabi/6.2.0/crtbegin.o
 .rela.text.__lwp_threadqueue_enqueuepriority
                0x0000000080004194        0x0 /opt/devkitpro/devkitPPC/lib/gcc/powerpc-eabi/6.2.0/crtbegin.o
 .rela.text.__lwp_threadqueue_dequeuepriority
                0x0000000080004194        0x0 /opt/devkitpro/devkitPPC/lib/gcc/powerpc-eabi/6.2.0/crtbegin.o
 .rela.text.__lwp_threadqueue_enqueue
                0x0000000080004194        0x0 /opt/devkitpro/devkitPPC/lib/gcc/powerpc-eabi/6.2.0/crtbegin.o
 .rela.text.__lwp_threadqueue_extractfifo
                0x0000000080004194        0x0 /opt/devkitpro/devkitPPC/lib/gcc/powerpc-eabi/6.2.0/crtbegin.o
 .rela.text.__lwp_threadqueue_extractpriority
                0x0000000080004194        0x0 /opt/devkitpro/devkitPPC/lib/gcc/powerpc-eabi/6.2.0/crtbegin.o
 .rela.text.__lwpmq_initialize
                0x0000000080004194        0x0 /opt/devkitpro/devkitPPC/lib/gcc/powerpc-eabi/6.2.0/crtbegin.o
 .rela.text.__lwpmq_close
                0x0000000080004194        0x0 /opt/devkitpro/devkitPPC/lib/gcc/powerpc-eabi/6.2.0/crtbegin.o
 .rela.text.__systemcall_init
                0x0000000080004194        0x0 /opt/devkitpro/devkitPPC/lib/gcc/powerpc-eabi/6.2.0/crtbegin.o
 .rela.text.__exception_init
                0x0000000080004194        0x0 /opt/devkitpro/devkitPPC/lib/gcc/powerpc-eabi/6.2.0/crtbegin.o
 .rela.text.__exception_close
                0x0000000080004194        0x0 /opt/devkitpro/devkitPPC/lib/gcc/powerpc-eabi/6.2.0/crtbegin.o
 .rela.text.__exception_sethandler
                0x0000000080004194        0x0 /opt/devkitpro/devkitPPC/lib/gcc/powerpc-eabi/6.2.0/crtbegin.o
 .rela.text.__lwp_sema_init
                0x0000000080004194        0x0 /opt/devkitpro/devkitPPC/lib/gcc/powerpc-eabi/6.2.0/crtbegin.o
 .rela.text.LWP_SemInit
                0x0000000080004194        0x0 /opt/devkitpro/devkitPPC/lib/gcc/powerpc-eabi/6.2.0/crtbegin.o
 .rela.text.LWP_SemWait
                0x0000000080004194        0x0 /opt/devkitpro/devkitPPC/lib/gcc/powerpc-eabi/6.2.0/crtbegin.o
 .rela.text.LWP_SemPost
                0x0000000080004194        0x0 /opt/devkitpro/devkitPPC/lib/gcc/powerpc-eabi/6.2.0/crtbegin.o
 .rela.text.LWP_SemDestroy
                0x0000000080004194        0x0 /opt/devkitpro/devkitPPC/lib/gcc/powerpc-eabi/6.2.0/crtbegin.o
 .rela.text.__lwp_mutex_locksupp.constprop.8
                0x0000000080004194        0x0 /opt/devkitpro/devkitPPC/lib/gcc/powerpc-eabi/6.2.0/crtbegin.o
 .rela.text.__lwp_mutex_init
                0x0000000080004194        0x0 /opt/devkitpro/devkitPPC/lib/gcc/powerpc-eabi/6.2.0/crtbegin.o
 .rela.text.LWP_MutexInit
                0x0000000080004194        0x0 /opt/devkitpro/devkitPPC/lib/gcc/powerpc-eabi/6.2.0/crtbegin.o
 .rela.text.LWP_MutexDestroy
                0x0000000080004194        0x0 /opt/devkitpro/devkitPPC/lib/gcc/powerpc-eabi/6.2.0/crtbegin.o
 .rela.text.LWP_MutexUnlock
                0x0000000080004194        0x0 /opt/devkitpro/devkitPPC/lib/gcc/powerpc-eabi/6.2.0/crtbegin.o
 .rela.text.__GX_InitRevBits
                0x0000000080004194        0x0 /opt/devkitpro/devkitPPC/lib/gcc/powerpc-eabi/6.2.0/crtbegin.o
 .rela.text.__GX_CleanGPFifo
                0x0000000080004194        0x0 /opt/devkitpro/devkitPPC/lib/gcc/powerpc-eabi/6.2.0/crtbegin.o
 .rela.text.__GXDefTexRegionCallback
                0x0000000080004194        0x0 /opt/devkitpro/devkitPPC/lib/gcc/powerpc-eabi/6.2.0/crtbegin.o
 .rela.text.__GXDefTlutRegionCallback
                0x0000000080004194        0x0 /opt/devkitpro/devkitPPC/lib/gcc/powerpc-eabi/6.2.0/crtbegin.o
 .rela.text.__SetSURegs
                0x0000000080004194        0x0 /opt/devkitpro/devkitPPC/lib/gcc/powerpc-eabi/6.2.0/crtbegin.o
 .rela.text.__GXCPInterruptHandler
                0x0000000080004194        0x0 /opt/devkitpro/devkitPPC/lib/gcc/powerpc-eabi/6.2.0/crtbegin.o
 .rela.text.__GX_Abort
                0x0000000080004194        0x0 /opt/devkitpro/devkitPPC/lib/gcc/powerpc-eabi/6.2.0/crtbegin.o
 .rela.text.GX_SetTexCoordGen2.part.7
                0x0000000080004194        0x0 /opt/devkitpro/devkitPPC/lib/gcc/powerpc-eabi/6.2.0/crtbegin.o
 .rela.text.__GX_SetDirtyState
                0x0000000080004194        0x0 /opt/devkitpro/devkitPPC/lib/gcc/powerpc-eabi/6.2.0/crtbegin.o
 .rela.text.GX_SetCPUFifo
                0x0000000080004194        0x0 /opt/devkitpro/devkitPPC/lib/gcc/powerpc-eabi/6.2.0/crtbegin.o
 .rela.text.GX_SetGPFifo
                0x0000000080004194        0x0 /opt/devkitpro/devkitPPC/lib/gcc/powerpc-eabi/6.2.0/crtbegin.o
 .rela.text.GX_RestoreWriteGatherPipe
                0x0000000080004194        0x0 /opt/devkitpro/devkitPPC/lib/gcc/powerpc-eabi/6.2.0/crtbegin.o
 .rela.text.GX_Flush
                0x0000000080004194        0x0 /opt/devkitpro/devkitPPC/lib/gcc/powerpc-eabi/6.2.0/crtbegin.o
 .rela.text.GX_RedirectWriteGatherPipe
                0x0000000080004194        0x0 /opt/devkitpro/devkitPPC/lib/gcc/powerpc-eabi/6.2.0/crtbegin.o
 .rela.text.__gx_onreset
                0x0000000080004194        0x0 /opt/devkitpro/devkitPPC/lib/gcc/powerpc-eabi/6.2.0/crtbegin.o
 .rela.text.GX_EnableBreakPt
                0x0000000080004194        0x0 /opt/devkitpro/devkitPPC/lib/gcc/powerpc-eabi/6.2.0/crtbegin.o
 .rela.text.GX_DisableBreakPt
                0x0000000080004194        0x0 /opt/devkitpro/devkitPPC/lib/gcc/powerpc-eabi/6.2.0/crtbegin.o
 .rela.text.GX_AbortFrame
                0x0000000080004194        0x0 /opt/devkitpro/devkitPPC/lib/gcc/powerpc-eabi/6.2.0/crtbegin.o
 .rela.text.GX_PixModeSync
                0x0000000080004194        0x0 /opt/devkitpro/devkitPPC/lib/gcc/powerpc-eabi/6.2.0/crtbegin.o
 .rela.text.GX_SetMisc
                0x0000000080004194        0x0 /opt/devkitpro/devkitPPC/lib/gcc/powerpc-eabi/6.2.0/crtbegin.o
 .rela.text.GX_SetCopyClamp
                0x0000000080004194        0x0 /opt/devkitpro/devkitPPC/lib/gcc/powerpc-eabi/6.2.0/crtbegin.o
 .rela.text.GX_SetDispCopyGamma
                0x0000000080004194        0x0 /opt/devkitpro/devkitPPC/lib/gcc/powerpc-eabi/6.2.0/crtbegin.o
 .rela.text.GX_SetDispCopyFrame2Field
                0x0000000080004194        0x0 /opt/devkitpro/devkitPPC/lib/gcc/powerpc-eabi/6.2.0/crtbegin.o
 .rela.text.GX_SetDispCopyYScale
                0x0000000080004194        0x0 /opt/devkitpro/devkitPPC/lib/gcc/powerpc-eabi/6.2.0/crtbegin.o
 .rela.text.GX_SetDispCopyDst
                0x0000000080004194        0x0 /opt/devkitpro/devkitPPC/lib/gcc/powerpc-eabi/6.2.0/crtbegin.o
 .rela.text.GX_SetDispCopySrc
                0x0000000080004194        0x0 /opt/devkitpro/devkitPPC/lib/gcc/powerpc-eabi/6.2.0/crtbegin.o
 .rela.text.GX_CopyDisp
                0x0000000080004194        0x0 /opt/devkitpro/devkitPPC/lib/gcc/powerpc-eabi/6.2.0/crtbegin.o
 .rela.text.GX_CopyTex
                0x0000000080004194        0x0 /opt/devkitpro/devkitPPC/lib/gcc/powerpc-eabi/6.2.0/crtbegin.o
 .rela.text.GX_SetTexCopySrc
                0x0000000080004194        0x0 /opt/devkitpro/devkitPPC/lib/gcc/powerpc-eabi/6.2.0/crtbegin.o
 .rela.text.GX_SetTexCopyDst
                0x0000000080004194        0x0 /opt/devkitpro/devkitPPC/lib/gcc/powerpc-eabi/6.2.0/crtbegin.o
 .rela.text.GX_BeginDispList
                0x0000000080004194        0x0 /opt/devkitpro/devkitPPC/lib/gcc/powerpc-eabi/6.2.0/crtbegin.o
 .rela.text.GX_EndDispList
                0x0000000080004194        0x0 /opt/devkitpro/devkitPPC/lib/gcc/powerpc-eabi/6.2.0/crtbegin.o
 .rela.text.GX_CallDispList
                0x0000000080004194        0x0 /opt/devkitpro/devkitPPC/lib/gcc/powerpc-eabi/6.2.0/crtbegin.o
 .rela.text.GX_SetChanCtrl
                0x0000000080004194        0x0 /opt/devkitpro/devkitPPC/lib/gcc/powerpc-eabi/6.2.0/crtbegin.o
 .rela.text.GX_SetChanAmbColor
                0x0000000080004194        0x0 /opt/devkitpro/devkitPPC/lib/gcc/powerpc-eabi/6.2.0/crtbegin.o
 .rela.text.GX_SetChanMatColor
                0x0000000080004194        0x0 /opt/devkitpro/devkitPPC/lib/gcc/powerpc-eabi/6.2.0/crtbegin.o
 .rela.text.GX_SetVtxDesc
                0x0000000080004194        0x0 /opt/devkitpro/devkitPPC/lib/gcc/powerpc-eabi/6.2.0/crtbegin.o
 .rela.text.GX_SetVtxDescv
                0x0000000080004194        0x0 /opt/devkitpro/devkitPPC/lib/gcc/powerpc-eabi/6.2.0/crtbegin.o
 .rela.text.GX_GetVtxDescv
                0x0000000080004194        0x0 /opt/devkitpro/devkitPPC/lib/gcc/powerpc-eabi/6.2.0/crtbegin.o
 .rela.text.GX_SetVtxAttrFmt
                0x0000000080004194        0x0 /opt/devkitpro/devkitPPC/lib/gcc/powerpc-eabi/6.2.0/crtbegin.o
 .rela.text.GX_SetVtxAttrFmtv
                0x0000000080004194        0x0 /opt/devkitpro/devkitPPC/lib/gcc/powerpc-eabi/6.2.0/crtbegin.o
 .rela.text.GX_Begin
                0x0000000080004194        0x0 /opt/devkitpro/devkitPPC/lib/gcc/powerpc-eabi/6.2.0/crtbegin.o
 .rela.text.GX_SetCurrentMtx
                0x0000000080004194        0x0 /opt/devkitpro/devkitPPC/lib/gcc/powerpc-eabi/6.2.0/crtbegin.o
 .rela.text.GX_SetNumTexGens
                0x0000000080004194        0x0 /opt/devkitpro/devkitPPC/lib/gcc/powerpc-eabi/6.2.0/crtbegin.o
 .rela.text.GX_SetZMode
                0x0000000080004194        0x0 /opt/devkitpro/devkitPPC/lib/gcc/powerpc-eabi/6.2.0/crtbegin.o
 .rela.text.GX_LoadTexObjPreloaded
                0x0000000080004194        0x0 /opt/devkitpro/devkitPPC/lib/gcc/powerpc-eabi/6.2.0/crtbegin.o
 .rela.text.GX_PreloadEntireTexture
                0x0000000080004194        0x0 /opt/devkitpro/devkitPPC/lib/gcc/powerpc-eabi/6.2.0/crtbegin.o
 .rela.text.GX_InvalidateTexAll
                0x0000000080004194        0x0 /opt/devkitpro/devkitPPC/lib/gcc/powerpc-eabi/6.2.0/crtbegin.o
 .rela.text.GX_InvalidateTexRegion
                0x0000000080004194        0x0 /opt/devkitpro/devkitPPC/lib/gcc/powerpc-eabi/6.2.0/crtbegin.o
 .rela.text.GX_LoadTlut
                0x0000000080004194        0x0 /opt/devkitpro/devkitPPC/lib/gcc/powerpc-eabi/6.2.0/crtbegin.o
 .rela.text.GX_SetTexCoordScaleManually
                0x0000000080004194        0x0 /opt/devkitpro/devkitPPC/lib/gcc/powerpc-eabi/6.2.0/crtbegin.o
 .rela.text.GX_SetTexCoordCylWrap
                0x0000000080004194        0x0 /opt/devkitpro/devkitPPC/lib/gcc/powerpc-eabi/6.2.0/crtbegin.o
 .rela.text.GX_SetTexCoordBias
                0x0000000080004194        0x0 /opt/devkitpro/devkitPPC/lib/gcc/powerpc-eabi/6.2.0/crtbegin.o
 .rela.text.GX_SetBlendMode
                0x0000000080004194        0x0 /opt/devkitpro/devkitPPC/lib/gcc/powerpc-eabi/6.2.0/crtbegin.o
 .rela.text.GX_ClearVtxDesc
                0x0000000080004194        0x0 /opt/devkitpro/devkitPPC/lib/gcc/powerpc-eabi/6.2.0/crtbegin.o
 .rela.text.GX_SetLineWidth
                0x0000000080004194        0x0 /opt/devkitpro/devkitPPC/lib/gcc/powerpc-eabi/6.2.0/crtbegin.o
 .rela.text.GX_SetPointSize
                0x0000000080004194        0x0 /opt/devkitpro/devkitPPC/lib/gcc/powerpc-eabi/6.2.0/crtbegin.o
 .rela.text.GX_SetTevColorIn
                0x0000000080004194        0x0 /opt/devkitpro/devkitPPC/lib/gcc/powerpc-eabi/6.2.0/crtbegin.o
 .rela.text.GX_SetTevAlphaIn
                0x0000000080004194        0x0 /opt/devkitpro/devkitPPC/lib/gcc/powerpc-eabi/6.2.0/crtbegin.o
 .rela.text.GX_SetTevColorOp
                0x0000000080004194        0x0 /opt/devkitpro/devkitPPC/lib/gcc/powerpc-eabi/6.2.0/crtbegin.o
 .rela.text.GX_SetTevAlphaOp
                0x0000000080004194        0x0 /opt/devkitpro/devkitPPC/lib/gcc/powerpc-eabi/6.2.0/crtbegin.o
 .rela.text.GX_SetTevOp
                0x0000000080004194        0x0 /opt/devkitpro/devkitPPC/lib/gcc/powerpc-eabi/6.2.0/crtbegin.o
 .rela.text.GX_SetCullMode
                0x0000000080004194        0x0 /opt/devkitpro/devkitPPC/lib/gcc/powerpc-eabi/6.2.0/crtbegin.o
 .rela.text.GX_SetCoPlanar
                0x0000000080004194        0x0 /opt/devkitpro/devkitPPC/lib/gcc/powerpc-eabi/6.2.0/crtbegin.o
 .rela.text.GX_EnableTexOffsets
                0x0000000080004194        0x0 /opt/devkitpro/devkitPPC/lib/gcc/powerpc-eabi/6.2.0/crtbegin.o
 .rela.text.GX_SetScissor
                0x0000000080004194        0x0 /opt/devkitpro/devkitPPC/lib/gcc/powerpc-eabi/6.2.0/crtbegin.o
 .rela.text.GX_SetNumChans
                0x0000000080004194        0x0 /opt/devkitpro/devkitPPC/lib/gcc/powerpc-eabi/6.2.0/crtbegin.o
 .rela.text.GX_SetTevOrder
                0x0000000080004194        0x0 /opt/devkitpro/devkitPPC/lib/gcc/powerpc-eabi/6.2.0/crtbegin.o
 .rela.text.GX_SetNumTevStages
                0x0000000080004194        0x0 /opt/devkitpro/devkitPPC/lib/gcc/powerpc-eabi/6.2.0/crtbegin.o
 .rela.text.GX_SetTevKColorSel
                0x0000000080004194        0x0 /opt/devkitpro/devkitPPC/lib/gcc/powerpc-eabi/6.2.0/crtbegin.o
 .rela.text.GX_SetTevKAlphaSel
                0x0000000080004194        0x0 /opt/devkitpro/devkitPPC/lib/gcc/powerpc-eabi/6.2.0/crtbegin.o
 .rela.text.GX_SetTevSwapMode
                0x0000000080004194        0x0 /opt/devkitpro/devkitPPC/lib/gcc/powerpc-eabi/6.2.0/crtbegin.o
 .rela.text.GX_SetTevSwapModeTable
                0x0000000080004194        0x0 /opt/devkitpro/devkitPPC/lib/gcc/powerpc-eabi/6.2.0/crtbegin.o
 .rela.text.GX_SetNumIndStages
                0x0000000080004194        0x0 /opt/devkitpro/devkitPPC/lib/gcc/powerpc-eabi/6.2.0/crtbegin.o
 .rela.text.GX_SetIndTexCoordScale
                0x0000000080004194        0x0 /opt/devkitpro/devkitPPC/lib/gcc/powerpc-eabi/6.2.0/crtbegin.o
 .rela.text.GX_SetColorUpdate
                0x0000000080004194        0x0 /opt/devkitpro/devkitPPC/lib/gcc/powerpc-eabi/6.2.0/crtbegin.o
 .rela.text.GX_SetAlphaUpdate
                0x0000000080004194        0x0 /opt/devkitpro/devkitPPC/lib/gcc/powerpc-eabi/6.2.0/crtbegin.o
 .rela.text.GX_SetZCompLoc
                0x0000000080004194        0x0 /opt/devkitpro/devkitPPC/lib/gcc/powerpc-eabi/6.2.0/crtbegin.o
 .rela.text.GX_SetPixelFmt
                0x0000000080004194        0x0 /opt/devkitpro/devkitPPC/lib/gcc/powerpc-eabi/6.2.0/crtbegin.o
 .rela.text.GX_SetDither
                0x0000000080004194        0x0 /opt/devkitpro/devkitPPC/lib/gcc/powerpc-eabi/6.2.0/crtbegin.o
 .rela.text.GX_SetDstAlpha
                0x0000000080004194        0x0 /opt/devkitpro/devkitPPC/lib/gcc/powerpc-eabi/6.2.0/crtbegin.o
 .rela.text.GX_SetFieldMode
                0x0000000080004194        0x0 /opt/devkitpro/devkitPPC/lib/gcc/powerpc-eabi/6.2.0/crtbegin.o
 .rela.text.GX_SetIndTexOrder
                0x0000000080004194        0x0 /opt/devkitpro/devkitPPC/lib/gcc/powerpc-eabi/6.2.0/crtbegin.o
 .rela.text.GX_SetGPMetric
                0x0000000080004194        0x0 /opt/devkitpro/devkitPPC/lib/gcc/powerpc-eabi/6.2.0/crtbegin.o
 .rela.text.GX_Init
                0x0000000080004194        0x0 /opt/devkitpro/devkitPPC/lib/gcc/powerpc-eabi/6.2.0/crtbegin.o
 .rela.text.GX_ReadGPMetric
                0x0000000080004194        0x0 /opt/devkitpro/devkitPPC/lib/gcc/powerpc-eabi/6.2.0/crtbegin.o
 .rela.text.kprintf
                0x0000000080004194        0x0 /opt/devkitpro/devkitPPC/lib/gcc/powerpc-eabi/6.2.0/crtbegin.o
 .rela.text.atangent
                0x0000000080004194        0x0 /opt/devkitpro/devkitPPC/lib/gcc/powerpc-eabi/6.2.0/crtbegin.o
 .rela.text.atangentf
                0x0000000080004194        0x0 /opt/devkitpro/devkitPPC/lib/gcc/powerpc-eabi/6.2.0/crtbegin.o
 .rela.text.sinef
                0x0000000080004194        0x0 /opt/devkitpro/devkitPPC/lib/gcc/powerpc-eabi/6.2.0/crtbegin.o
 .rela.text.sqrtf
                0x0000000080004194        0x0 /opt/devkitpro/devkitPPC/lib/gcc/powerpc-eabi/6.2.0/crtbegin.o
 .rela.text.calloc
                0x0000000080004194        0x0 /opt/devkitpro/devkitPPC/lib/gcc/powerpc-eabi/6.2.0/crtbegin.o
 .rela.text.__errno
                0x0000000080004194        0x0 /opt/devkitpro/devkitPPC/lib/gcc/powerpc-eabi/6.2.0/crtbegin.o
 .rela.text.exit
                0x0000000080004194        0x0 /opt/devkitpro/devkitPPC/lib/gcc/powerpc-eabi/6.2.0/crtbegin.o
 .rela.text.fclose
                0x0000000080004194        0x0 /opt/devkitpro/devkitPPC/lib/gcc/powerpc-eabi/6.2.0/crtbegin.o
 .rela.text.fflush
                0x0000000080004194        0x0 /opt/devkitpro/devkitPPC/lib/gcc/powerpc-eabi/6.2.0/crtbegin.o
 .rela.text.std.isra.0
                0x0000000080004194        0x0 /opt/devkitpro/devkitPPC/lib/gcc/powerpc-eabi/6.2.0/crtbegin.o
 .rela.text._cleanup
                0x0000000080004194        0x0 /opt/devkitpro/devkitPPC/lib/gcc/powerpc-eabi/6.2.0/crtbegin.o
 .rela.text.__sfp
                0x0000000080004194        0x0 /opt/devkitpro/devkitPPC/lib/gcc/powerpc-eabi/6.2.0/crtbegin.o
 .rela.text.__fp_lock_all
                0x0000000080004194        0x0 /opt/devkitpro/devkitPPC/lib/gcc/powerpc-eabi/6.2.0/crtbegin.o
 .rela.text.__fp_unlock_all
                0x0000000080004194        0x0 /opt/devkitpro/devkitPPC/lib/gcc/powerpc-eabi/6.2.0/crtbegin.o
 .rela.text._fopen_r
                0x0000000080004194        0x0 /opt/devkitpro/devkitPPC/lib/gcc/powerpc-eabi/6.2.0/crtbegin.o
 .rela.text.fopen
                0x0000000080004194        0x0 /opt/devkitpro/devkitPPC/lib/gcc/powerpc-eabi/6.2.0/crtbegin.o
 .rela.text.fprintf
                0x0000000080004194        0x0 /opt/devkitpro/devkitPPC/lib/gcc/powerpc-eabi/6.2.0/crtbegin.o
 .rela.text.fread
                0x0000000080004194        0x0 /opt/devkitpro/devkitPPC/lib/gcc/powerpc-eabi/6.2.0/crtbegin.o
 .rela.text._malloc_trim_r
                0x0000000080004194        0x0 /opt/devkitpro/devkitPPC/lib/gcc/powerpc-eabi/6.2.0/crtbegin.o
 .rela.text._free_r
                0x0000000080004194        0x0 /opt/devkitpro/devkitPPC/lib/gcc/powerpc-eabi/6.2.0/crtbegin.o
 .rela.text.fseek
                0x0000000080004194        0x0 /opt/devkitpro/devkitPPC/lib/gcc/powerpc-eabi/6.2.0/crtbegin.o
 .rela.text._fseeko_r
                0x0000000080004194        0x0 /opt/devkitpro/devkitPPC/lib/gcc/powerpc-eabi/6.2.0/crtbegin.o
 .rela.text.fseeko
                0x0000000080004194        0x0 /opt/devkitpro/devkitPPC/lib/gcc/powerpc-eabi/6.2.0/crtbegin.o
 .rela.text.ftell
                0x0000000080004194        0x0 /opt/devkitpro/devkitPPC/lib/gcc/powerpc-eabi/6.2.0/crtbegin.o
 .rela.text.ftello
                0x0000000080004194        0x0 /opt/devkitpro/devkitPPC/lib/gcc/powerpc-eabi/6.2.0/crtbegin.o
 .rela.text.fwrite
                0x0000000080004194        0x0 /opt/devkitpro/devkitPPC/lib/gcc/powerpc-eabi/6.2.0/crtbegin.o
 .rela.text.__smakebuf_r
                0x0000000080004194        0x0 /opt/devkitpro/devkitPPC/lib/gcc/powerpc-eabi/6.2.0/crtbegin.o
 .rela.text._svfprintf_r
                0x0000000080004194        0x0 /opt/devkitpro/devkitPPC/lib/gcc/powerpc-eabi/6.2.0/crtbegin.o
 .rela.text._vfprintf_r
                0x0000000080004194        0x0 /opt/devkitpro/devkitPPC/lib/gcc/powerpc-eabi/6.2.0/crtbegin.o
 .rela.text._wcrtomb_r
                0x0000000080004194        0x0 /opt/devkitpro/devkitPPC/lib/gcc/powerpc-eabi/6.2.0/crtbegin.o
 .rela.text.wcrtomb
                0x0000000080004194        0x0 /opt/devkitpro/devkitPPC/lib/gcc/powerpc-eabi/6.2.0/crtbegin.o
 .rela.text.__call_exitprocs
                0x0000000080004194        0x0 /opt/devkitpro/devkitPPC/lib/gcc/powerpc-eabi/6.2.0/crtbegin.o
 .rela.text._dtoa_r
                0x0000000080004194        0x0 /opt/devkitpro/devkitPPC/lib/gcc/powerpc-eabi/6.2.0/crtbegin.o
 .rela.text.loadlocale
                0x0000000080004194        0x0 /opt/devkitpro/devkitPPC/lib/gcc/powerpc-eabi/6.2.0/crtbegin.o
 .rela.text._findenv_r
                0x0000000080004194        0x0 /opt/devkitpro/devkitPPC/lib/gcc/powerpc-eabi/6.2.0/crtbegin.o

.rel.fini
 *(.rel.fini)

.rela.fini
 *(.rela.fini)

.rel.rodata
 *(.rel.rodata .rel.rodata.* .rel.gnu.linkonce.r.*)

.rela.rodata
 *(.rela.rodata .rela.rodata.* .rela.gnu.linkonce.r.*)

.rel.data
 *(.rel.data .rel.data.* .rel.gnu.linkonce.d.*)

.rela.data
 *(.rela.data .rela.data.* .rela.gnu.linkonce.d.*)

.rel.tdata
 *(.rel.tdata .rel.tdata.* .rel.gnu.linkonce.td.*)

.rela.tdata
 *(.rela.tdata .rela.tdata.* .rela.gnu.linkonce.td.*)

.rel.tbss
 *(.rel.tbss .rel.tbss.* .rel.gnu.linkonce.tb.*)

.rela.tbss
 *(.rela.tbss .rela.tbss.* .rela.gnu.linkonce.tb.*)

.rel.ctors
 *(.rel.ctors)

.rela.ctors
 *(.rela.ctors)

.rel.dtors
 *(.rel.dtors)

.rela.dtors
 *(.rela.dtors)

.rel.got
 *(.rel.got)

.rela.got
 *(.rela.got)

.rela.got1
 *(.rela.got1)

.rela.got2      0x0000000080004194        0x0
 *(.rela.got2)
 .rela.got2     0x0000000080004194        0x0 /opt/devkitpro/devkitPPC/lib/gcc/powerpc-eabi/6.2.0/crtbegin.o

.rel.sdata
 *(.rel.sdata .rel.sdata.* .rel.gnu.linkonce.s.*)

.rela.sdata
 *(.rela.sdata .rela.sdata.* .rela.gnu.linkonce.s.*)

.rel.sbss
 *(.rel.sbss .rel.sbss.* .rel.gnu.linkonce.sb.*)

.rela.sbss
 *(.rela.sbss .rela.sbss.* .rel.gnu.linkonce.sb.*)

.rel.sdata2
 *(.rel.sdata2 .rel.sdata2.* .rel.gnu.linkonce.s2.*)

.rela.sdata2    0x0000000080004194        0x0
 *(.rela.sdata2 .rela.sdata2.* .rela.gnu.linkonce.s2.*)
 .rela.sdata2.__sys_inIPL
                0x0000000080004194        0x0 /opt/devkitpro/devkitPPC/lib/gcc/powerpc-eabi/6.2.0/crtbegin.o

.rel.sbss2
 *(.rel.sbss2 .rel.sbss2.* .rel.gnu.linkonce.sb2.*)

.rela.sbss2
 *(.rela.sbss2 .rela.sbss2.* .rela.gnu.linkonce.sb2.*)

.rel.bss
 *(.rel.bss .rel.bss.* .rel.gnu.linkonce.b.*)

.rela.bss
 *(.rela.bss .rela.bss.* .rela.gnu.linkonce.b.*)

.rel.plt
 *(.rel.plt)

.rela.plt
 *(.rela.plt)

.text           0x00000000800041a0    0x39440
 *(.text)
 .text          0x00000000800041a0      0x1f4 /opt/devkitpro/devkitPPC/lib/gcc/powerpc-eabi/6.2.0/crtbegin.o
 .text          0x0000000080004394       0x44 /opt/devkitpro/devkitPPC/lib/gcc/powerpc-eabi/6.2.0/../../../../powerpc-eabi/lib/crtmain.o
                0x0000000080004398                __crtmain
 *fill*         0x00000000800043d8        0x8 00000000
 .text          0x00000000800043e0      0x44c /opt/devkitpro/libogc/lib/wii/libogc.a(lwp_handler.o)
                0x00000000800043e0                _cpu_context_save_fp
                0x0000000080004520                _cpu_context_restore_fp
                0x0000000080004660                _cpu_context_switch
                0x0000000080004740                _cpu_context_save
                0x00000000800047c0                _cpu_context_restore
 .text          0x000000008000482c      0x4f4 /opt/devkitpro/libogc/lib/wii/libogc.a(cache_asm.o)
                0x000000008000482c                DCFlashInvalidate
                0x0000000080004840                DCEnable
                0x0000000080004854                DCDisable
                0x0000000080004868                DCFreeze
                0x000000008000487c                DCUnfreeze
                0x0000000080004890                DCTouchLoad
                0x0000000080004898                DCBlockZero
                0x00000000800048a0                DCBlockStore
                0x00000000800048a8                DCBlockFlush
                0x00000000800048b0                DCBlockInvalidate
                0x00000000800048b8                DCInvalidateRange
                0x00000000800048e8                DCFlushRange
                0x000000008000491c                DCStoreRange
                0x0000000080004950                DCFlushRangeNoSync
                0x0000000080004980                DCStoreRangeNoSync
                0x00000000800049b0                DCZeroRange
                0x00000000800049e0                DCTouchRange
                0x0000000080004a10                ICInvalidateRange
                0x0000000080004a48                ICFlashInvalidate
                0x0000000080004a5c                ICEnable
                0x0000000080004a70                ICDisable
                0x0000000080004a84                ICFreeze
                0x0000000080004a98                ICUnfreeze
                0x0000000080004aac                ICBlockInvalidate
                0x0000000080004ab4                ICSync
                0x0000000080004abc                L2Init
                0x0000000080004b04                L2Enable
                0x0000000080004b20                L2Disable
                0x0000000080004b38                L2GlobalInvalidate
                0x0000000080004b90                __LCEnable
                0x0000000080004c5c                LCDisable
                0x0000000080004c84                LCAllocOneTag
                0x0000000080004c98                LCAllocTags
                0x0000000080004cd8                LCLoadBlocks
                0x0000000080004cfc                LCStoreBlocks
 .text          0x0000000080004d20      0x4a0 /opt/devkitpro/libogc/lib/wii/libogc.a(system_asm.o)
                0x0000000080004d20                __realmode
                0x0000000080004d38                __configBATS
                0x0000000080004e68                __InitFPRS
                0x0000000080004f94                __InitPS
                0x0000000080004ff0                __InitCache
                0x0000000080005048                __InitSystem
                0x00000000800050d0                __flush_cache
                0x0000000080005104                __reset
                0x0000000080005174                __InitBATS
                0x0000000080005190                SYS_SwitchFiber
 .text          0x00000000800051c0      0x1ac /opt/devkitpro/libogc/lib/wii/libogc.a(irq_handler.o)
                0x00000000800051c0                irq_exceptionhandler
 .text          0x000000008000536c      0x1ac /opt/devkitpro/libogc/lib/wii/libogc.a(decrementer_handler.o)
                0x000000008000536c                dec_exceptionhandler
 .text          0x0000000080005518      0x35c /opt/devkitpro/libogc/lib/wii/libogc.a(exception_handler.o)
                0x0000000080005518                exceptionhandler_start
                0x0000000080005594                exceptionhandler_patch
                0x00000000800055c8                exceptionhandler_end
                0x00000000800055cc                default_exceptionhandler
                0x00000000800056fc                fpu_exceptionhandler
                0x0000000080005844                systemcallhandler_start
                0x0000000080005870                systemcallhandler_end
 .text          0x0000000080005874      0x3e4 /opt/devkitpro/devkitPPC/lib/gcc/powerpc-eabi/6.2.0/libgcc.a(_udivdi3.o)
                0x0000000080005874                __udivdi3
 .text          0x0000000080005c58      0x3c4 /opt/devkitpro/devkitPPC/lib/gcc/powerpc-eabi/6.2.0/libgcc.a(_umoddi3.o)
                0x0000000080005c58                __umoddi3
 .text          0x000000008000601c       0x48 /opt/devkitpro/devkitPPC/lib/gcc/powerpc-eabi/6.2.0/libgcc.a(eabi.o)
                0x000000008000601c                __eabi
 .text          0x0000000080006064       0x28 /opt/devkitpro/devkitPPC/lib/gcc/powerpc-eabi/6.2.0/../../../../powerpc-eabi/lib/libsysbase.a(abort.o)
                0x0000000080006064                abort
 .text          0x000000008000608c      0x2e0 /opt/devkitpro/devkitPPC/lib/gcc/powerpc-eabi/6.2.0/../../../../powerpc-eabi/lib/libsysbase.a(iosupport.o)
                0x000000008000608c                setDefaultDevice
                0x00000000800060a4                FindDevice
                0x00000000800061b8                RemoveDevice
                0x0000000080006200                AddDevice
                0x000000008000631c                GetDeviceOpTab
 .text          0x000000008000636c       0x2c /opt/devkitpro/devkitPPC/lib/gcc/powerpc-eabi/6.2.0/../../../../powerpc-eabi/lib/libsysbase.a(_exit.o)
                0x000000008000636c                _exit
 .text          0x0000000080006398       0x88 /opt/devkitpro/devkitPPC/lib/gcc/powerpc-eabi/6.2.0/../../../../powerpc-eabi/lib/libsysbase.a(build_argv.o)
                0x0000000080006398                build_argv
 .text          0x0000000080006420       0xb0 /opt/devkitpro/devkitPPC/lib/gcc/powerpc-eabi/6.2.0/../../../../powerpc-eabi/lib/libsysbase.a(syscall_support.o)
                0x0000000080006420                __libc_lock_init
                0x0000000080006440                __libc_lock_close
                0x0000000080006460                __libc_lock_release
                0x0000000080006480                __libc_lock_acquire
                0x00000000800064a0                __malloc_lock
                0x00000000800064b8                __malloc_unlock
 .text          0x00000000800064d0       0xa0 /opt/devkitpro/devkitPPC/lib/gcc/powerpc-eabi/6.2.0/../../../../powerpc-eabi/lib/libsysbase.a(close.o)
                0x00000000800064d0                _close_r
 .text          0x0000000080006570       0xb0 /opt/devkitpro/devkitPPC/lib/gcc/powerpc-eabi/6.2.0/../../../../powerpc-eabi/lib/libsysbase.a(fstat.o)
                0x0000000080006570                _fstat_r
 .text          0x0000000080006620        0x8 /opt/devkitpro/devkitPPC/lib/gcc/powerpc-eabi/6.2.0/../../../../powerpc-eabi/lib/libsysbase.a(isatty.o)
                0x0000000080006620                _isatty_r
 .text          0x0000000080006628       0xc0 /opt/devkitpro/devkitPPC/lib/gcc/powerpc-eabi/6.2.0/../../../../powerpc-eabi/lib/libsysbase.a(lseek.o)
                0x0000000080006628                _lseek_r
 .text          0x00000000800066e8       0xb0 /opt/devkitpro/devkitPPC/lib/gcc/powerpc-eabi/6.2.0/../../../../powerpc-eabi/lib/libsysbase.a(read.o)
                0x00000000800066e8                _read_r
 .text          0x0000000080006798       0x28 /opt/devkitpro/devkitPPC/lib/gcc/powerpc-eabi/6.2.0/../../../../powerpc-eabi/lib/libsysbase.a(sbrk.o)
                0x0000000080006798                _sbrk_r
 .text          0x00000000800067c0       0xd4 /opt/devkitpro/devkitPPC/lib/gcc/powerpc-eabi/6.2.0/../../../../powerpc-eabi/lib/libsysbase.a(write.o)
                0x00000000800067c0                _write_r
 .text          0x0000000080006894       0x4c /opt/devkitpro/devkitPPC/lib/gcc/powerpc-eabi/6.2.0/../../../../powerpc-eabi/lib/libsysbase.a(flock.o)
                0x0000000080006894                __flockfile
                0x00000000800068d8                __funlockfile
 .text          0x00000000800068e0      0x174 /opt/devkitpro/devkitPPC/lib/gcc/powerpc-eabi/6.2.0/../../../../powerpc-eabi/lib/libsysbase.a(handle_manager.o)
                0x00000000800068e0                __release_handle
                0x000000008000693c                __alloc_handle
                0x0000000080006a2c                __get_handle
 .text          0x0000000080006a54       0x68 /opt/devkitpro/devkitPPC/lib/gcc/powerpc-eabi/6.2.0/crtend.o
 *(.text.*)
 .text.startup.main
                0x0000000080006abc      0x120 template.o
                0x0000000080006abc                main
 .text.__wpad_assign_slot
                0x0000000080006bdc      0x20c /opt/devkitpro/libogc/lib/wii/libwiiuse.a(wpad.o)
                0x0000000080006bdc                __wpad_assign_slot
 .text.__wpad_def_powcb
                0x0000000080006de8        0x4 /opt/devkitpro/libogc/lib/wii/libwiiuse.a(wpad.o)
 .text.__wpad_disconnect
                0x0000000080006dec       0x4c /opt/devkitpro/libogc/lib/wii/libwiiuse.a(wpad.o)
 .text.__readlinkkey_finished
                0x0000000080006e38       0x34 /opt/devkitpro/libogc/lib/wii/libwiiuse.a(wpad.o)
 .text.__wpad_patch_finished
                0x0000000080006e6c       0x2c /opt/devkitpro/libogc/lib/wii/libwiiuse.a(wpad.o)
 .text.__wpad_setfmt
                0x0000000080006e98      0x124 /opt/devkitpro/libogc/lib/wii/libwiiuse.a(wpad.o)
 .text.__wpad_eventCB
                0x0000000080006fbc      0xa48 /opt/devkitpro/libogc/lib/wii/libwiiuse.a(wpad.o)
 .text.__wpad_disconnectCB
                0x0000000080007a04       0xd4 /opt/devkitpro/libogc/lib/wii/libwiiuse.a(wpad.o)
                0x0000000080007a04                __wpad_disconnectCB
 .text.__wpad_timeouthandler
                0x0000000080007ad8       0xb0 /opt/devkitpro/libogc/lib/wii/libwiiuse.a(wpad.o)
 .text.__initcore_finished
                0x0000000080007b88       0x48 /opt/devkitpro/libogc/lib/wii/libwiiuse.a(wpad.o)
 .text.__wpad_init_finished
                0x0000000080007bd0      0x1d0 /opt/devkitpro/libogc/lib/wii/libwiiuse.a(wpad.o)
 .text.WPAD_ReadEvent
                0x0000000080007da0      0x64c /opt/devkitpro/libogc/lib/wii/libwiiuse.a(wpad.o)
                0x0000000080007da0                WPAD_ReadEvent
 .text.WPAD_ReadPending
                0x00000000800083ec      0x188 /opt/devkitpro/libogc/lib/wii/libwiiuse.a(wpad.o)
                0x00000000800083ec                WPAD_ReadPending
 .text.WPAD_ReadPending.part.5
                0x0000000080008574       0x68 /opt/devkitpro/libogc/lib/wii/libwiiuse.a(wpad.o)
 .text.WPAD_Shutdown
                0x00000000800085dc       0xcc /opt/devkitpro/libogc/lib/wii/libwiiuse.a(wpad.o)
                0x00000000800085dc                WPAD_Shutdown
 .text.WPAD_Init
                0x00000000800086a8      0x294 /opt/devkitpro/libogc/lib/wii/libwiiuse.a(wpad.o)
                0x00000000800086a8                WPAD_Init
 .text.__wpad_onreset
                0x000000008000893c       0x34 /opt/devkitpro/libogc/lib/wii/libwiiuse.a(wpad.o)
 .text.WPAD_ScanPads
                0x0000000080008970        0x8 /opt/devkitpro/libogc/lib/wii/libwiiuse.a(wpad.o)
                0x0000000080008970                WPAD_ScanPads
 .text.WPAD_ButtonsDown
                0x0000000080008978       0x28 /opt/devkitpro/libogc/lib/wii/libwiiuse.a(wpad.o)
                0x0000000080008978                WPAD_ButtonsDown
 .text.motion_plus_disconnected
                0x00000000800089a0       0x10 /opt/devkitpro/libogc/lib/wii/libwiiuse.a(motion_plus.o)
                0x00000000800089a0                motion_plus_disconnected
 .text.motion_plus_event
                0x00000000800089b0       0x64 /opt/devkitpro/libogc/lib/wii/libwiiuse.a(motion_plus.o)
                0x00000000800089b0                motion_plus_event
 .text.calculate_gforce
                0x0000000080008a14      0x114 /opt/devkitpro/libogc/lib/wii/libwiiuse.a(dynamics.o)
                0x0000000080008a14                calculate_gforce
 .text.calc_joystick_state
                0x0000000080008b28      0x20c /opt/devkitpro/libogc/lib/wii/libwiiuse.a(dynamics.o)
                0x0000000080008b28                calc_joystick_state
 .text.apply_smoothing
                0x0000000080008d34      0x188 /opt/devkitpro/libogc/lib/wii/libwiiuse.a(dynamics.o)
                0x0000000080008d34                apply_smoothing
 .text.calculate_orientation
                0x0000000080008ebc      0x2e0 /opt/devkitpro/libogc/lib/wii/libwiiuse.a(dynamics.o)
                0x0000000080008ebc                calculate_orientation
 .text.calc_balanceboard_state
                0x000000008000919c      0x3a4 /opt/devkitpro/libogc/lib/wii/libwiiuse.a(dynamics.o)
                0x000000008000919c                calc_balanceboard_state
 .text.wiiuse_handshake
                0x0000000080009540      0x1fc /opt/devkitpro/libogc/lib/wii/libwiiuse.a(io.o)
                0x0000000080009540                wiiuse_handshake
 .text.wiiuse_handshake_expansion
                0x000000008000973c      0x228 /opt/devkitpro/libogc/lib/wii/libwiiuse.a(io.o)
                0x000000008000973c                wiiuse_handshake_expansion
 .text.wiiuse_handshake_expansion_start
                0x0000000080009964       0x24 /opt/devkitpro/libogc/lib/wii/libwiiuse.a(io.o)
                0x0000000080009964                wiiuse_handshake_expansion_start
 .text.wiiuse_disable_expansion
                0x0000000080009988      0x1b0 /opt/devkitpro/libogc/lib/wii/libwiiuse.a(io.o)
                0x0000000080009988                wiiuse_disable_expansion
 .text.__wiiuse_connected
                0x0000000080009b38       0x9c /opt/devkitpro/libogc/lib/wii/libwiiuse.a(io_wii.o)
 .text.__wiiuse_disconnected
                0x0000000080009bd4       0xb4 /opt/devkitpro/libogc/lib/wii/libwiiuse.a(io_wii.o)
 .text.__wiiuse_receive
                0x0000000080009c88       0xbc /opt/devkitpro/libogc/lib/wii/libwiiuse.a(io_wii.o)
 .text.__wiiuse_sensorbar_enable
                0x0000000080009d44       0x54 /opt/devkitpro/libogc/lib/wii/libwiiuse.a(io_wii.o)
                0x0000000080009d44                __wiiuse_sensorbar_enable
 .text.wiiuse_register
                0x0000000080009d98       0xe4 /opt/devkitpro/libogc/lib/wii/libwiiuse.a(io_wii.o)
                0x0000000080009d98                wiiuse_register
 .text.wiiuse_disconnect
                0x0000000080009e7c       0x24 /opt/devkitpro/libogc/lib/wii/libwiiuse.a(io_wii.o)
                0x0000000080009e7c                wiiuse_disconnect
 .text.wiiuse_init_cmd_queue
                0x0000000080009ea0       0xa4 /opt/devkitpro/libogc/lib/wii/libwiiuse.a(io_wii.o)
                0x0000000080009ea0                wiiuse_init_cmd_queue
 .text.wiiuse_io_write
                0x0000000080009f44       0x1c /opt/devkitpro/libogc/lib/wii/libwiiuse.a(io_wii.o)
                0x0000000080009f44                wiiuse_io_write
 .text.get_ir_sens.isra.0
                0x0000000080009f60       0xe4 /opt/devkitpro/libogc/lib/wii/libwiiuse.a(ir.o)
 .text.rotate_dots
                0x000000008000a044      0x11c /opt/devkitpro/libogc/lib/wii/libwiiuse.a(ir.o)
 .text.wiiuse_set_ir_mode
                0x000000008000a160       0x88 /opt/devkitpro/libogc/lib/wii/libwiiuse.a(ir.o)
                0x000000008000a160                wiiuse_set_ir_mode
 .text.wiiuse_set_ir
                0x000000008000a1e8      0x228 /opt/devkitpro/libogc/lib/wii/libwiiuse.a(ir.o)
                0x000000008000a1e8                wiiuse_set_ir
 .text.wiiuse_set_ir_position
                0x000000008000a410       0x84 /opt/devkitpro/libogc/lib/wii/libwiiuse.a(ir.o)
                0x000000008000a410                wiiuse_set_ir_position
 .text.wiiuse_set_aspect_ratio
                0x000000008000a494       0x44 /opt/devkitpro/libogc/lib/wii/libwiiuse.a(ir.o)
                0x000000008000a494                wiiuse_set_aspect_ratio
 .text.wiiuse_set_ir_sensitivity
                0x000000008000a4d8      0x138 /opt/devkitpro/libogc/lib/wii/libwiiuse.a(ir.o)
                0x000000008000a4d8                wiiuse_set_ir_sensitivity
 .text.calculate_basic_ir
                0x000000008000a610       0xec /opt/devkitpro/libogc/lib/wii/libwiiuse.a(ir.o)
                0x000000008000a610                calculate_basic_ir
 .text.calculate_extended_ir
                0x000000008000a6fc       0x70 /opt/devkitpro/libogc/lib/wii/libwiiuse.a(ir.o)
                0x000000008000a6fc                calculate_extended_ir
 .text.find_sensorbar
                0x000000008000a76c      0x940 /opt/devkitpro/libogc/lib/wii/libwiiuse.a(ir.o)
                0x000000008000a76c                find_sensorbar
 .text.apply_ir_smoothing
                0x000000008000b0ac      0x100 /opt/devkitpro/libogc/lib/wii/libwiiuse.a(ir.o)
                0x000000008000b0ac                apply_ir_smoothing
 .text.interpret_ir_data
                0x000000008000b1ac      0x3cc /opt/devkitpro/libogc/lib/wii/libwiiuse.a(ir.o)
                0x000000008000b1ac                interpret_ir_data
 .text.nunchuk_handshake
                0x000000008000b578      0x2d8 /opt/devkitpro/libogc/lib/wii/libwiiuse.a(nunchuk.o)
                0x000000008000b578                nunchuk_handshake
 .text.nunchuk_disconnected
                0x000000008000b850        0xc /opt/devkitpro/libogc/lib/wii/libwiiuse.a(nunchuk.o)
                0x000000008000b850                nunchuk_disconnected
 .text.nunchuk_event
                0x000000008000b85c       0xe0 /opt/devkitpro/libogc/lib/wii/libwiiuse.a(nunchuk.o)
                0x000000008000b85c                nunchuk_event
 .text.wii_board_handshake
                0x000000008000b93c      0x2a4 /opt/devkitpro/libogc/lib/wii/libwiiuse.a(wiiboard.o)
                0x000000008000b93c                wii_board_handshake
 .text.wii_board_disconnected
                0x000000008000bbe0        0xc /opt/devkitpro/libogc/lib/wii/libwiiuse.a(wiiboard.o)
                0x000000008000bbe0                wii_board_disconnected
 .text.wii_board_event
                0x000000008000bbec       0x54 /opt/devkitpro/libogc/lib/wii/libwiiuse.a(wiiboard.o)
                0x000000008000bbec                wii_board_event
 .text.wiiuse_send_next_command
                0x000000008000bc40       0x50 /opt/devkitpro/libogc/lib/wii/libwiiuse.a(wiiuse.o)
                0x000000008000bc40                wiiuse_send_next_command
 .text.wiiuse_init
                0x000000008000bc90      0x1d4 /opt/devkitpro/libogc/lib/wii/libwiiuse.a(wiiuse.o)
                0x000000008000bc90                wiiuse_init
 .text.wiiuse_set_flags
                0x000000008000be64       0x24 /opt/devkitpro/libogc/lib/wii/libwiiuse.a(wiiuse.o)
                0x000000008000be64                wiiuse_set_flags
 .text.wiiuse_read_data
                0x000000008000be88      0x140 /opt/devkitpro/libogc/lib/wii/libwiiuse.a(wiiuse.o)
                0x000000008000be88                wiiuse_read_data
 .text.wiiuse_write_data
                0x000000008000bfc8      0x184 /opt/devkitpro/libogc/lib/wii/libwiiuse.a(wiiuse.o)
                0x000000008000bfc8                wiiuse_write_data
 .text.wiiuse_sendcmd
                0x000000008000c14c      0x154 /opt/devkitpro/libogc/lib/wii/libwiiuse.a(wiiuse.o)
                0x000000008000c14c                wiiuse_sendcmd
 .text.wiiuse_set_report_type
                0x000000008000c2a0      0x144 /opt/devkitpro/libogc/lib/wii/libwiiuse.a(wiiuse.o)
                0x000000008000c2a0                wiiuse_set_report_type
 .text.wiiuse_motion_sensing
                0x000000008000c3e4       0x7c /opt/devkitpro/libogc/lib/wii/libwiiuse.a(wiiuse.o)
                0x000000008000c3e4                wiiuse_motion_sensing
 .text.wiiuse_status
                0x000000008000c460       0x4c /opt/devkitpro/libogc/lib/wii/libwiiuse.a(wiiuse.o)
                0x000000008000c460                wiiuse_status
 .text.wiiuse_set_leds
                0x000000008000c4ac       0x50 /opt/devkitpro/libogc/lib/wii/libwiiuse.a(wiiuse.o)
                0x000000008000c4ac                wiiuse_set_leds
 .text.wiiuse_set_speaker
                0x000000008000c4fc      0x25c /opt/devkitpro/libogc/lib/wii/libwiiuse.a(speaker.o)
                0x000000008000c4fc                wiiuse_set_speaker
 .text.classic_ctrl_handshake
                0x000000008000c758      0x2b0 /opt/devkitpro/libogc/lib/wii/libwiiuse.a(classic.o)
                0x000000008000c758                classic_ctrl_handshake
 .text.classic_ctrl_disconnected
                0x000000008000ca08        0xc /opt/devkitpro/libogc/lib/wii/libwiiuse.a(classic.o)
                0x000000008000ca08                classic_ctrl_disconnected
 .text.classic_ctrl_event
                0x000000008000ca14      0x164 /opt/devkitpro/libogc/lib/wii/libwiiuse.a(classic.o)
                0x000000008000ca14                classic_ctrl_event
 .text.handle_expansion
                0x000000008000cb78       0x54 /opt/devkitpro/libogc/lib/wii/libwiiuse.a(events.o)
 .text.parse_event
                0x000000008000cbcc      0x710 /opt/devkitpro/libogc/lib/wii/libwiiuse.a(events.o)
                0x000000008000cbcc                parse_event
 .text.guitar_hero_3_handshake
                0x000000008000d2dc       0x70 /opt/devkitpro/libogc/lib/wii/libwiiuse.a(guitar_hero_3.o)
                0x000000008000d2dc                guitar_hero_3_handshake
 .text.guitar_hero_3_disconnected
                0x000000008000d34c        0xc /opt/devkitpro/libogc/lib/wii/libwiiuse.a(guitar_hero_3.o)
                0x000000008000d34c                guitar_hero_3_disconnected
 .text.guitar_hero_3_event
                0x000000008000d358       0x64 /opt/devkitpro/libogc/lib/wii/libwiiuse.a(guitar_hero_3.o)
                0x000000008000d358                guitar_hero_3_event
 .text.bt_alarmhandler
                0x000000008000d3bc       0x60 /opt/devkitpro/libogc/lib/wii/libbte.a(bte.o)
 .text.__bte_send_pending_request
                0x000000008000d41c      0x114 /opt/devkitpro/libogc/lib/wii/libbte.a(bte.o)
 .text.acl_conn_complete
                0x000000008000d530       0x2c /opt/devkitpro/libogc/lib/wii/libbte.a(bte.o)
                0x000000008000d530                acl_conn_complete
 .text.l2cap_disconnected_ind
                0x000000008000d55c      0x180 /opt/devkitpro/libogc/lib/wii/libbte.a(bte.o)
                0x000000008000d55c                l2cap_disconnected_ind
 .text.bte_process_input
                0x000000008000d6dc      0x13c /opt/devkitpro/libogc/lib/wii/libbte.a(bte.o)
 .text.l2cap_accepted
                0x000000008000d818      0x110 /opt/devkitpro/libogc/lib/wii/libbte.a(bte.o)
                0x000000008000d818                l2cap_accepted
 .text.acl_wlp_completed
                0x000000008000d928        0x8 /opt/devkitpro/libogc/lib/wii/libbte.a(bte.o)
                0x000000008000d928                acl_wlp_completed
 .text.l2cap_disconnect_cfm
                0x000000008000d930      0x180 /opt/devkitpro/libogc/lib/wii/libbte.a(bte.o)
                0x000000008000d930                l2cap_disconnect_cfm
 .text.__bte_shutdown_finished
                0x000000008000dab0       0xd8 /opt/devkitpro/libogc/lib/wii/libbte.a(bte.o)
 .text.bte_hci_apply_patch_complete
                0x000000008000db88      0x154 /opt/devkitpro/libogc/lib/wii/libbte.a(bte.o)
                0x000000008000db88                bte_hci_apply_patch_complete
 .text.bte_hci_initsub_complete
                0x000000008000dcdc      0x234 /opt/devkitpro/libogc/lib/wii/libbte.a(bte.o)
                0x000000008000dcdc                bte_hci_initsub_complete
 .text.bte_hci_initcore_complete
                0x000000008000df10      0x1f0 /opt/devkitpro/libogc/lib/wii/libbte.a(bte.o)
                0x000000008000df10                bte_hci_initcore_complete
 .text.bte_read_stored_link_key_complete
                0x000000008000e100      0x278 /opt/devkitpro/libogc/lib/wii/libbte.a(bte.o)
                0x000000008000e100                bte_read_stored_link_key_complete
 .text.bte_hci_initcore_complete2
                0x000000008000e378      0x1e8 /opt/devkitpro/libogc/lib/wii/libbte.a(bte.o)
                0x000000008000e378                bte_hci_initcore_complete2
 .text.bte_hci_patch_complete
                0x000000008000e560      0x2e0 /opt/devkitpro/libogc/lib/wii/libbte.a(bte.o)
                0x000000008000e560                bte_hci_patch_complete
 .text.BTE_Init
                0x000000008000e840      0x138 /opt/devkitpro/libogc/lib/wii/libbte.a(bte.o)
                0x000000008000e840                BTE_Init
 .text.BTE_Shutdown
                0x000000008000e978      0x11c /opt/devkitpro/libogc/lib/wii/libbte.a(bte.o)
                0x000000008000e978                BTE_Shutdown
 .text.BTE_InitCore
                0x000000008000ea94       0x94 /opt/devkitpro/libogc/lib/wii/libbte.a(bte.o)
                0x000000008000ea94                BTE_InitCore
 .text.BTE_ApplyPatch
                0x000000008000eb28       0xb8 /opt/devkitpro/libogc/lib/wii/libbte.a(bte.o)
                0x000000008000eb28                BTE_ApplyPatch
 .text.BTE_InitSub
                0x000000008000ebe0       0x98 /opt/devkitpro/libogc/lib/wii/libbte.a(bte.o)
                0x000000008000ebe0                BTE_InitSub
 .text.BTE_ReadStoredLinkKey
                0x000000008000ec78       0x98 /opt/devkitpro/libogc/lib/wii/libbte.a(bte.o)
                0x000000008000ec78                BTE_ReadStoredLinkKey
 .text.BTE_SetDisconnectCallback
                0x000000008000ed10        0x4 /opt/devkitpro/libogc/lib/wii/libbte.a(bte.o)
                0x000000008000ed10                BTE_SetDisconnectCallback
 .text.bte_new  0x000000008000ed14       0x54 /opt/devkitpro/libogc/lib/wii/libbte.a(bte.o)
                0x000000008000ed14                bte_new
 .text.bte_registerdeviceasync
                0x000000008000ed68      0x154 /opt/devkitpro/libogc/lib/wii/libbte.a(bte.o)
                0x000000008000ed68                bte_registerdeviceasync
 .text.bte_disconnect
                0x000000008000eebc       0xd8 /opt/devkitpro/libogc/lib/wii/libbte.a(bte.o)
                0x000000008000eebc                bte_disconnect
 .text.bte_senddata
                0x000000008000ef94       0xdc /opt/devkitpro/libogc/lib/wii/libbte.a(bte.o)
                0x000000008000ef94                bte_senddata
 .text.bte_arg  0x000000008000f070       0x3c /opt/devkitpro/libogc/lib/wii/libbte.a(bte.o)
                0x000000008000f070                bte_arg
 .text.bte_received
                0x000000008000f0ac       0x3c /opt/devkitpro/libogc/lib/wii/libbte.a(bte.o)
                0x000000008000f0ac                bte_received
 .text.bte_disconnected
                0x000000008000f0e8       0x3c /opt/devkitpro/libogc/lib/wii/libbte.a(bte.o)
                0x000000008000f0e8                bte_disconnected
 .text.hci_init
                0x000000008000f124       0x7c /opt/devkitpro/libogc/lib/wii/libbte.a(hci.o)
                0x000000008000f124                hci_init
 .text.hci_new  0x000000008000f1a0       0x48 /opt/devkitpro/libogc/lib/wii/libbte.a(hci.o)
                0x000000008000f1a0                hci_new
 .text.hci_get_link
                0x000000008000f1e8       0x84 /opt/devkitpro/libogc/lib/wii/libbte.a(hci.o)
                0x000000008000f1e8                hci_get_link
 .text.hci_close
                0x000000008000f26c       0xd8 /opt/devkitpro/libogc/lib/wii/libbte.a(hci.o)
                0x000000008000f26c                hci_close
 .text.hci_reset_all
                0x000000008000f344       0xbc /opt/devkitpro/libogc/lib/wii/libbte.a(hci.o)
                0x000000008000f344                hci_reset_all
 .text.hci_arg  0x000000008000f400        0xc /opt/devkitpro/libogc/lib/wii/libbte.a(hci.o)
                0x000000008000f400                hci_arg
 .text.hci_cmd_complete
                0x000000008000f40c        0xc /opt/devkitpro/libogc/lib/wii/libbte.a(hci.o)
                0x000000008000f40c                hci_cmd_complete
 .text.hci_connection_complete
                0x000000008000f418        0xc /opt/devkitpro/libogc/lib/wii/libbte.a(hci.o)
                0x000000008000f418                hci_connection_complete
 .text.hci_wlp_complete
                0x000000008000f424        0xc /opt/devkitpro/libogc/lib/wii/libbte.a(hci.o)
                0x000000008000f424                hci_wlp_complete
 .text.hci_reset
                0x000000008000f430       0xa8 /opt/devkitpro/libogc/lib/wii/libbte.a(hci.o)
                0x000000008000f430                hci_reset
 .text.hci_read_buffer_size
                0x000000008000f4d8       0xa8 /opt/devkitpro/libogc/lib/wii/libbte.a(hci.o)
                0x000000008000f4d8                hci_read_buffer_size
 .text.hci_read_bd_addr
                0x000000008000f580       0xa8 /opt/devkitpro/libogc/lib/wii/libbte.a(hci.o)
                0x000000008000f580                hci_read_bd_addr
 .text.hci_read_local_version
                0x000000008000f628       0xa4 /opt/devkitpro/libogc/lib/wii/libbte.a(hci.o)
                0x000000008000f628                hci_read_local_version
 .text.hci_read_local_features
                0x000000008000f6cc       0xa8 /opt/devkitpro/libogc/lib/wii/libbte.a(hci.o)
                0x000000008000f6cc                hci_read_local_features
 .text.hci_read_stored_link_key
                0x000000008000f774       0xfc /opt/devkitpro/libogc/lib/wii/libbte.a(hci.o)
                0x000000008000f774                hci_read_stored_link_key
 .text.hci_write_page_timeout
                0x000000008000f870       0xcc /opt/devkitpro/libogc/lib/wii/libbte.a(hci.o)
                0x000000008000f870                hci_write_page_timeout
 .text.hci_write_scan_enable
                0x000000008000f93c       0xb8 /opt/devkitpro/libogc/lib/wii/libbte.a(hci.o)
                0x000000008000f93c                hci_write_scan_enable
 .text.hci_accecpt_conn_request
                0x000000008000f9f4       0xdc /opt/devkitpro/libogc/lib/wii/libbte.a(hci.o)
                0x000000008000f9f4                hci_accecpt_conn_request
 .text.hci_write_local_name
                0x000000008000fad0       0xd4 /opt/devkitpro/libogc/lib/wii/libbte.a(hci.o)
                0x000000008000fad0                hci_write_local_name
 .text.hci_write_pin_type
                0x000000008000fba4       0xb8 /opt/devkitpro/libogc/lib/wii/libbte.a(hci.o)
                0x000000008000fba4                hci_write_pin_type
 .text.hci_write_inquiry_mode
                0x000000008000fc5c       0xb8 /opt/devkitpro/libogc/lib/wii/libbte.a(hci.o)
                0x000000008000fc5c                hci_write_inquiry_mode
 .text.hci_write_page_scan_type
                0x000000008000fd14       0xb8 /opt/devkitpro/libogc/lib/wii/libbte.a(hci.o)
                0x000000008000fd14                hci_write_page_scan_type
 .text.hci_write_inquiry_scan_type
                0x000000008000fdcc       0xb8 /opt/devkitpro/libogc/lib/wii/libbte.a(hci.o)
                0x000000008000fdcc                hci_write_inquiry_scan_type
 .text.hci_vendor_specific_command
                0x000000008000fe84       0xe4 /opt/devkitpro/libogc/lib/wii/libbte.a(hci.o)
                0x000000008000fe84                hci_vendor_specific_command
 .text.hci_write_link_policy_settings
                0x000000008000ff68       0xfc /opt/devkitpro/libogc/lib/wii/libbte.a(hci.o)
                0x000000008000ff68                hci_write_link_policy_settings
 .text.hci_pin_code_request_neg_reply
                0x0000000080010064       0xc8 /opt/devkitpro/libogc/lib/wii/libbte.a(hci.o)
                0x0000000080010064                hci_pin_code_request_neg_reply
 .text.hci_link_key_req_neg_reply
                0x000000008001012c       0xc8 /opt/devkitpro/libogc/lib/wii/libbte.a(hci.o)
                0x000000008001012c                hci_link_key_req_neg_reply
 .text.hci_disconnect
                0x00000000800101f4       0xf4 /opt/devkitpro/libogc/lib/wii/libbte.a(hci.o)
                0x00000000800101f4                hci_disconnect
 .text.hci_write_cod
                0x00000000800102e8       0xc8 /opt/devkitpro/libogc/lib/wii/libbte.a(hci.o)
                0x00000000800102e8                hci_write_cod
 .text.hci_host_buffer_size
                0x00000000800103b0      0x108 /opt/devkitpro/libogc/lib/wii/libbte.a(hci.o)
                0x00000000800103b0                hci_host_buffer_size
 .text.hci_host_num_comp_packets
                0x00000000800104b8      0x104 /opt/devkitpro/libogc/lib/wii/libbte.a(hci.o)
                0x00000000800104b8                hci_host_num_comp_packets
 .text.lp_pdu_maxsize
                0x00000000800105bc        0xc /opt/devkitpro/libogc/lib/wii/libbte.a(hci.o)
                0x00000000800105bc                lp_pdu_maxsize
 .text.lp_acl_write
                0x00000000800105c8      0x16c /opt/devkitpro/libogc/lib/wii/libbte.a(hci.o)
                0x00000000800105c8                lp_acl_write
 .text.lp_write_flush_timeout
                0x0000000080010734       0xfc /opt/devkitpro/libogc/lib/wii/libbte.a(hci.o)
                0x0000000080010734                lp_write_flush_timeout
 .text.hci_event_handler
                0x0000000080010830      0xb7c /opt/devkitpro/libogc/lib/wii/libbte.a(hci.o)
                0x0000000080010830                hci_event_handler
 .text.hci_acldata_handler
                0x00000000800113ac      0x120 /opt/devkitpro/libogc/lib/wii/libbte.a(hci.o)
                0x00000000800113ac                hci_acldata_handler
 .text.l2cap_init
                0x00000000800114cc       0x60 /opt/devkitpro/libogc/lib/wii/libbte.a(l2cap.o)
                0x00000000800114cc                l2cap_init
 .text.l2cap_write
                0x000000008001152c      0x158 /opt/devkitpro/libogc/lib/wii/libbte.a(l2cap.o)
                0x000000008001152c                l2cap_write
 .text.l2cap_new
                0x0000000080011684       0x74 /opt/devkitpro/libogc/lib/wii/libbte.a(l2cap.o)
                0x0000000080011684                l2cap_new
 .text.l2cap_close
                0x00000000800116f8      0x1b4 /opt/devkitpro/libogc/lib/wii/libbte.a(l2cap.o)
                0x00000000800116f8                l2cap_close
 .text.l2cap_reset_all
                0x00000000800118ac      0x17c /opt/devkitpro/libogc/lib/wii/libbte.a(l2cap.o)
                0x00000000800118ac                l2cap_reset_all
 .text.l2cap_signal
                0x0000000080011a28      0x21c /opt/devkitpro/libogc/lib/wii/libbte.a(l2cap.o)
                0x0000000080011a28                l2cap_signal
 .text.l2ca_config_req
                0x0000000080011c44      0x138 /opt/devkitpro/libogc/lib/wii/libbte.a(l2cap.o)
                0x0000000080011c44                l2ca_config_req
 .text.l2ca_disconnect_req
                0x0000000080011d7c       0xc4 /opt/devkitpro/libogc/lib/wii/libbte.a(l2cap.o)
                0x0000000080011d7c                l2ca_disconnect_req
 .text.l2cap_tmr
                0x0000000080011e40      0x288 /opt/devkitpro/libogc/lib/wii/libbte.a(l2cap.o)
                0x0000000080011e40                l2cap_tmr
 .text.l2cap_process_sig
                0x00000000800120c8     0x1270 /opt/devkitpro/libogc/lib/wii/libbte.a(l2cap.o)
                0x00000000800120c8                l2cap_process_sig
 .text.l2cap_input
                0x0000000080013338      0x564 /opt/devkitpro/libogc/lib/wii/libbte.a(l2cap.o)
                0x0000000080013338                l2cap_input
 .text.l2ca_datawrite
                0x000000008001389c      0x128 /opt/devkitpro/libogc/lib/wii/libbte.a(l2cap.o)
                0x000000008001389c                l2ca_datawrite
 .text.lp_connect_cfm
                0x00000000800139c4      0x148 /opt/devkitpro/libogc/lib/wii/libbte.a(l2cap.o)
                0x00000000800139c4                lp_connect_cfm
 .text.lp_connect_ind
                0x0000000080013b0c        0x4 /opt/devkitpro/libogc/lib/wii/libbte.a(l2cap.o)
                0x0000000080013b0c                lp_connect_ind
 .text.lp_disconnect_ind
                0x0000000080013b10      0x134 /opt/devkitpro/libogc/lib/wii/libbte.a(l2cap.o)
                0x0000000080013b10                lp_disconnect_ind
 .text.l2cap_disconnect_bb
                0x0000000080013c44       0x10 /opt/devkitpro/libogc/lib/wii/libbte.a(l2cap.o)
                0x0000000080013c44                l2cap_disconnect_bb
 .text.l2cap_arg
                0x0000000080013c54        0x8 /opt/devkitpro/libogc/lib/wii/libbte.a(l2cap.o)
                0x0000000080013c54                l2cap_arg
 .text.l2cap_connect_ind
                0x0000000080013c5c      0x104 /opt/devkitpro/libogc/lib/wii/libbte.a(l2cap.o)
                0x0000000080013c5c                l2cap_connect_ind
 .text.l2cap_disconnect_ind
                0x0000000080013d60        0x8 /opt/devkitpro/libogc/lib/wii/libbte.a(l2cap.o)
                0x0000000080013d60                l2cap_disconnect_ind
 .text.l2cap_recv
                0x0000000080013d68        0x8 /opt/devkitpro/libogc/lib/wii/libbte.a(l2cap.o)
                0x0000000080013d68                l2cap_recv
 .text.btmemb_init
                0x0000000080013d70       0x24 /opt/devkitpro/libogc/lib/wii/libbte.a(btmemb.o)
                0x0000000080013d70                btmemb_init
 .text.btmemb_alloc
                0x0000000080013d94       0xb0 /opt/devkitpro/libogc/lib/wii/libbte.a(btmemb.o)
                0x0000000080013d94                btmemb_alloc
 .text.btmemb_free
                0x0000000080013e44       0xb0 /opt/devkitpro/libogc/lib/wii/libbte.a(btmemb.o)
                0x0000000080013e44                btmemb_free
 .text.plug_holes
                0x0000000080013ef4       0xa4 /opt/devkitpro/libogc/lib/wii/libbte.a(btmemr.o)
 .text.btmemr_free.part.0
                0x0000000080013f98       0x7c /opt/devkitpro/libogc/lib/wii/libbte.a(btmemr.o)
 .text.btmemr_init
                0x0000000080014014       0xa4 /opt/devkitpro/libogc/lib/wii/libbte.a(btmemr.o)
                0x0000000080014014                btmemr_init
 .text.btmemr_malloc
                0x00000000800140b8      0x190 /opt/devkitpro/libogc/lib/wii/libbte.a(btmemr.o)
                0x00000000800140b8                btmemr_malloc
 .text.btmemr_free
                0x0000000080014248       0x28 /opt/devkitpro/libogc/lib/wii/libbte.a(btmemr.o)
                0x0000000080014248                btmemr_free
 .text.btmemr_realloc
                0x0000000080014270      0x11c /opt/devkitpro/libogc/lib/wii/libbte.a(btmemr.o)
                0x0000000080014270                btmemr_realloc
 .text.btpbuf_init
                0x000000008001438c       0x28 /opt/devkitpro/libogc/lib/wii/libbte.a(btpbuf.o)
                0x000000008001438c                btpbuf_init
 .text.btpbuf_free
                0x00000000800143b4      0x15c /opt/devkitpro/libogc/lib/wii/libbte.a(btpbuf.o)
                0x00000000800143b4                btpbuf_free
 .text.btpbuf_alloc
                0x0000000080014510      0x234 /opt/devkitpro/libogc/lib/wii/libbte.a(btpbuf.o)
                0x0000000080014510                btpbuf_alloc
 .text.btpbuf_realloc
                0x0000000080014744       0xc4 /opt/devkitpro/libogc/lib/wii/libbte.a(btpbuf.o)
                0x0000000080014744                btpbuf_realloc
 .text.btpbuf_header
                0x0000000080014808       0x94 /opt/devkitpro/libogc/lib/wii/libbte.a(btpbuf.o)
                0x0000000080014808                btpbuf_header
 .text.btpbuf_ref
                0x000000008001489c       0x4c /opt/devkitpro/libogc/lib/wii/libbte.a(btpbuf.o)
                0x000000008001489c                btpbuf_ref
 .text.btpbuf_chain
                0x00000000800148e8       0xac /opt/devkitpro/libogc/lib/wii/libbte.a(btpbuf.o)
                0x00000000800148e8                btpbuf_chain
 .text.btpbuf_dechain
                0x0000000080014994       0x84 /opt/devkitpro/libogc/lib/wii/libbte.a(btpbuf.o)
                0x0000000080014994                btpbuf_dechain
 .text.btpbuf_take
                0x0000000080014a18      0x110 /opt/devkitpro/libogc/lib/wii/libbte.a(btpbuf.o)
                0x0000000080014a18                btpbuf_take
 .text.__usb_closeCB
                0x0000000080014b28       0x10 /opt/devkitpro/libogc/lib/wii/libbte.a(physbusif.o)
 .text.__writebulkmsgCB
                0x0000000080014b38       0x3c /opt/devkitpro/libogc/lib/wii/libbte.a(physbusif.o)
 .text.__writectrlmsgCB
                0x0000000080014b74       0x3c /opt/devkitpro/libogc/lib/wii/libbte.a(physbusif.o)
 .text.__issue_intrread.part.0
                0x0000000080014bb0       0x80 /opt/devkitpro/libogc/lib/wii/libbte.a(physbusif.o)
 .text.__readintrdataCB
                0x0000000080014c30      0x13c /opt/devkitpro/libogc/lib/wii/libbte.a(physbusif.o)
 .text.__issue_bulkread.part.2
                0x0000000080014d6c       0x80 /opt/devkitpro/libogc/lib/wii/libbte.a(physbusif.o)
 .text.__readbulkdataCB
                0x0000000080014dec      0x13c /opt/devkitpro/libogc/lib/wii/libbte.a(physbusif.o)
 .text.physbusif_init
                0x0000000080014f28      0x200 /opt/devkitpro/libogc/lib/wii/libbte.a(physbusif.o)
                0x0000000080014f28                physbusif_init
 .text.physbusif_close
                0x0000000080015128       0x20 /opt/devkitpro/libogc/lib/wii/libbte.a(physbusif.o)
                0x0000000080015128                physbusif_close
 .text.physbusif_shutdown
                0x0000000080015148       0x24 /opt/devkitpro/libogc/lib/wii/libbte.a(physbusif.o)
                0x0000000080015148                physbusif_shutdown
 .text.physbusif_reset_all
                0x000000008001516c        0x4 /opt/devkitpro/libogc/lib/wii/libbte.a(physbusif.o)
                0x000000008001516c                physbusif_reset_all
 .text.physbusif_output
                0x0000000080015170      0x1a8 /opt/devkitpro/libogc/lib/wii/libbte.a(physbusif.o)
                0x0000000080015170                physbusif_output
 .text.mixCallback
                0x0000000080015318       0x74 /opt/devkitpro/libogc/lib/wii/libmodplay.a(gcmodplay.o)
 .text.player   0x000000008001538c       0x98 /opt/devkitpro/libogc/lib/wii/libmodplay.a(gcmodplay.o)
 .text.__aesndvoicecallback
                0x0000000080015424       0x54 /opt/devkitpro/libogc/lib/wii/libmodplay.a(gcmodplay.o)
 .text.SndBufStop.part.1
                0x0000000080015478       0x44 /opt/devkitpro/libogc/lib/wii/libmodplay.a(gcmodplay.o)
 .text.SndBufStart
                0x00000000800154bc      0x154 /opt/devkitpro/libogc/lib/wii/libmodplay.a(gcmodplay.o)
 .text.updateWaveFormat
                0x0000000080015610      0x180 /opt/devkitpro/libogc/lib/wii/libmodplay.a(gcmodplay.o)
 .text.MODPlay_Init
                0x0000000080015790       0xe4 /opt/devkitpro/libogc/lib/wii/libmodplay.a(gcmodplay.o)
                0x0000000080015790                MODPlay_Init
 .text.MODPlay_Unload
                0x0000000080015874       0x54 /opt/devkitpro/libogc/lib/wii/libmodplay.a(gcmodplay.o)
                0x0000000080015874                MODPlay_Unload
 .text.MODPlay_SetMOD
                0x00000000800158c8       0x88 /opt/devkitpro/libogc/lib/wii/libmodplay.a(gcmodplay.o)
                0x00000000800158c8                MODPlay_SetMOD
 .text.MODPlay_Start
                0x0000000080015950       0x78 /opt/devkitpro/libogc/lib/wii/libmodplay.a(gcmodplay.o)
                0x0000000080015950                MODPlay_Start
 .text.MODPlay_SetVolume
                0x00000000800159c8       0x50 /opt/devkitpro/libogc/lib/wii/libmodplay.a(gcmodplay.o)
                0x00000000800159c8                MODPlay_SetVolume
 .text.MOD_Free.part.0
                0x0000000080015a18       0x48 /opt/devkitpro/libogc/lib/wii/libmodplay.a(modplay.o)
 .text.MOD_AllocSFXChannels
                0x0000000080015a60       0x64 /opt/devkitpro/libogc/lib/wii/libmodplay.a(modplay.o)
                0x0000000080015a60                MOD_AllocSFXChannels
 .text.MOD_Free
                0x0000000080015ac4       0x18 /opt/devkitpro/libogc/lib/wii/libmodplay.a(modplay.o)
                0x0000000080015ac4                MOD_Free
 .text.MOD_SetMOD
                0x0000000080015adc      0x5c0 /opt/devkitpro/libogc/lib/wii/libmodplay.a(modplay.o)
                0x0000000080015adc                MOD_SetMOD
 .text.triggerNote
                0x000000008001609c      0x144 /opt/devkitpro/libogc/lib/wii/libmodplay.a(modplay.o)
                0x000000008001609c                triggerNote
 .text.effect_handler
                0x00000000800161e0      0x590 /opt/devkitpro/libogc/lib/wii/libmodplay.a(modplay.o)
                0x00000000800161e0                effect_handler
 .text.process  0x0000000080016770      0x6e8 /opt/devkitpro/libogc/lib/wii/libmodplay.a(modplay.o)
                0x0000000080016770                process
 .text.MOD_Start
                0x0000000080016e58      0x324 /opt/devkitpro/libogc/lib/wii/libmodplay.a(modplay.o)
                0x0000000080016e58                MOD_Start
 .text.MOD_Player
                0x000000008001717c      0x21c /opt/devkitpro/libogc/lib/wii/libmodplay.a(modplay.o)
                0x000000008001717c                MOD_Player
 .text.mix_mono_16bit
                0x0000000080017398      0xa28 /opt/devkitpro/libogc/lib/wii/libmodplay.a(mixer.o)
                0x0000000080017398                mix_mono_16bit
 .text.mix_stereo_16bit
                0x0000000080017dc0      0x50c /opt/devkitpro/libogc/lib/wii/libmodplay.a(mixer.o)
                0x0000000080017dc0                mix_stereo_16bit
 .text.__dsp_resumecallback
                0x00000000800182cc        0x4 /opt/devkitpro/libogc/lib/wii/libaesnd.a(aesndlib.o)
 .text.__dsp_donecallback
                0x00000000800182d0       0x14 /opt/devkitpro/libogc/lib/wii/libaesnd.a(aesndlib.o)
 .text.__dsp_initcallback
                0x00000000800182e4       0x5c /opt/devkitpro/libogc/lib/wii/libaesnd.a(aesndlib.o)
 .text.__aesndfillbuffer.constprop.2
                0x0000000080018340      0x104 /opt/devkitpro/libogc/lib/wii/libaesnd.a(aesndlib.o)
 .text.__dsp_requestcallback
                0x0000000080018444      0x4f8 /opt/devkitpro/libogc/lib/wii/libaesnd.a(aesndlib.o)
 .text.__audio_dma_callback
                0x000000008001893c      0x290 /opt/devkitpro/libogc/lib/wii/libaesnd.a(aesndlib.o)
 .text.AESND_Init
                0x0000000080018bcc      0x220 /opt/devkitpro/libogc/lib/wii/libaesnd.a(aesndlib.o)
                0x0000000080018bcc                AESND_Init
 .text.AESND_AllocateVoice
                0x0000000080018dec       0xec /opt/devkitpro/libogc/lib/wii/libaesnd.a(aesndlib.o)
                0x0000000080018dec                AESND_AllocateVoice
 .text.AESND_SetVoiceBuffer
                0x0000000080018ed8       0x48 /opt/devkitpro/libogc/lib/wii/libaesnd.a(aesndlib.o)
                0x0000000080018ed8                AESND_SetVoiceBuffer
 .text.AESND_SetVoiceFormat
                0x0000000080018f20       0x84 /opt/devkitpro/libogc/lib/wii/libaesnd.a(aesndlib.o)
                0x0000000080018f20                AESND_SetVoiceFormat
 .text.AESND_SetVoiceVolume
                0x0000000080018fa4       0x40 /opt/devkitpro/libogc/lib/wii/libaesnd.a(aesndlib.o)
                0x0000000080018fa4                AESND_SetVoiceVolume
 .text.AESND_SetVoiceFrequency
                0x0000000080018fe4       0xf0 /opt/devkitpro/libogc/lib/wii/libaesnd.a(aesndlib.o)
                0x0000000080018fe4                AESND_SetVoiceFrequency
 .text.AESND_SetVoiceStream
                0x00000000800190d4       0x74 /opt/devkitpro/libogc/lib/wii/libaesnd.a(aesndlib.o)
                0x00000000800190d4                AESND_SetVoiceStream
 .text.AESND_SetVoiceStop
                0x0000000080019148       0x74 /opt/devkitpro/libogc/lib/wii/libaesnd.a(aesndlib.o)
                0x0000000080019148                AESND_SetVoiceStop
 .text.__console_clear_line
                0x00000000800191bc       0x84 /opt/devkitpro/libogc/lib/wii/libogc.a(console.o)
 .text.__console_clear
                0x0000000080019240       0x54 /opt/devkitpro/libogc/lib/wii/libogc.a(console.o)
 .text.__console_write
                0x0000000080019294      0x724 /opt/devkitpro/libogc/lib/wii/libogc.a(console.o)
                0x0000000080019294                __console_write
 .text.__console_init
                0x00000000800199b8      0x10c /opt/devkitpro/libogc/lib/wii/libogc.a(console.o)
                0x00000000800199b8                __console_init
 .text.CON_Init
                0x0000000080019ac4        0x4 /opt/devkitpro/libogc/lib/wii/libogc.a(console.o)
                0x0000000080019ac4                CON_Init
 .text.CON_EnableGecko
                0x0000000080019ac8       0xe8 /opt/devkitpro/libogc/lib/wii/libogc.a(console.o)
                0x0000000080019ac8                CON_EnableGecko
 .text.__lwp_queue_initialize
                0x0000000080019bb0       0x54 /opt/devkitpro/libogc/lib/wii/libogc.a(lwp_queue.o)
                0x0000000080019bb0                __lwp_queue_initialize
 .text.__lwp_queue_get
                0x0000000080019c04       0x64 /opt/devkitpro/libogc/lib/wii/libogc.a(lwp_queue.o)
                0x0000000080019c04                __lwp_queue_get
 .text.__lwp_queue_append
                0x0000000080019c68       0x50 /opt/devkitpro/libogc/lib/wii/libogc.a(lwp_queue.o)
                0x0000000080019c68                __lwp_queue_append
 .text.__lwp_isr_in_progress
                0x0000000080019cb8        0x8 /opt/devkitpro/libogc/lib/wii/libogc.a(lwp_threads.o)
                0x0000000080019cb8                __lwp_isr_in_progress
 .text.__thread_dispatch_fp
                0x0000000080019cc0       0x90 /opt/devkitpro/libogc/lib/wii/libogc.a(lwp_threads.o)
                0x0000000080019cc0                __thread_dispatch_fp
 .text.__thread_dispatch
                0x0000000080019d50      0x11c /opt/devkitpro/libogc/lib/wii/libogc.a(lwp_threads.o)
                0x0000000080019d50                __thread_dispatch
 .text.__lwp_thread_resettimeslice
                0x0000000080019e6c       0xf0 /opt/devkitpro/libogc/lib/wii/libogc.a(lwp_threads.o)
                0x0000000080019e6c                __lwp_thread_resettimeslice
 .text.__lwp_thread_tickle_timeslice
                0x0000000080019f5c       0xcc /opt/devkitpro/libogc/lib/wii/libogc.a(lwp_threads.o)
                0x0000000080019f5c                __lwp_thread_tickle_timeslice
 .text.__lwp_thread_setstate
                0x000000008001a028      0x158 /opt/devkitpro/libogc/lib/wii/libogc.a(lwp_threads.o)
                0x000000008001a028                __lwp_thread_setstate
 .text.__lwp_thread_clearstate
                0x000000008001a180       0xf0 /opt/devkitpro/libogc/lib/wii/libogc.a(lwp_threads.o)
                0x000000008001a180                __lwp_thread_clearstate
 .text.__lwp_thread_delayended
                0x000000008001a270       0x48 /opt/devkitpro/libogc/lib/wii/libogc.a(lwp_threads.o)
                0x000000008001a270                __lwp_thread_delayended
 .text.__lwp_thread_settransient
                0x000000008001a2b8       0xbc /opt/devkitpro/libogc/lib/wii/libogc.a(lwp_threads.o)
                0x000000008001a2b8                __lwp_thread_settransient
 .text.__lwp_thread_changepriority
                0x000000008001a374      0x1fc /opt/devkitpro/libogc/lib/wii/libogc.a(lwp_threads.o)
                0x000000008001a374                __lwp_thread_changepriority
 .text.__lwp_thread_ready
                0x000000008001a570       0xf8 /opt/devkitpro/libogc/lib/wii/libogc.a(lwp_threads.o)
                0x000000008001a570                __lwp_thread_ready
 .text.__lwp_thread_init
                0x000000008001a668      0x16c /opt/devkitpro/libogc/lib/wii/libogc.a(lwp_threads.o)
                0x000000008001a668                __lwp_thread_init
 .text.__lwp_thread_close
                0x000000008001a7d4      0x138 /opt/devkitpro/libogc/lib/wii/libogc.a(lwp_threads.o)
                0x000000008001a7d4                __lwp_thread_close
 .text.__lwp_thread_closeall
                0x000000008001a90c       0xc0 /opt/devkitpro/libogc/lib/wii/libogc.a(lwp_threads.o)
                0x000000008001a90c                __lwp_thread_closeall
 .text.__lwp_thread_exit
                0x000000008001a9cc       0x5c /opt/devkitpro/libogc/lib/wii/libogc.a(lwp_threads.o)
                0x000000008001a9cc                __lwp_thread_exit
 .text.__lwp_thread_handler
                0x000000008001aa28       0x74 /opt/devkitpro/libogc/lib/wii/libogc.a(lwp_threads.o)
 .text.__lwp_thread_start
                0x000000008001aa9c       0xcc /opt/devkitpro/libogc/lib/wii/libogc.a(lwp_threads.o)
                0x000000008001aa9c                __lwp_thread_start
 .text.__lwp_thread_startmultitasking
                0x000000008001ab68       0xb0 /opt/devkitpro/libogc/lib/wii/libogc.a(lwp_threads.o)
                0x000000008001ab68                __lwp_thread_startmultitasking
 .text.__lwp_thread_stopmultitasking
                0x000000008001ac18       0x58 /opt/devkitpro/libogc/lib/wii/libogc.a(lwp_threads.o)
                0x000000008001ac18                __lwp_thread_stopmultitasking
 .text.__lwp_thread_coreinit
                0x000000008001ac70       0xb0 /opt/devkitpro/libogc/lib/wii/libogc.a(lwp_threads.o)
                0x000000008001ac70                __lwp_thread_coreinit
 .text.idle_func
                0x000000008001ad20        0x4 /opt/devkitpro/libogc/lib/wii/libogc.a(lwp.o)
 .text.__lwp_sysinit
                0x000000008001ad24      0x118 /opt/devkitpro/libogc/lib/wii/libogc.a(lwp.o)
                0x000000008001ad24                __lwp_sysinit
 .text.LWP_CreateThread
                0x000000008001ae3c      0x1a4 /opt/devkitpro/libogc/lib/wii/libogc.a(lwp.o)
                0x000000008001ae3c                LWP_CreateThread
 .text.LWP_JoinThread
                0x000000008001afe0      0x154 /opt/devkitpro/libogc/lib/wii/libogc.a(lwp.o)
                0x000000008001afe0                LWP_JoinThread
 .text.LWP_InitQueue
                0x000000008001b134      0x14c /opt/devkitpro/libogc/lib/wii/libogc.a(lwp.o)
                0x000000008001b134                LWP_InitQueue
 .text.LWP_CloseQueue
                0x000000008001b280       0xd8 /opt/devkitpro/libogc/lib/wii/libogc.a(lwp.o)
                0x000000008001b280                LWP_CloseQueue
 .text.LWP_ThreadSleep
                0x000000008001b358       0xfc /opt/devkitpro/libogc/lib/wii/libogc.a(lwp.o)
                0x000000008001b358                LWP_ThreadSleep
 .text.LWP_ThreadBroadcast
                0x000000008001b454       0x8c /opt/devkitpro/libogc/lib/wii/libogc.a(lwp.o)
                0x000000008001b454                LWP_ThreadBroadcast
 .text.LWP_ThreadSignal
                0x000000008001b4e0       0x74 /opt/devkitpro/libogc/lib/wii/libogc.a(lwp.o)
                0x000000008001b4e0                LWP_ThreadSignal
 .text.__lwp_stack_allocate
                0x000000008001b554       0x84 /opt/devkitpro/libogc/lib/wii/libogc.a(lwp_stack.o)
                0x000000008001b554                __lwp_stack_allocate
 .text.__lwp_stack_free
                0x000000008001b5d8       0x1c /opt/devkitpro/libogc/lib/wii/libogc.a(lwp_stack.o)
                0x000000008001b5d8                __lwp_stack_free
 .text.__lwp_wd_settimer.isra.3
                0x000000008001b5f4       0xd0 /opt/devkitpro/libogc/lib/wii/libogc.a(lwp_watchdog.o)
 .text.__lwp_watchdog_init
                0x000000008001b6c4       0x2c /opt/devkitpro/libogc/lib/wii/libogc.a(lwp_watchdog.o)
                0x000000008001b6c4                __lwp_watchdog_init
 .text.__lwp_wd_insert
                0x000000008001b6f0      0x1e8 /opt/devkitpro/libogc/lib/wii/libogc.a(lwp_watchdog.o)
                0x000000008001b6f0                __lwp_wd_insert
 .text.__lwp_wd_remove
                0x000000008001b8d8      0x100 /opt/devkitpro/libogc/lib/wii/libogc.a(lwp_watchdog.o)
                0x000000008001b8d8                __lwp_wd_remove
 .text.__lwp_wd_tickle
                0x000000008001b9d8      0x11c /opt/devkitpro/libogc/lib/wii/libogc.a(lwp_watchdog.o)
                0x000000008001b9d8                __lwp_wd_tickle
 .text.__lwp_wkspace_init
                0x000000008001baf4       0xc8 /opt/devkitpro/libogc/lib/wii/libogc.a(lwp_wkspace.o)
                0x000000008001baf4                __lwp_wkspace_init
 .text.__lwp_objmgr_initinfo
                0x000000008001bbbc      0x1a4 /opt/devkitpro/libogc/lib/wii/libogc.a(lwp_objmgr.o)
                0x000000008001bbbc                __lwp_objmgr_initinfo
 .text.__lwp_objmgr_getisrdisable
                0x000000008001bd60       0x68 /opt/devkitpro/libogc/lib/wii/libogc.a(lwp_objmgr.o)
                0x000000008001bd60                __lwp_objmgr_getisrdisable
 .text.__lwp_objmgr_getnoprotection
                0x000000008001bdc8       0x24 /opt/devkitpro/libogc/lib/wii/libogc.a(lwp_objmgr.o)
                0x000000008001bdc8                __lwp_objmgr_getnoprotection
 .text.__lwp_objmgr_get
                0x000000008001bdec       0x70 /opt/devkitpro/libogc/lib/wii/libogc.a(lwp_objmgr.o)
                0x000000008001bdec                __lwp_objmgr_get
 .text.__lwp_objmgr_allocate
                0x000000008001be5c       0x78 /opt/devkitpro/libogc/lib/wii/libogc.a(lwp_objmgr.o)
                0x000000008001be5c                __lwp_objmgr_allocate
 .text.__lwp_objmgr_free
                0x000000008001bed4       0x60 /opt/devkitpro/libogc/lib/wii/libogc.a(lwp_objmgr.o)
                0x000000008001bed4                __lwp_objmgr_free
 .text.__lwp_heap_init
                0x000000008001bf34       0xa8 /opt/devkitpro/libogc/lib/wii/libogc.a(lwp_heap.o)
                0x000000008001bf34                __lwp_heap_init
 .text.__lwp_heap_allocate
                0x000000008001bfdc      0x180 /opt/devkitpro/libogc/lib/wii/libogc.a(lwp_heap.o)
                0x000000008001bfdc                __lwp_heap_allocate
 .text.__lwp_heap_free
                0x000000008001c15c      0x1a0 /opt/devkitpro/libogc/lib/wii/libogc.a(lwp_heap.o)
                0x000000008001c15c                __lwp_heap_free
 .text.__SetInterrupts