Archive member included to satisfy reference by file (symbol)

/opt/devkitpro/libogc/lib/wii/libdb.a(debug.o)
                              gdbstub.o (_break)
/opt/devkitpro/libogc/lib/wii/libdb.a(debug_handler.o)
                              /opt/devkitpro/libogc/lib/wii/libdb.a(debug.o) (dbg_exceptionhandler)
/opt/devkitpro/libogc/lib/wii/libdb.a(debug_supp.o)
                              /opt/devkitpro/libogc/lib/wii/libdb.a(debug.o) (mem2hstr)
/opt/devkitpro/libogc/lib/wii/libdb.a(geckousb.o)
                              /opt/devkitpro/libogc/lib/wii/libdb.a(debug.o) (usb_init)
/opt/devkitpro/libogc/lib/wii/libdb.a(uip_ip.o)
                              /opt/devkitpro/libogc/lib/wii/libdb.a(debug.o) (uip_ipaddr)
/opt/devkitpro/libogc/lib/wii/libdb.a(uip_tcp.o)
                              /opt/devkitpro/libogc/lib/wii/libdb.a(uip_ip.o) (uip_tcpinput)
/opt/devkitpro/libogc/lib/wii/libdb.a(uip_pbuf.o)
                              /opt/devkitpro/libogc/lib/wii/libdb.a(uip_ip.o) (uip_pbuf_free)
/opt/devkitpro/libogc/lib/wii/libdb.a(uip_netif.o)
                              /opt/devkitpro/libogc/lib/wii/libdb.a(uip_ip.o) (uip_netif_default)
/opt/devkitpro/libogc/lib/wii/libdb.a(uip_arch.o)
                              /opt/devkitpro/libogc/lib/wii/libdb.a(uip_tcp.o) (uip_chksum_pseudo)
/opt/devkitpro/libogc/lib/wii/libdb.a(uip_icmp.o)
                              /opt/devkitpro/libogc/lib/wii/libdb.a(uip_ip.o) (uip_icmpinput)
/opt/devkitpro/libogc/lib/wii/libdb.a(memb.o)
                              /opt/devkitpro/libogc/lib/wii/libdb.a(uip_tcp.o) (memb_init)
/opt/devkitpro/libogc/lib/wii/libdb.a(memr.o)
                              /opt/devkitpro/libogc/lib/wii/libdb.a(uip_pbuf.o) (memr_malloc)
/opt/devkitpro/libogc/lib/wii/libdb.a(tcpip.o)
                              /opt/devkitpro/libogc/lib/wii/libdb.a(uip_tcp.o) (tcpip_tmr_needed)
/opt/devkitpro/libogc/lib/wii/libdb.a(bba.o)
                              /opt/devkitpro/libogc/lib/wii/libdb.a(tcpip.o) (uip_bba_init)
/opt/devkitpro/libogc/lib/wii/libdb.a(uip_arp.o)
                              /opt/devkitpro/libogc/lib/wii/libdb.a(bba.o) (uip_arp_init)
/opt/devkitpro/libogc/lib/wii/libwiiuse.a(wpad.o)
                              gdbstub.o (WPAD_Init)
/opt/devkitpro/libogc/lib/wii/libwiiuse.a(motion_plus.o)
                              /opt/devkitpro/libogc/lib/wii/libwiiuse.a(wpad.o) (wiiuse_set_motion_plus)
/opt/devkitpro/libogc/lib/wii/libwiiuse.a(dynamics.o)
                              /opt/devkitpro/libogc/lib/wii/libwiiuse.a(wpad.o) (calculate_gforce)
/opt/devkitpro/libogc/lib/wii/libwiiuse.a(io.o)
                              /opt/devkitpro/libogc/lib/wii/libwiiuse.a(motion_plus.o) (wiiuse_disable_expansion)
/opt/devkitpro/libogc/lib/wii/libwiiuse.a(io_wii.o)
                              /opt/devkitpro/libogc/lib/wii/libwiiuse.a(wpad.o) (__wiiuse_sensorbar_enable)
/opt/devkitpro/libogc/lib/wii/libwiiuse.a(ir.o)
                              /opt/devkitpro/libogc/lib/wii/libwiiuse.a(motion_plus.o) (wiiuse_set_ir_mode)
/opt/devkitpro/libogc/lib/wii/libwiiuse.a(nunchuk.o)
                              /opt/devkitpro/libogc/lib/wii/libwiiuse.a(io.o) (nunchuk_handshake)
/opt/devkitpro/libogc/lib/wii/libwiiuse.a(wiiboard.o)
                              /opt/devkitpro/libogc/lib/wii/libwiiuse.a(io.o) (wii_board_handshake)
/opt/devkitpro/libogc/lib/wii/libwiiuse.a(wiiuse.o)
                              /opt/devkitpro/libogc/lib/wii/libwiiuse.a(wpad.o) (wiiuse_init)
/opt/devkitpro/libogc/lib/wii/libwiiuse.a(speaker.o)
                              /opt/devkitpro/libogc/lib/wii/libwiiuse.a(wpad.o) (wencdata)
/opt/devkitpro/libogc/lib/wii/libwiiuse.a(classic.o)
                              /opt/devkitpro/libogc/lib/wii/libwiiuse.a(io.o) (classic_ctrl_handshake)
/opt/devkitpro/libogc/lib/wii/libwiiuse.a(events.o)
                              /opt/devkitpro/libogc/lib/wii/libwiiuse.a(io_wii.o) (parse_event)
/opt/devkitpro/libogc/lib/wii/libwiiuse.a(guitar_hero_3.o)
                              /opt/devkitpro/libogc/lib/wii/libwiiuse.a(io.o) (guitar_hero_3_handshake)
/opt/devkitpro/libogc/lib/wii/libbte.a(bte.o)
                              /opt/devkitpro/libogc/lib/wii/libwiiuse.a(wpad.o) (BTE_Init)
/opt/devkitpro/libogc/lib/wii/libbte.a(hci.o)
                              /opt/devkitpro/libogc/lib/wii/libbte.a(bte.o) (hci_init)
/opt/devkitpro/libogc/lib/wii/libbte.a(l2cap.o)
                              /opt/devkitpro/libogc/lib/wii/libbte.a(bte.o) (l2cap_init)
/opt/devkitpro/libogc/lib/wii/libbte.a(btmemb.o)
                              /opt/devkitpro/libogc/lib/wii/libbte.a(bte.o) (btmemb_init)
/opt/devkitpro/libogc/lib/wii/libbte.a(btmemr.o)
                              /opt/devkitpro/libogc/lib/wii/libbte.a(hci.o) (btmemr_init)
/opt/devkitpro/libogc/lib/wii/libbte.a(btpbuf.o)
                              /opt/devkitpro/libogc/lib/wii/libbte.a(hci.o) (btpbuf_init)
/opt/devkitpro/libogc/lib/wii/libbte.a(physbusif.o)
[...]
Memory Configuration

Name             Origin             Length             Attributes
*default*        0x0000000000000000 0xffffffffffffffff

Linker script and memory map

                0x0000000000003400                . = 0x3400

.stub
 *(.stub)
                0x0000000080004000                . = 0x80004000

.init           0x0000000080004000      0x194
 *crt0.o(*.init)
 .init          0x0000000080004000      0x170 /opt/devkitpro/libogc/lib/wii/libogc.a(ogc_crt0.o)
                0x0000000080004000                _start
                0x0000000080004140                _memset
 *(.init)
 .init          0x0000000080004170        0xc /opt/devkitpro/devkitPPC/lib/gcc/powerpc-eabi/6.2.0/ecrti.o
                0x0000000080004170                __init
 .init          0x000000008000417c        0x4 /opt/devkitpro/devkitPPC/lib/gcc/powerpc-eabi/6.2.0/crtbegin.o
 .init          0x0000000080004180        0x4 /opt/devkitpro/devkitPPC/lib/gcc/powerpc-eabi/6.2.0/crtend.o
 .init          0x0000000080004184       0x10 /opt/devkitpro/devkitPPC/lib/gcc/powerpc-eabi/6.2.0/ecrtn.o

.rela.dyn       0x0000000080004194        0x0
 .rela.iplt     0x0000000080004194        0x0 /opt/devkitpro/devkitPPC/lib/gcc/powerpc-eabi/6.2.0/crtbegin.o

.plt
 *(.plt)

.interp
 *(.interp)

.hash
 *(.hash)

.dynsym
 *(.dynsym)

.dynstr
 *(.dynstr)

.gnu.version
 *(.gnu.version)

.gnu.version_d
 *(.gnu.version_d)

.gnu.version_r
 *(.gnu.version_r)

.rel.init
 *(.rel.init)

.rela.init      0x0000000080004194        0x0
 *(.rela.init)
 .rela.init     0x0000000080004194        0x0 /opt/devkitpro/devkitPPC/lib/gcc/powerpc-eabi/6.2.0/crtbegin.o

.rel.text
 *(.rel.text .rel.text.* .rel.gnu.linkonce.t.*)

.rela.text      0x0000000080004194        0x0
 *(.rela.text .rela.text.* .rela.gnu.linkonce.t.*)
 .rela.text     0x0000000080004194        0x0 /opt/devkitpro/devkitPPC/lib/gcc/powerpc-eabi/6.2.0/crtbegin.o
 .rela.text.DEBUG_Init
                0x0000000080004194        0x0 /opt/devkitpro/devkitPPC/lib/gcc/powerpc-eabi/6.2.0/crtbegin.o
 .rela.text.gdbstub_idtoindex
                0x0000000080004194        0x0 /opt/devkitpro/devkitPPC/lib/gcc/powerpc-eabi/6.2.0/crtbegin.o
 .rela.text.gdbstub_indextoid
                0x0000000080004194        0x0 /opt/devkitpro/devkitPPC/lib/gcc/powerpc-eabi/6.2.0/crtbegin.o
 .rela.text.gdbstub_getcurrentthread
                0x0000000080004194        0x0 /opt/devkitpro/devkitPPC/lib/gcc/powerpc-eabi/6.2.0/crtbegin.o
 .rela.text.gdbstub_getnextthread
                0x0000000080004194        0x0 /opt/devkitpro/devkitPPC/lib/gcc/powerpc-eabi/6.2.0/crtbegin.o
 .rela.text.gdbstub_getoffsets
                0x0000000080004194        0x0 /opt/devkitpro/devkitPPC/lib/gcc/powerpc-eabi/6.2.0/crtbegin.o
 .rela.text.gdbstub_getthreadinfo
                0x0000000080004194        0x0 /opt/devkitpro/devkitPPC/lib/gcc/powerpc-eabi/6.2.0/crtbegin.o
 .rela.text.tcpip_accept_func
                0x0000000080004194        0x0 /opt/devkitpro/devkitPPC/lib/gcc/powerpc-eabi/6.2.0/crtbegin.o
 .rela.text.tcpip_socket
                0x0000000080004194        0x0 /opt/devkitpro/devkitPPC/lib/gcc/powerpc-eabi/6.2.0/crtbegin.o
 .rela.text.tcpip_bind
                0x0000000080004194        0x0 /opt/devkitpro/devkitPPC/lib/gcc/powerpc-eabi/6.2.0/crtbegin.o
 .rela.text.tcpip_listen
                0x0000000080004194        0x0 /opt/devkitpro/devkitPPC/lib/gcc/powerpc-eabi/6.2.0/crtbegin.o
 .rela.text.tcpip_accept
                0x0000000080004194        0x0 /opt/devkitpro/devkitPPC/lib/gcc/powerpc-eabi/6.2.0/crtbegin.o
 .rela.text.tcpip_read
                0x0000000080004194        0x0 /opt/devkitpro/devkitPPC/lib/gcc/powerpc-eabi/6.2.0/crtbegin.o
 .rela.text.tcpip_write
                0x0000000080004194        0x0 /opt/devkitpro/devkitPPC/lib/gcc/powerpc-eabi/6.2.0/crtbegin.o
 .rela.text.tcpip_close
                0x0000000080004194        0x0 /opt/devkitpro/devkitPPC/lib/gcc/powerpc-eabi/6.2.0/crtbegin.o
 .rela.text.tcpip_init
                0x0000000080004194        0x0 /opt/devkitpro/devkitPPC/lib/gcc/powerpc-eabi/6.2.0/crtbegin.o
 .rela.text.tcpip_stoptimer
                0x0000000080004194        0x0 /opt/devkitpro/devkitPPC/lib/gcc/powerpc-eabi/6.2.0/crtbegin.o
 .rela.text.tcpip_starttimer
                0x0000000080004194        0x0 /opt/devkitpro/devkitPPC/lib/gcc/powerpc-eabi/6.2.0/crtbegin.o
 .rela.text.opentcpip
                0x0000000080004194        0x0 /opt/devkitpro/devkitPPC/lib/gcc/powerpc-eabi/6.2.0/crtbegin.o
 .rela.text.wiiuse_probe_motion_plus_check1
                0x0000000080004194        0x0 /opt/devkitpro/devkitPPC/lib/gcc/powerpc-eabi/6.2.0/crtbegin.o
 .rela.text.wiiuse_probe_motion_plus
                0x0000000080004194        0x0 /opt/devkitpro/devkitPPC/lib/gcc/powerpc-eabi/6.2.0/crtbegin.o
 .rela.text.wiiuse_handshake
                0x0000000080004194        0x0 /opt/devkitpro/devkitPPC/lib/gcc/powerpc-eabi/6.2.0/crtbegin.o
 .rela.text.wiiuse_handshake_expansion
                0x0000000080004194        0x0 /opt/devkitpro/devkitPPC/lib/gcc/powerpc-eabi/6.2.0/crtbegin.o
 .rela.text.wiiuse_init_cmd_queue
                0x0000000080004194        0x0 /opt/devkitpro/devkitPPC/lib/gcc/powerpc-eabi/6.2.0/crtbegin.o
 .rela.text.wiiuse_init
                0x0000000080004194        0x0 /opt/devkitpro/devkitPPC/lib/gcc/powerpc-eabi/6.2.0/crtbegin.o
 .rela.text.bt_alarmhandler
                0x0000000080004194        0x0 /opt/devkitpro/devkitPPC/lib/gcc/powerpc-eabi/6.2.0/crtbegin.o
 .rela.text.__console_init
                0x0000000080004194        0x0 /opt/devkitpro/devkitPPC/lib/gcc/powerpc-eabi/6.2.0/crtbegin.o
 .rela.text.__console_init_ex
                0x0000000080004194        0x0 /opt/devkitpro/devkitPPC/lib/gcc/powerpc-eabi/6.2.0/crtbegin.o
 .rela.text.CON_EnableGecko
                0x0000000080004194        0x0 /opt/devkitpro/devkitPPC/lib/gcc/powerpc-eabi/6.2.0/crtbegin.o
 .rela.text.__lwp_rotate_readyqueue
                0x0000000080004194        0x0 /opt/devkitpro/devkitPPC/lib/gcc/powerpc-eabi/6.2.0/crtbegin.o
 .rela.text.__lwp_thread_tickle_timeslice
                0x0000000080004194        0x0 /opt/devkitpro/devkitPPC/lib/gcc/powerpc-eabi/6.2.0/crtbegin.o
 .rela.text.__lwp_thread_setstate
                0x0000000080004194        0x0 /opt/devkitpro/devkitPPC/lib/gcc/powerpc-eabi/6.2.0/crtbegin.o
 .rela.text.__lwp_thread_setpriority
                0x0000000080004194        0x0 /opt/devkitpro/devkitPPC/lib/gcc/powerpc-eabi/6.2.0/crtbegin.o
 .rela.text.__lwp_thread_suspend
                0x0000000080004194        0x0 /opt/devkitpro/devkitPPC/lib/gcc/powerpc-eabi/6.2.0/crtbegin.o
 .rela.text.__lwp_thread_changepriority
                0x0000000080004194        0x0 /opt/devkitpro/devkitPPC/lib/gcc/powerpc-eabi/6.2.0/crtbegin.o
 .rela.text.__lwp_thread_ready
                0x0000000080004194        0x0 /opt/devkitpro/devkitPPC/lib/gcc/powerpc-eabi/6.2.0/crtbegin.o
 .rela.text.__lwp_thread_init
                0x0000000080004194        0x0 /opt/devkitpro/devkitPPC/lib/gcc/powerpc-eabi/6.2.0/crtbegin.o
 .rela.text.__lwp_thread_close
                0x0000000080004194        0x0 /opt/devkitpro/devkitPPC/lib/gcc/powerpc-eabi/6.2.0/crtbegin.o
 .rela.text.__lwp_thread_closeall
                0x0000000080004194        0x0 /opt/devkitpro/devkitPPC/lib/gcc/powerpc-eabi/6.2.0/crtbegin.o
 .rela.text.__lwp_thread_startmultitasking
                0x0000000080004194        0x0 /opt/devkitpro/devkitPPC/lib/gcc/powerpc-eabi/6.2.0/crtbegin.o
 .rela.text.__lwp_thread_stopmultitasking
                0x0000000080004194        0x0 /opt/devkitpro/devkitPPC/lib/gcc/powerpc-eabi/6.2.0/crtbegin.o
 .rela.text.__lwp_thread_coreinit
                0x0000000080004194        0x0 /opt/devkitpro/devkitPPC/lib/gcc/powerpc-eabi/6.2.0/crtbegin.o
 .rela.text.__lwp_sysinit
                0x0000000080004194        0x0 /opt/devkitpro/devkitPPC/lib/gcc/powerpc-eabi/6.2.0/crtbegin.o
 .rela.text.__lwp_thread_isalive
                0x0000000080004194        0x0 /opt/devkitpro/devkitPPC/lib/gcc/powerpc-eabi/6.2.0/crtbegin.o
 .rela.text.__lwp_thread_exists
                0x0000000080004194        0x0 /opt/devkitpro/devkitPPC/lib/gcc/powerpc-eabi/6.2.0/crtbegin.o
 .rela.text.__lwp_thread_context
                0x0000000080004194        0x0 /opt/devkitpro/devkitPPC/lib/gcc/powerpc-eabi/6.2.0/crtbegin.o
 .rela.text.LWP_CreateThread
                0x0000000080004194        0x0 /opt/devkitpro/devkitPPC/lib/gcc/powerpc-eabi/6.2.0/crtbegin.o
 .rela.text.LWP_SuspendThread
                0x0000000080004194        0x0 /opt/devkitpro/devkitPPC/lib/gcc/powerpc-eabi/6.2.0/crtbegin.o
 .rela.text.LWP_ResumeThread
                0x0000000080004194        0x0 /opt/devkitpro/devkitPPC/lib/gcc/powerpc-eabi/6.2.0/crtbegin.o
 .rela.text.LWP_SetThreadPriority
                0x0000000080004194        0x0 /opt/devkitpro/devkitPPC/lib/gcc/powerpc-eabi/6.2.0/crtbegin.o
 .rela.text.LWP_ThreadIsSuspended
                0x0000000080004194        0x0 /opt/devkitpro/devkitPPC/lib/gcc/powerpc-eabi/6.2.0/crtbegin.o
 .rela.text.LWP_JoinThread
                0x0000000080004194        0x0 /opt/devkitpro/devkitPPC/lib/gcc/powerpc-eabi/6.2.0/crtbegin.o
 .rela.text.LWP_InitQueue
                0x0000000080004194        0x0 /opt/devkitpro/devkitPPC/lib/gcc/powerpc-eabi/6.2.0/crtbegin.o
 .rela.text.LWP_CloseQueue
                0x0000000080004194        0x0 /opt/devkitpro/devkitPPC/lib/gcc/powerpc-eabi/6.2.0/crtbegin.o
 .rela.text.LWP_ThreadSleep
                0x0000000080004194        0x0 /opt/devkitpro/devkitPPC/lib/gcc/powerpc-eabi/6.2.0/crtbegin.o
 .rela.text.LWP_ThreadBroadcast
                0x0000000080004194        0x0 /opt/devkitpro/devkitPPC/lib/gcc/powerpc-eabi/6.2.0/crtbegin.o
 .rela.text.LWP_ThreadSignal
                0x0000000080004194        0x0 /opt/devkitpro/devkitPPC/lib/gcc/powerpc-eabi/6.2.0/crtbegin.o
 .rela.text.__lwp_stack_allocate
                0x0000000080004194        0x0 /opt/devkitpro/devkitPPC/lib/gcc/powerpc-eabi/6.2.0/crtbegin.o
 .rela.text.__lwp_stack_free
                0x0000000080004194        0x0 /opt/devkitpro/devkitPPC/lib/gcc/powerpc-eabi/6.2.0/crtbegin.o
 .rela.text.__lwp_watchdog_init
                0x0000000080004194        0x0 /opt/devkitpro/devkitPPC/lib/gcc/powerpc-eabi/6.2.0/crtbegin.o
 .rela.text.__lwp_wd_tickle
                0x0000000080004194        0x0 /opt/devkitpro/devkitPPC/lib/gcc/powerpc-eabi/6.2.0/crtbegin.o
 .rela.text.__lwp_wkspace_heapfree
                0x0000000080004194        0x0 /opt/devkitpro/devkitPPC/lib/gcc/powerpc-eabi/6.2.0/crtbegin.o
 .rela.text.__lwp_wkspace_heapused
                0x0000000080004194        0x0 /opt/devkitpro/devkitPPC/lib/gcc/powerpc-eabi/6.2.0/crtbegin.o
 .rela.text.__lwp_wkspace_init
                0x0000000080004194        0x0 /opt/devkitpro/devkitPPC/lib/gcc/powerpc-eabi/6.2.0/crtbegin.o
 .rela.text.__lwp_objmgr_initinfo
                0x0000000080004194        0x0 /opt/devkitpro/devkitPPC/lib/gcc/powerpc-eabi/6.2.0/crtbegin.o
 .rela.text.__systemcall_init
                0x0000000080004194        0x0 /opt/devkitpro/devkitPPC/lib/gcc/powerpc-eabi/6.2.0/crtbegin.o
 .rela.text.__exception_init
                0x0000000080004194        0x0 /opt/devkitpro/devkitPPC/lib/gcc/powerpc-eabi/6.2.0/crtbegin.o
 .rela.text.__exception_close
                0x0000000080004194        0x0 /opt/devkitpro/devkitPPC/lib/gcc/powerpc-eabi/6.2.0/crtbegin.o
 .rela.text.__exception_sethandler
                0x0000000080004194        0x0 /opt/devkitpro/devkitPPC/lib/gcc/powerpc-eabi/6.2.0/crtbegin.o
 .rela.text.__irq_init
                0x0000000080004194        0x0 /opt/devkitpro/devkitPPC/lib/gcc/powerpc-eabi/6.2.0/crtbegin.o
 .rela.text.__call_resetfuncs
                0x0000000080004194        0x0 /opt/devkitpro/devkitPPC/lib/gcc/powerpc-eabi/6.2.0/crtbegin.o
 .rela.text.__unlocksram
                0x0000000080004194        0x0 /opt/devkitpro/devkitPPC/lib/gcc/powerpc-eabi/6.2.0/crtbegin.o
 .rela.text.__sram_writecallback
                0x0000000080004194        0x0 /opt/devkitpro/devkitPPC/lib/gcc/powerpc-eabi/6.2.0/crtbegin.o
 .rela.text.__sys_alarmhandler
                0x0000000080004194        0x0 /opt/devkitpro/devkitPPC/lib/gcc/powerpc-eabi/6.2.0/crtbegin.o
 .rela.text.__sram_read.constprop.10
                0x0000000080004194        0x0 /opt/devkitpro/devkitPPC/lib/gcc/powerpc-eabi/6.2.0/crtbegin.o
 .rela.text.__sram_init
                0x0000000080004194        0x0 /opt/devkitpro/devkitPPC/lib/gcc/powerpc-eabi/6.2.0/crtbegin.o
 .rela.text.__SYS_LockSram
                0x0000000080004194        0x0 /opt/devkitpro/devkitPPC/lib/gcc/powerpc-eabi/6.2.0/crtbegin.o
 .rela.text.__SYS_LockSramEx
                0x0000000080004194        0x0 /opt/devkitpro/devkitPPC/lib/gcc/powerpc-eabi/6.2.0/crtbegin.o
 .rela.text.__SYS_SyncSram
                0x0000000080004194        0x0 /opt/devkitpro/devkitPPC/lib/gcc/powerpc-eabi/6.2.0/crtbegin.o
 .rela.text.__SYS_SetBootTime
                0x0000000080004194        0x0 /opt/devkitpro/devkitPPC/lib/gcc/powerpc-eabi/6.2.0/crtbegin.o
 .rela.text.SYS_Init
                0x0000000080004194        0x0 /opt/devkitpro/devkitPPC/lib/gcc/powerpc-eabi/6.2.0/crtbegin.o
 .rela.text.SYS_SetAlarm
                0x0000000080004194        0x0 /opt/devkitpro/devkitPPC/lib/gcc/powerpc-eabi/6.2.0/crtbegin.o
 .rela.text.SYS_SetPeriodicAlarm
                0x0000000080004194        0x0 /opt/devkitpro/devkitPPC/lib/gcc/powerpc-eabi/6.2.0/crtbegin.o
 .rela.text.SYS_RemoveAlarm
                0x0000000080004194        0x0 /opt/devkitpro/devkitPPC/lib/gcc/powerpc-eabi/6.2.0/crtbegin.o
 .rela.text.SYS_CancelAlarm
                0x0000000080004194        0x0 /opt/devkitpro/devkitPPC/lib/gcc/powerpc-eabi/6.2.0/crtbegin.o
 .rela.text.SYS_SetWirelessID
                0x0000000080004194        0x0 /opt/devkitpro/devkitPPC/lib/gcc/powerpc-eabi/6.2.0/crtbegin.o
 .rela.text.SYS_GetWirelessID
                0x0000000080004194        0x0 /opt/devkitpro/devkitPPC/lib/gcc/powerpc-eabi/6.2.0/crtbegin.o
 .rela.text.__lwp_cond_waitsupp.constprop.4
                0x0000000080004194        0x0 /opt/devkitpro/devkitPPC/lib/gcc/powerpc-eabi/6.2.0/crtbegin.o
 .rela.text.__lwp_cond_signalsupp
                0x0000000080004194        0x0 /opt/devkitpro/devkitPPC/lib/gcc/powerpc-eabi/6.2.0/crtbegin.o
 .rela.text.__lwp_cond_init
                0x0000000080004194        0x0 /opt/devkitpro/devkitPPC/lib/gcc/powerpc-eabi/6.2.0/crtbegin.o
 .rela.text.LWP_CondInit
                0x0000000080004194        0x0 /opt/devkitpro/devkitPPC/lib/gcc/powerpc-eabi/6.2.0/crtbegin.o
 .rela.text.LWP_CondDestroy
                0x0000000080004194        0x0 /opt/devkitpro/devkitPPC/lib/gcc/powerpc-eabi/6.2.0/crtbegin.o
 .rela.text.__GX_InitRevBits
                0x0000000080004194        0x0 /opt/devkitpro/devkitPPC/lib/gcc/powerpc-eabi/6.2.0/crtbegin.o
 .rela.text.__GX_CleanGPFifo
                0x0000000080004194        0x0 /opt/devkitpro/devkitPPC/lib/gcc/powerpc-eabi/6.2.0/crtbegin.o
 .rela.text.__GXDefTexRegionCallback
                0x0000000080004194        0x0 /opt/devkitpro/devkitPPC/lib/gcc/powerpc-eabi/6.2.0/crtbegin.o
 .rela.text.__GXDefTlutRegionCallback
                0x0000000080004194        0x0 /opt/devkitpro/devkitPPC/lib/gcc/powerpc-eabi/6.2.0/crtbegin.o
 .rela.text.__SetSURegs
                0x0000000080004194        0x0 /opt/devkitpro/devkitPPC/lib/gcc/powerpc-eabi/6.2.0/crtbegin.o
 .rela.text.__GXCPInterruptHandler
                0x0000000080004194        0x0 /opt/devkitpro/devkitPPC/lib/gcc/powerpc-eabi/6.2.0/crtbegin.o
 .rela.text.__GX_Abort
                0x0000000080004194        0x0 /opt/devkitpro/devkitPPC/lib/gcc/powerpc-eabi/6.2.0/crtbegin.o
 .rela.text.GX_SetTexCoordGen2.part.7
                0x0000000080004194        0x0 /opt/devkitpro/devkitPPC/lib/gcc/powerpc-eabi/6.2.0/crtbegin.o
 .rela.text.__GX_SetDirtyState
                0x0000000080004194        0x0 /opt/devkitpro/devkitPPC/lib/gcc/powerpc-eabi/6.2.0/crtbegin.o
 .rela.text.GX_SetCPUFifo
                0x0000000080004194        0x0 /opt/devkitpro/devkitPPC/lib/gcc/powerpc-eabi/6.2.0/crtbegin.o
 .rela.text.GX_SetGPFifo
                0x0000000080004194        0x0 /opt/devkitpro/devkitPPC/lib/gcc/powerpc-eabi/6.2.0/crtbegin.o
 .rela.text.GX_RestoreWriteGatherPipe
                0x0000000080004194        0x0 /opt/devkitpro/devkitPPC/lib/gcc/powerpc-eabi/6.2.0/crtbegin.o
 .rela.text.GX_Flush
                0x0000000080004194        0x0 /opt/devkitpro/devkitPPC/lib/gcc/powerpc-eabi/6.2.0/crtbegin.o
 .rela.text.GX_RedirectWriteGatherPipe
                0x0000000080004194        0x0 /opt/devkitpro/devkitPPC/lib/gcc/powerpc-eabi/6.2.0/crtbegin.o
 .rela.text.__gx_onreset
                0x0000000080004194        0x0 /opt/devkitpro/devkitPPC/lib/gcc/powerpc-eabi/6.2.0/crtbegin.o
 .rela.text.GX_EnableBreakPt
                0x0000000080004194        0x0 /opt/devkitpro/devkitPPC/lib/gcc/powerpc-eabi/6.2.0/crtbegin.o
 .rela.text.GX_DisableBreakPt
                0x0000000080004194        0x0 /opt/devkitpro/devkitPPC/lib/gcc/powerpc-eabi/6.2.0/crtbegin.o
 .rela.text.GX_AbortFrame
                0x0000000080004194        0x0 /opt/devkitpro/devkitPPC/lib/gcc/powerpc-eabi/6.2.0/crtbegin.o
 .rela.text.GX_PixModeSync
                0x0000000080004194        0x0 /opt/devkitpro/devkitPPC/lib/gcc/powerpc-eabi/6.2.0/crtbegin.o
 .rela.text.GX_SetMisc
                0x0000000080004194        0x0 /opt/devkitpro/devkitPPC/lib/gcc/powerpc-eabi/6.2.0/crtbegin.o
 .rela.text.GX_SetCopyClamp
                0x0000000080004194        0x0 /opt/devkitpro/devkitPPC/lib/gcc/powerpc-eabi/6.2.0/crtbegin.o
 .rela.text.GX_SetDispCopyGamma
                0x0000000080004194        0x0 /opt/devkitpro/devkitPPC/lib/gcc/powerpc-eabi/6.2.0/crtbegin.o
 .rela.text.GX_SetDispCopyFrame2Field
                0x0000000080004194        0x0 /opt/devkitpro/devkitPPC/lib/gcc/powerpc-eabi/6.2.0/crtbegin.o
 .rela.text.GX_SetDispCopyYScale
                0x0000000080004194        0x0 /opt/devkitpro/devkitPPC/lib/gcc/powerpc-eabi/6.2.0/crtbegin.o
 .rela.text.GX_SetDispCopyDst
                0x0000000080004194        0x0 /opt/devkitpro/devkitPPC/lib/gcc/powerpc-eabi/6.2.0/crtbegin.o
 .rela.text.GX_SetDispCopySrc
                0x0000000080004194        0x0 /opt/devkitpro/devkitPPC/lib/gcc/powerpc-eabi/6.2.0/crtbegin.o
 .rela.text.GX_CopyDisp
                0x0000000080004194        0x0 /opt/devkitpro/devkitPPC/lib/gcc/powerpc-eabi/6.2.0/crtbegin.o
 .rela.text.GX_CopyTex
                0x0000000080004194        0x0 /opt/devkitpro/devkitPPC/lib/gcc/powerpc-eabi/6.2.0/crtbegin.o
 .rela.text.GX_SetTexCopySrc
                0x0000000080004194        0x0 /opt/devkitpro/devkitPPC/lib/gcc/powerpc-eabi/6.2.0/crtbegin.o
 .rela.text.GX_SetTexCopyDst
                0x0000000080004194        0x0 /opt/devkitpro/devkitPPC/lib/gcc/powerpc-eabi/6.2.0/crtbegin.o
 .rela.text.GX_BeginDispList
                0x0000000080004194        0x0 /opt/devkitpro/devkitPPC/lib/gcc/powerpc-eabi/6.2.0/crtbegin.o
 .rela.text.GX_EndDispList
                0x0000000080004194        0x0 /opt/devkitpro/devkitPPC/lib/gcc/powerpc-eabi/6.2.0/crtbegin.o
 .rela.text.GX_CallDispList
                0x0000000080004194        0x0 /opt/devkitpro/devkitPPC/lib/gcc/powerpc-eabi/6.2.0/crtbegin.o
 .rela.text.GX_SetChanCtrl
                0x0000000080004194        0x0 /opt/devkitpro/devkitPPC/lib/gcc/powerpc-eabi/6.2.0/crtbegin.o
 .rela.text.GX_SetChanAmbColor
                0x0000000080004194        0x0 /opt/devkitpro/devkitPPC/lib/gcc/powerpc-eabi/6.2.0/crtbegin.o
 .rela.text.GX_SetChanMatColor
                0x0000000080004194        0x0 /opt/devkitpro/devkitPPC/lib/gcc/powerpc-eabi/6.2.0/crtbegin.o
 .rela.text.GX_SetVtxDesc
                0x0000000080004194        0x0 /opt/devkitpro/devkitPPC/lib/gcc/powerpc-eabi/6.2.0/crtbegin.o
 .rela.text.GX_SetVtxDescv
                0x0000000080004194        0x0 /opt/devkitpro/devkitPPC/lib/gcc/powerpc-eabi/6.2.0/crtbegin.o
 .rela.text.GX_GetVtxDescv
                0x0000000080004194        0x0 /opt/devkitpro/devkitPPC/lib/gcc/powerpc-eabi/6.2.0/crtbegin.o
 .rela.text.GX_SetVtxAttrFmt
                0x0000000080004194        0x0 /opt/devkitpro/devkitPPC/lib/gcc/powerpc-eabi/6.2.0/crtbegin.o
 .rela.text.GX_SetVtxAttrFmtv
                0x0000000080004194        0x0 /opt/devkitpro/devkitPPC/lib/gcc/powerpc-eabi/6.2.0/crtbegin.o
 .rela.text.GX_Begin
                0x0000000080004194        0x0 /opt/devkitpro/devkitPPC/lib/gcc/powerpc-eabi/6.2.0/crtbegin.o
 .rela.text.GX_SetCurrentMtx
                0x0000000080004194        0x0 /opt/devkitpro/devkitPPC/lib/gcc/powerpc-eabi/6.2.0/crtbegin.o
 .rela.text.GX_SetNumTexGens
                0x0000000080004194        0x0 /opt/devkitpro/devkitPPC/lib/gcc/powerpc-eabi/6.2.0/crtbegin.o
 .rela.text.GX_SetZMode
                0x0000000080004194        0x0 /opt/devkitpro/devkitPPC/lib/gcc/powerpc-eabi/6.2.0/crtbegin.o
 .rela.text.GX_LoadTexObjPreloaded
                0x0000000080004194        0x0 /opt/devkitpro/devkitPPC/lib/gcc/powerpc-eabi/6.2.0/crtbegin.o
 .rela.text.GX_PreloadEntireTexture
                0x0000000080004194        0x0 /opt/devkitpro/devkitPPC/lib/gcc/powerpc-eabi/6.2.0/crtbegin.o
 .rela.text.GX_InvalidateTexAll
                0x0000000080004194        0x0 /opt/devkitpro/devkitPPC/lib/gcc/powerpc-eabi/6.2.0/crtbegin.o
 .rela.text.GX_InvalidateTexRegion
                0x0000000080004194        0x0 /opt/devkitpro/devkitPPC/lib/gcc/powerpc-eabi/6.2.0/crtbegin.o
 .rela.text.GX_LoadTlut
                0x0000000080004194        0x0 /opt/devkitpro/devkitPPC/lib/gcc/powerpc-eabi/6.2.0/crtbegin.o
 .rela.text.GX_SetTexCoordScaleManually
                0x0000000080004194        0x0 /opt/devkitpro/devkitPPC/lib/gcc/powerpc-eabi/6.2.0/crtbegin.o
 .rela.text.GX_SetTexCoordCylWrap
                0x0000000080004194        0x0 /opt/devkitpro/devkitPPC/lib/gcc/powerpc-eabi/6.2.0/crtbegin.o
 .rela.text.GX_SetTexCoordBias
                0x0000000080004194        0x0 /opt/devkitpro/devkitPPC/lib/gcc/powerpc-eabi/6.2.0/crtbegin.o
 .rela.text.GX_SetBlendMode
                0x0000000080004194        0x0 /opt/devkitpro/devkitPPC/lib/gcc/powerpc-eabi/6.2.0/crtbegin.o
 .rela.text.GX_ClearVtxDesc
                0x0000000080004194        0x0 /opt/devkitpro/devkitPPC/lib/gcc/powerpc-eabi/6.2.0/crtbegin.o
 .rela.text.GX_SetLineWidth
                0x0000000080004194        0x0 /opt/devkitpro/devkitPPC/lib/gcc/powerpc-eabi/6.2.0/crtbegin.o
 .rela.text.GX_SetPointSize
                0x0000000080004194        0x0 /opt/devkitpro/devkitPPC/lib/gcc/powerpc-eabi/6.2.0/crtbegin.o
 .rela.text.GX_SetTevColorIn
                0x0000000080004194        0x0 /opt/devkitpro/devkitPPC/lib/gcc/powerpc-eabi/6.2.0/crtbegin.o
 .rela.text.GX_SetTevAlphaIn
                0x0000000080004194        0x0 /opt/devkitpro/devkitPPC/lib/gcc/powerpc-eabi/6.2.0/crtbegin.o
 .rela.text.GX_SetTevColorOp
                0x0000000080004194        0x0 /opt/devkitpro/devkitPPC/lib/gcc/powerpc-eabi/6.2.0/crtbegin.o
 .rela.text.GX_SetTevAlphaOp
                0x0000000080004194        0x0 /opt/devkitpro/devkitPPC/lib/gcc/powerpc-eabi/6.2.0/crtbegin.o
 .rela.text.GX_SetTevOp
                0x0000000080004194        0x0 /opt/devkitpro/devkitPPC/lib/gcc/powerpc-eabi/6.2.0/crtbegin.o
 .rela.text.GX_SetCullMode
                0x0000000080004194        0x0 /opt/devkitpro/devkitPPC/lib/gcc/powerpc-eabi/6.2.0/crtbegin.o
 .rela.text.GX_SetCoPlanar
                0x0000000080004194        0x0 /opt/devkitpro/devkitPPC/lib/gcc/powerpc-eabi/6.2.0/crtbegin.o
 .rela.text.GX_EnableTexOffsets
                0x0000000080004194        0x0 /opt/devkitpro/devkitPPC/lib/gcc/powerpc-eabi/6.2.0/crtbegin.o
 .rela.text.GX_SetScissor
                0x0000000080004194        0x0 /opt/devkitpro/devkitPPC/lib/gcc/powerpc-eabi/6.2.0/crtbegin.o
 .rela.text.GX_SetNumChans
                0x0000000080004194        0x0 /opt/devkitpro/devkitPPC/lib/gcc/powerpc-eabi/6.2.0/crtbegin.o
 .rela.text.GX_SetTevOrder
                0x0000000080004194        0x0 /opt/devkitpro/devkitPPC/lib/gcc/powerpc-eabi/6.2.0/crtbegin.o
 .rela.text.GX_SetNumTevStages
                0x0000000080004194        0x0 /opt/devkitpro/devkitPPC/lib/gcc/powerpc-eabi/6.2.0/crtbegin.o
 .rela.text.GX_SetTevKColorSel
                0x0000000080004194        0x0 /opt/devkitpro/devkitPPC/lib/gcc/powerpc-eabi/6.2.0/crtbegin.o
 .rela.text.GX_SetTevKAlphaSel
                0x0000000080004194        0x0 /opt/devkitpro/devkitPPC/lib/gcc/powerpc-eabi/6.2.0/crtbegin.o
 .rela.text.GX_SetTevSwapMode
                0x0000000080004194        0x0 /opt/devkitpro/devkitPPC/lib/gcc/powerpc-eabi/6.2.0/crtbegin.o
 .rela.text.GX_SetTevSwapModeTable
                0x0000000080004194        0x0 /opt/devkitpro/devkitPPC/lib/gcc/powerpc-eabi/6.2.0/crtbegin.o
 .rela.text.GX_SetNumIndStages
                0x0000000080004194        0x0 /opt/devkitpro/devkitPPC/lib/gcc/powerpc-eabi/6.2.0/crtbegin.o
 .rela.text.GX_SetIndTexCoordScale
                0x0000000080004194        0x0 /opt/devkitpro/devkitPPC/lib/gcc/powerpc-eabi/6.2.0/crtbegin.o
 .rela.text.GX_SetColorUpdate
                0x0000000080004194        0x0 /opt/devkitpro/devkitPPC/lib/gcc/powerpc-eabi/6.2.0/crtbegin.o
 .rela.text.GX_SetAlphaUpdate
                0x0000000080004194        0x0 /opt/devkitpro/devkitPPC/lib/gcc/powerpc-eabi/6.2.0/crtbegin.o
 .rela.text.GX_SetZCompLoc
                0x0000000080004194        0x0 /opt/devkitpro/devkitPPC/lib/gcc/powerpc-eabi/6.2.0/crtbegin.o
 .rela.text.GX_SetPixelFmt
                0x0000000080004194        0x0 /opt/devkitpro/devkitPPC/lib/gcc/powerpc-eabi/6.2.0/crtbegin.o
 .rela.text.GX_SetDither
                0x0000000080004194        0x0 /opt/devkitpro/devkitPPC/lib/gcc/powerpc-eabi/6.2.0/crtbegin.o
 .rela.text.GX_SetDstAlpha
                0x0000000080004194        0x0 /opt/devkitpro/devkitPPC/lib/gcc/powerpc-eabi/6.2.0/crtbegin.o
 .rela.text.GX_SetFieldMode
                0x0000000080004194        0x0 /opt/devkitpro/devkitPPC/lib/gcc/powerpc-eabi/6.2.0/crtbegin.o
 .rela.text.GX_SetIndTexOrder
                0x0000000080004194        0x0 /opt/devkitpro/devkitPPC/lib/gcc/powerpc-eabi/6.2.0/crtbegin.o
 .rela.text.GX_SetGPMetric
                0x0000000080004194        0x0 /opt/devkitpro/devkitPPC/lib/gcc/powerpc-eabi/6.2.0/crtbegin.o
 .rela.text.GX_Init
                0x0000000080004194        0x0 /opt/devkitpro/devkitPPC/lib/gcc/powerpc-eabi/6.2.0/crtbegin.o
 .rela.text.GX_ReadGPMetric
                0x0000000080004194        0x0 /opt/devkitpro/devkitPPC/lib/gcc/powerpc-eabi/6.2.0/crtbegin.o
 .rela.text.c_decrementer_handler
                0x0000000080004194        0x0 /opt/devkitpro/devkitPPC/lib/gcc/powerpc-eabi/6.2.0/crtbegin.o
 .rela.text.__lwp_mqbox_init
                0x0000000080004194        0x0 /opt/devkitpro/devkitPPC/lib/gcc/powerpc-eabi/6.2.0/crtbegin.o
 .rela.text.MQ_Init
                0x0000000080004194        0x0 /opt/devkitpro/devkitPPC/lib/gcc/powerpc-eabi/6.2.0/crtbegin.o
 .rela.text.MQ_Close
                0x0000000080004194        0x0 /opt/devkitpro/devkitPPC/lib/gcc/powerpc-eabi/6.2.0/crtbegin.o
 .rela.text.MQ_Send
                0x0000000080004194        0x0 /opt/devkitpro/devkitPPC/lib/gcc/powerpc-eabi/6.2.0/crtbegin.o
 .rela.text.MQ_Receive
                0x0000000080004194        0x0 /opt/devkitpro/devkitPPC/lib/gcc/powerpc-eabi/6.2.0/crtbegin.o
 .rela.text.MQ_Jam
                0x0000000080004194        0x0 /opt/devkitpro/devkitPPC/lib/gcc/powerpc-eabi/6.2.0/crtbegin.o
 .rela.text.__ios_ioctlvformat_parse
                0x0000000080004194        0x0 /opt/devkitpro/devkitPPC/lib/gcc/powerpc-eabi/6.2.0/crtbegin.o
 .rela.text.__ioctlvfmtCB
                0x0000000080004194        0x0 /opt/devkitpro/devkitPPC/lib/gcc/powerpc-eabi/6.2.0/crtbegin.o
 .rela.text.IOS_IoctlvFormat
                0x0000000080004194        0x0 /opt/devkitpro/devkitPPC/lib/gcc/powerpc-eabi/6.2.0/crtbegin.o
 .rela.text.IOS_IoctlvFormatAsync
                0x0000000080004194        0x0 /opt/devkitpro/devkitPPC/lib/gcc/powerpc-eabi/6.2.0/crtbegin.o
 .rela.text.nanosleep
                0x0000000080004194        0x0 /opt/devkitpro/devkitPPC/lib/gcc/powerpc-eabi/6.2.0/crtbegin.o
 .rela.text.__libc_delete_hook
                0x0000000080004194        0x0 /opt/devkitpro/devkitPPC/lib/gcc/powerpc-eabi/6.2.0/crtbegin.o
 .rela.text.__libc_init
                0x0000000080004194        0x0 /opt/devkitpro/devkitPPC/lib/gcc/powerpc-eabi/6.2.0/crtbegin.o
 .rela.text.__libc_wrapup
                0x0000000080004194        0x0 /opt/devkitpro/devkitPPC/lib/gcc/powerpc-eabi/6.2.0/crtbegin.o
 .rela.text.kprintf
                0x0000000080004194        0x0 /opt/devkitpro/devkitPPC/lib/gcc/powerpc-eabi/6.2.0/crtbegin.o
 .rela.text.__CheckARGV
                0x0000000080004194        0x0 /opt/devkitpro/devkitPPC/lib/gcc/powerpc-eabi/6.2.0/crtbegin.o
 .rela.text.__lwp_priority_init
                0x0000000080004194        0x0 /opt/devkitpro/devkitPPC/lib/gcc/powerpc-eabi/6.2.0/crtbegin.o
 .rela.text.__lwp_threadqueue_enqueuefifo
                0x0000000080004194        0x0 /opt/devkitpro/devkitPPC/lib/gcc/powerpc-eabi/6.2.0/crtbegin.o
 .rela.text.__lwp_threadqueue_dequeuefifo
                0x0000000080004194        0x0 /opt/devkitpro/devkitPPC/lib/gcc/powerpc-eabi/6.2.0/crtbegin.o
 .rela.text.__lwp_threadqueue_enqueuepriority
                0x0000000080004194        0x0 /opt/devkitpro/devkitPPC/lib/gcc/powerpc-eabi/6.2.0/crtbegin.o
 .rela.text.__lwp_threadqueue_dequeuepriority
                0x0000000080004194        0x0 /opt/devkitpro/devkitPPC/lib/gcc/powerpc-eabi/6.2.0/crtbegin.o
 .rela.text.__lwp_threadqueue_enqueue
                0x0000000080004194        0x0 /opt/devkitpro/devkitPPC/lib/gcc/powerpc-eabi/6.2.0/crtbegin.o
 .rela.text.__lwp_threadqueue_extractfifo
                0x0000000080004194        0x0 /opt/devkitpro/devkitPPC/lib/gcc/powerpc-eabi/6.2.0/crtbegin.o
 .rela.text.__lwp_threadqueue_extractpriority
                0x0000000080004194        0x0 /opt/devkitpro/devkitPPC/lib/gcc/powerpc-eabi/6.2.0/crtbegin.o
 .rela.text.__lwpmq_initialize
                0x0000000080004194        0x0 /opt/devkitpro/devkitPPC/lib/gcc/powerpc-eabi/6.2.0/crtbegin.o
 .rela.text.__lwpmq_close
                0x0000000080004194        0x0 /opt/devkitpro/devkitPPC/lib/gcc/powerpc-eabi/6.2.0/crtbegin.o
 .rela.text.__lwp_sema_init
                0x0000000080004194        0x0 /opt/devkitpro/devkitPPC/lib/gcc/powerpc-eabi/6.2.0/crtbegin.o
 .rela.text.LWP_SemInit
                0x0000000080004194        0x0 /opt/devkitpro/devkitPPC/lib/gcc/powerpc-eabi/6.2.0/crtbegin.o
 .rela.text.LWP_SemWait
                0x0000000080004194        0x0 /opt/devkitpro/devkitPPC/lib/gcc/powerpc-eabi/6.2.0/crtbegin.o
 .rela.text.LWP_SemPost
                0x0000000080004194        0x0 /opt/devkitpro/devkitPPC/lib/gcc/powerpc-eabi/6.2.0/crtbegin.o
 .rela.text.LWP_SemDestroy
                0x0000000080004194        0x0 /opt/devkitpro/devkitPPC/lib/gcc/powerpc-eabi/6.2.0/crtbegin.o
 .rela.text.__lwp_mutex_locksupp.constprop.8
                0x0000000080004194        0x0 /opt/devkitpro/devkitPPC/lib/gcc/powerpc-eabi/6.2.0/crtbegin.o
 .rela.text.__lwp_mutex_init
                0x0000000080004194        0x0 /opt/devkitpro/devkitPPC/lib/gcc/powerpc-eabi/6.2.0/crtbegin.o
 .rela.text.LWP_MutexInit
                0x0000000080004194        0x0 /opt/devkitpro/devkitPPC/lib/gcc/powerpc-eabi/6.2.0/crtbegin.o
 .rela.text.LWP_MutexDestroy
                0x0000000080004194        0x0 /opt/devkitpro/devkitPPC/lib/gcc/powerpc-eabi/6.2.0/crtbegin.o
 .rela.text.LWP_MutexUnlock
                0x0000000080004194        0x0 /opt/devkitpro/devkitPPC/lib/gcc/powerpc-eabi/6.2.0/crtbegin.o
 .rela.text.atangent
                0x0000000080004194        0x0 /opt/devkitpro/devkitPPC/lib/gcc/powerpc-eabi/6.2.0/crtbegin.o
 .rela.text.atangentf
                0x0000000080004194        0x0 /opt/devkitpro/devkitPPC/lib/gcc/powerpc-eabi/6.2.0/crtbegin.o
 .rela.text.sinef
                0x0000000080004194        0x0 /opt/devkitpro/devkitPPC/lib/gcc/powerpc-eabi/6.2.0/crtbegin.o
 .rela.text.sqrtf
                0x0000000080004194        0x0 /opt/devkitpro/devkitPPC/lib/gcc/powerpc-eabi/6.2.0/crtbegin.o
 .rela.text.calloc
                0x0000000080004194        0x0 /opt/devkitpro/devkitPPC/lib/gcc/powerpc-eabi/6.2.0/crtbegin.o
 .rela.text.__errno
                0x0000000080004194        0x0 /opt/devkitpro/devkitPPC/lib/gcc/powerpc-eabi/6.2.0/crtbegin.o
 .rela.text.exit
                0x0000000080004194        0x0 /opt/devkitpro/devkitPPC/lib/gcc/powerpc-eabi/6.2.0/crtbegin.o
 .rela.text.fprintf
                0x0000000080004194        0x0 /opt/devkitpro/devkitPPC/lib/gcc/powerpc-eabi/6.2.0/crtbegin.o
 .rela.text._malloc_trim_r
                0x0000000080004194        0x0 /opt/devkitpro/devkitPPC/lib/gcc/powerpc-eabi/6.2.0/crtbegin.o
 .rela.text._free_r
                0x0000000080004194        0x0 /opt/devkitpro/devkitPPC/lib/gcc/powerpc-eabi/6.2.0/crtbegin.o
 .rela.text.fwrite
                0x0000000080004194        0x0 /opt/devkitpro/devkitPPC/lib/gcc/powerpc-eabi/6.2.0/crtbegin.o
 .rela.text.setvbuf
                0x0000000080004194        0x0 /opt/devkitpro/devkitPPC/lib/gcc/powerpc-eabi/6.2.0/crtbegin.o
 .rela.text._svfprintf_r
                0x0000000080004194        0x0 /opt/devkitpro/devkitPPC/lib/gcc/powerpc-eabi/6.2.0/crtbegin.o
 .rela.text._vfprintf_r
                0x0000000080004194        0x0 /opt/devkitpro/devkitPPC/lib/gcc/powerpc-eabi/6.2.0/crtbegin.o
 .rela.text._wcrtomb_r
                0x0000000080004194        0x0 /opt/devkitpro/devkitPPC/lib/gcc/powerpc-eabi/6.2.0/crtbegin.o
 .rela.text.wcrtomb
                0x0000000080004194        0x0 /opt/devkitpro/devkitPPC/lib/gcc/powerpc-eabi/6.2.0/crtbegin.o
 .rela.text.__call_exitprocs
                0x0000000080004194        0x0 /opt/devkitpro/devkitPPC/lib/gcc/powerpc-eabi/6.2.0/crtbegin.o
 .rela.text._dtoa_r
                0x0000000080004194        0x0 /opt/devkitpro/devkitPPC/lib/gcc/powerpc-eabi/6.2.0/crtbegin.o
 .rela.text._cleanup_r
                0x0000000080004194        0x0 /opt/devkitpro/devkitPPC/lib/gcc/powerpc-eabi/6.2.0/crtbegin.o
 .rela.text.std.isra.0
                0x0000000080004194        0x0 /opt/devkitpro/devkitPPC/lib/gcc/powerpc-eabi/6.2.0/crtbegin.o
 .rela.text._cleanup
                0x0000000080004194        0x0 /opt/devkitpro/devkitPPC/lib/gcc/powerpc-eabi/6.2.0/crtbegin.o
 .rela.text.loadlocale
                0x0000000080004194        0x0 /opt/devkitpro/devkitPPC/lib/gcc/powerpc-eabi/6.2.0/crtbegin.o
 .rela.text.__smakebuf_r
                0x0000000080004194        0x0 /opt/devkitpro/devkitPPC/lib/gcc/powerpc-eabi/6.2.0/crtbegin.o
 .rela.text._findenv_r
                0x0000000080004194        0x0 /opt/devkitpro/devkitPPC/lib/gcc/powerpc-eabi/6.2.0/crtbegin.o

.rel.fini
 *(.rel.fini)

.rela.fini
 *(.rela.fini)

.rel.rodata
 *(.rel.rodata .rel.rodata.* .rel.gnu.linkonce.r.*)

.rela.rodata
 *(.rela.rodata .rela.rodata.* .rela.gnu.linkonce.r.*)

.rel.data
 *(.rel.data .rel.data.* .rel.gnu.linkonce.d.*)

.rela.data
 *(.rela.data .rela.data.* .rela.gnu.linkonce.d.*)

.rel.tdata
 *(.rel.tdata .rel.tdata.* .rel.gnu.linkonce.td.*)

.rela.tdata
 *(.rela.tdata .rela.tdata.* .rela.gnu.linkonce.td.*)

.rel.tbss
 *(.rel.tbss .rel.tbss.* .rel.gnu.linkonce.tb.*)

.rela.tbss
 *(.rela.tbss .rela.tbss.* .rela.gnu.linkonce.tb.*)

.rel.ctors
 *(.rel.ctors)

.rela.ctors
 *(.rela.ctors)

.rel.dtors
 *(.rel.dtors)

.rela.dtors
 *(.rela.dtors)

.rel.got
 *(.rel.got)

.rela.got
 *(.rela.got)

.rela.got1
 *(.rela.got1)

.rela.got2      0x0000000080004194        0x0
 *(.rela.got2)
 .rela.got2     0x0000000080004194        0x0 /opt/devkitpro/devkitPPC/lib/gcc/powerpc-eabi/6.2.0/crtbegin.o

.rel.sdata
 *(.rel.sdata .rel.sdata.* .rel.gnu.linkonce.s.*)

.rela.sdata
 *(.rela.sdata .rela.sdata.* .rela.gnu.linkonce.s.*)

.rel.sbss
 *(.rel.sbss .rel.sbss.* .rel.gnu.linkonce.sb.*)

.rela.sbss
 *(.rela.sbss .rela.sbss.* .rel.gnu.linkonce.sb.*)

.rel.sdata2
 *(.rel.sdata2 .rel.sdata2.* .rel.gnu.linkonce.s2.*)

.rela.sdata2    0x0000000080004194        0x0
 *(.rela.sdata2 .rela.sdata2.* .rela.gnu.linkonce.s2.*)
 .rela.sdata2.__sys_inIPL
                0x0000000080004194        0x0 /opt/devkitpro/devkitPPC/lib/gcc/powerpc-eabi/6.2.0/crtbegin.o

.rel.sbss2
 *(.rel.sbss2 .rel.sbss2.* .rel.gnu.linkonce.sb2.*)

.rela.sbss2
 *(.rela.sbss2 .rela.sbss2.* .rela.gnu.linkonce.sb2.*)

.rel.bss
 *(.rel.bss .rel.bss.* .rel.gnu.linkonce.b.*)

.rela.bss
 *(.rela.bss .rela.bss.* .rela.gnu.linkonce.b.*)

.rel.plt
 *(.rel.plt)

.rela.plt
 *(.rela.plt)

.text           0x00000000800041a0    0x3d540
 *(.text)
 .text          0x00000000800041a0      0x1f4 /opt/devkitpro/devkitPPC/lib/gcc/powerpc-eabi/6.2.0/crtbegin.o
 .text          0x0000000080004394       0x44 /opt/devkitpro/devkitPPC/lib/gcc/powerpc-eabi/6.2.0/../../../../powerpc-eabi/lib/crtmain.o
                0x0000000080004398                __crtmain
 .text          0x00000000800043d8      0x1d0 /opt/devkitpro/libogc/lib/wii/libdb.a(debug_handler.o)
                0x00000000800043d8                dbg_exceptionhandler
                0x0000000080004514                __set_iabr
                0x0000000080004538                __enable_iabr
                0x0000000080004560                __disable_iabr
                0x0000000080004588                __clr_iabr
 *fill*         0x00000000800045a8       0x18 00000000
 .text          0x00000000800045c0      0x44c /opt/devkitpro/libogc/lib/wii/libogc.a(lwp_handler.o)
                0x00000000800045c0                _cpu_context_save_fp
                0x0000000080004700                _cpu_context_restore_fp
                0x0000000080004840                _cpu_context_switch
                0x0000000080004920                _cpu_context_save
                0x00000000800049a0                _cpu_context_restore
 .text          0x0000000080004a0c      0x1ac /opt/devkitpro/libogc/lib/wii/libogc.a(irq_handler.o)
                0x0000000080004a0c                irq_exceptionhandler
 .text          0x0000000080004bb8      0x4f4 /opt/devkitpro/libogc/lib/wii/libogc.a(cache_asm.o)
                0x0000000080004bb8                DCFlashInvalidate
                0x0000000080004bcc                DCEnable
                0x0000000080004be0                DCDisable
                0x0000000080004bf4                DCFreeze
                0x0000000080004c08                DCUnfreeze
                0x0000000080004c1c                DCTouchLoad
                0x0000000080004c24                DCBlockZero
                0x0000000080004c2c                DCBlockStore
                0x0000000080004c34                DCBlockFlush
                0x0000000080004c3c                DCBlockInvalidate
                0x0000000080004c44                DCInvalidateRange
                0x0000000080004c74                DCFlushRange
                0x0000000080004ca8                DCStoreRange
                0x0000000080004cdc                DCFlushRangeNoSync
                0x0000000080004d0c                DCStoreRangeNoSync
                0x0000000080004d3c                DCZeroRange
                0x0000000080004d6c                DCTouchRange
                0x0000000080004d9c                ICInvalidateRange
                0x0000000080004dd4                ICFlashInvalidate
                0x0000000080004de8                ICEnable
                0x0000000080004dfc                ICDisable
                0x0000000080004e10                ICFreeze
                0x0000000080004e24                ICUnfreeze
                0x0000000080004e38                ICBlockInvalidate
                0x0000000080004e40                ICSync
                0x0000000080004e48                L2Init
                0x0000000080004e90                L2Enable
                0x0000000080004eac                L2Disable
                0x0000000080004ec4                L2GlobalInvalidate
                0x0000000080004f1c                __LCEnable
                0x0000000080004fe8                LCDisable
                0x0000000080005010                LCAllocOneTag
                0x0000000080005024                LCAllocTags
                0x0000000080005064                LCLoadBlocks
                0x0000000080005088                LCStoreBlocks
 .text          0x00000000800050ac      0x4a0 /opt/devkitpro/libogc/lib/wii/libogc.a(system_asm.o)
                0x00000000800050ac                __realmode
                0x00000000800050c4                __configBATS
                0x00000000800051f4                __InitFPRS
                0x0000000080005320                __InitPS
                0x000000008000537c                __InitCache
                0x00000000800053d4                __InitSystem
                0x000000008000545c                __flush_cache
                0x0000000080005490                __reset
                0x0000000080005500                __InitBATS
                0x000000008000551c                SYS_SwitchFiber
 .text          0x000000008000554c      0x1ac /opt/devkitpro/libogc/lib/wii/libogc.a(decrementer_handler.o)
                0x000000008000554c                dec_exceptionhandler
 .text          0x00000000800056f8      0x35c /opt/devkitpro/libogc/lib/wii/libogc.a(exception_handler.o)
                0x00000000800056f8                exceptionhandler_start
                0x0000000080005774                exceptionhandler_patch
                0x00000000800057a8                exceptionhandler_end
                0x00000000800057ac                default_exceptionhandler
                0x00000000800058dc                fpu_exceptionhandler
                0x0000000080005a24                systemcallhandler_start
                0x0000000080005a50                systemcallhandler_end
 .text          0x0000000080005a54      0x3e4 /opt/devkitpro/devkitPPC/lib/gcc/powerpc-eabi/6.2.0/libgcc.a(_udivdi3.o)
                0x0000000080005a54                __udivdi3
 .text          0x0000000080005e38      0x3c4 /opt/devkitpro/devkitPPC/lib/gcc/powerpc-eabi/6.2.0/libgcc.a(_umoddi3.o)
                0x0000000080005e38                __umoddi3
 .text          0x00000000800061fc       0x48 /opt/devkitpro/devkitPPC/lib/gcc/powerpc-eabi/6.2.0/libgcc.a(eabi.o)
                0x00000000800061fc                __eabi
 .text          0x0000000080006244       0x28 /opt/devkitpro/devkitPPC/lib/gcc/powerpc-eabi/6.2.0/../../../../powerpc-eabi/lib/libsysbase.a(abort.o)
                0x0000000080006244                abort
 .text          0x000000008000626c      0x2e0 /opt/devkitpro/devkitPPC/lib/gcc/powerpc-eabi/6.2.0/../../../../powerpc-eabi/lib/libsysbase.a(iosupport.o)
                0x000000008000626c                setDefaultDevice
                0x0000000080006284                FindDevice
                0x0000000080006398                RemoveDevice
                0x00000000800063e0                AddDevice
                0x00000000800064fc                GetDeviceOpTab
 .text          0x000000008000654c       0x2c /opt/devkitpro/devkitPPC/lib/gcc/powerpc-eabi/6.2.0/../../../../powerpc-eabi/lib/libsysbase.a(_exit.o)
                0x000000008000654c                _exit
 .text          0x0000000080006578       0x88 /opt/devkitpro/devkitPPC/lib/gcc/powerpc-eabi/6.2.0/../../../../powerpc-eabi/lib/libsysbase.a(build_argv.o)
                0x0000000080006578                build_argv
 .text          0x0000000080006600       0xb0 /opt/devkitpro/devkitPPC/lib/gcc/powerpc-eabi/6.2.0/../../../../powerpc-eabi/lib/libsysbase.a(syscall_support.o)
                0x0000000080006600                __libc_lock_init
                0x0000000080006620                __libc_lock_close
                0x0000000080006640                __libc_lock_release
                0x0000000080006660                __libc_lock_acquire
                0x0000000080006680                __malloc_lock
                0x0000000080006698                __malloc_unlock
 .text          0x00000000800066b0       0xa0 /opt/devkitpro/devkitPPC/lib/gcc/powerpc-eabi/6.2.0/../../../../powerpc-eabi/lib/libsysbase.a(close.o)
                0x00000000800066b0                _close_r
 .text          0x0000000080006750       0xb0 /opt/devkitpro/devkitPPC/lib/gcc/powerpc-eabi/6.2.0/../../../../powerpc-eabi/lib/libsysbase.a(fstat.o)
                0x0000000080006750                _fstat_r
 .text          0x0000000080006800        0x8 /opt/devkitpro/devkitPPC/lib/gcc/powerpc-eabi/6.2.0/../../../../powerpc-eabi/lib/libsysbase.a(isatty.o)
                0x0000000080006800                _isatty_r
 .text          0x0000000080006808       0xc0 /opt/devkitpro/devkitPPC/lib/gcc/powerpc-eabi/6.2.0/../../../../powerpc-eabi/lib/libsysbase.a(lseek.o)
                0x0000000080006808                _lseek_r
 .text          0x00000000800068c8       0xb0 /opt/devkitpro/devkitPPC/lib/gcc/powerpc-eabi/6.2.0/../../../../powerpc-eabi/lib/libsysbase.a(read.o)
                0x00000000800068c8                _read_r
 .text          0x0000000080006978       0x28 /opt/devkitpro/devkitPPC/lib/gcc/powerpc-eabi/6.2.0/../../../../powerpc-eabi/lib/libsysbase.a(sbrk.o)
                0x0000000080006978                _sbrk_r
 .text          0x00000000800069a0       0xd4 /opt/devkitpro/devkitPPC/lib/gcc/powerpc-eabi/6.2.0/../../../../powerpc-eabi/lib/libsysbase.a(write.o)
                0x00000000800069a0                _write_r
 .text          0x0000000080006a74       0x4c /opt/devkitpro/devkitPPC/lib/gcc/powerpc-eabi/6.2.0/../../../../powerpc-eabi/lib/libsysbase.a(flock.o)
                0x0000000080006a74                __flockfile
                0x0000000080006ab8                __funlockfile
 .text          0x0000000080006ac0      0x174 /opt/devkitpro/devkitPPC/lib/gcc/powerpc-eabi/6.2.0/../../../../powerpc-eabi/lib/libsysbase.a(handle_manager.o)
                0x0000000080006ac0                __release_handle
                0x0000000080006b1c                __alloc_handle
                0x0000000080006c0c                __get_handle
 .text          0x0000000080006c34       0x68 /opt/devkitpro/devkitPPC/lib/gcc/powerpc-eabi/6.2.0/crtend.o
 *(.text.*)
 .text.startup.main
                0x0000000080006c9c      0x11c gdbstub.o
                0x0000000080006c9c                main
 .text.gdbstub_report_exception
                0x0000000080006db8      0x178 /opt/devkitpro/libogc/lib/wii/libdb.a(debug.o)
 .text.hex      0x0000000080006f30       0x50 /opt/devkitpro/libogc/lib/wii/libdb.a(debug.o)
 .text.hexToInt
                0x0000000080006f80       0x9c /opt/devkitpro/libogc/lib/wii/libdb.a(debug.o)
 .text.process_query.constprop.3
                0x000000008000701c      0x244 /opt/devkitpro/libogc/lib/wii/libdb.a(debug.o)
 .text.putpacket.constprop.5
                0x0000000080007260      0x144 /opt/devkitpro/libogc/lib/wii/libdb.a(debug.o)
 .text.c_debug_handler
                0x00000000800073a4      0x83c /opt/devkitpro/libogc/lib/wii/libdb.a(debug.o)
                0x00000000800073a4                c_debug_handler
 .text._break   0x0000000080007be0       0x14 /opt/devkitpro/libogc/lib/wii/libdb.a(debug.o)
                0x0000000080007be0                _break
                0x0000000080007bec                __breakinst
 .text.DEBUG_Init
                0x0000000080007bf4      0x15c /opt/devkitpro/libogc/lib/wii/libdb.a(debug.o)
                0x0000000080007bf4                DEBUG_Init
 .text.hstr2byte
                0x0000000080007d50       0xac /opt/devkitpro/libogc/lib/wii/libdb.a(debug_supp.o)
                0x0000000080007d50                hstr2byte
 .text.vhstr2int
                0x0000000080007dfc       0xf0 /opt/devkitpro/libogc/lib/wii/libdb.a(debug_supp.o)
                0x0000000080007dfc                vhstr2int
 .text.fhstr2int
                0x0000000080007eec       0x68 /opt/devkitpro/libogc/lib/wii/libdb.a(debug_supp.o)
                0x0000000080007eec                fhstr2int
 .text.mem2hstr
                0x0000000080007f54       0x60 /opt/devkitpro/libogc/lib/wii/libdb.a(debug_supp.o)
                0x0000000080007f54                mem2hstr
 .text.thread2vhstr
                0x0000000080007fb4       0x88 /opt/devkitpro/libogc/lib/wii/libdb.a(debug_supp.o)
                0x0000000080007fb4                thread2vhstr
 .text.fhstr2thread
                0x000000008000803c       0x88 /opt/devkitpro/libogc/lib/wii/libdb.a(debug_supp.o)
                0x000000008000803c                fhstr2thread
 .text.vhstr2thread
                0x00000000800080c4       0xf8 /opt/devkitpro/libogc/lib/wii/libdb.a(debug_supp.o)
                0x00000000800080c4                vhstr2thread
 .text.gdbstub_indextoid
                0x00000000800081bc       0x54 /opt/devkitpro/libogc/lib/wii/libdb.a(debug_supp.o)
                0x00000000800081bc                gdbstub_indextoid
 .text.gdbstub_getcurrentthread
                0x0000000080008210       0x4c /opt/devkitpro/libogc/lib/wii/libdb.a(debug_supp.o)
                0x0000000080008210                gdbstub_getcurrentthread
 .text.gdbstub_getnextthread
                0x000000008000825c       0x80 /opt/devkitpro/libogc/lib/wii/libdb.a(debug_supp.o)
                0x000000008000825c                gdbstub_getnextthread
 .text.gdbstub_getthreadinfo
                0x00000000800082dc      0x1cc /opt/devkitpro/libogc/lib/wii/libdb.a(debug_supp.o)
                0x00000000800082dc                gdbstub_getthreadinfo
 .text.parsezbreak
                0x00000000800084a8       0xf4 /opt/devkitpro/libogc/lib/wii/libdb.a(debug_supp.o)
                0x00000000800084a8                parsezbreak
 .text.parseqp  0x000000008000859c       0x60 /opt/devkitpro/libogc/lib/wii/libdb.a(debug_supp.o)
                0x000000008000859c                parseqp
 .text.packqq   0x00000000800085fc      0x2c4 /opt/devkitpro/libogc/lib/wii/libdb.a(debug_supp.o)
                0x00000000800085fc                packqq
 .text.parseql  0x00000000800088c0       0xf0 /opt/devkitpro/libogc/lib/wii/libdb.a(debug_supp.o)
                0x00000000800088c0                parseql
 .text.reserve_qmheader
                0x00000000800089b0        0x8 /opt/devkitpro/libogc/lib/wii/libdb.a(debug_supp.o)
                0x00000000800089b0                reserve_qmheader
 .text.packqmthread
                0x00000000800089b8       0x4c /opt/devkitpro/libogc/lib/wii/libdb.a(debug_supp.o)
                0x00000000800089b8                packqmthread
 .text.packqmheader
                0x0000000080008a04       0x94 /opt/devkitpro/libogc/lib/wii/libdb.a(debug_supp.o)
                0x0000000080008a04                packqmheader
 .text.usbwait  0x0000000080008a98        0x8 /opt/devkitpro/libogc/lib/wii/libdb.a(geckousb.o)
 .text.__usb_isgeckoalive
                0x0000000080008aa0      0x108 /opt/devkitpro/libogc/lib/wii/libdb.a(geckousb.o)
 .text.usbopen  0x0000000080008ba8       0x2c /opt/devkitpro/libogc/lib/wii/libdb.a(geckousb.o)
 .text.usbclose
                0x0000000080008bd4        0x8 /opt/devkitpro/libogc/lib/wii/libdb.a(geckousb.o)
 .text.__usb_recvbyte
                0x0000000080008bdc       0xf8 /opt/devkitpro/libogc/lib/wii/libdb.a(geckousb.o)
 .text.usbread  0x0000000080008cd4      0x14c /opt/devkitpro/libogc/lib/wii/libdb.a(geckousb.o)
 .text.usbwrite
                0x0000000080008e20      0x1e4 /opt/devkitpro/libogc/lib/wii/libdb.a(geckousb.o)
 .text.usb_init
                0x0000000080009004       0xbc /opt/devkitpro/libogc/lib/wii/libdb.a(geckousb.o)
                0x0000000080009004                usb_init
 .text.uip_iproute
                0x00000000800090c0       0x48 /opt/devkitpro/libogc/lib/wii/libdb.a(uip_ip.o)
                0x00000000800090c0                uip_iproute
 .text.uip_ipaddr_isbroadcast
                0x0000000080009108       0x5c /opt/devkitpro/libogc/lib/wii/libdb.a(uip_ip.o)
                0x0000000080009108                uip_ipaddr_isbroadcast
 .text.uip_ipinput
                0x0000000080009164      0x1b8 /opt/devkitpro/libogc/lib/wii/libdb.a(uip_ip.o)
                0x0000000080009164                uip_ipinput
 .text.uip_ipoutput_if
                0x000000008000931c      0x158 /opt/devkitpro/libogc/lib/wii/libdb.a(uip_ip.o)
                0x000000008000931c                uip_ipoutput_if
 .text.uip_ipoutput
                0x0000000080009474       0x7c /opt/devkitpro/libogc/lib/wii/libdb.a(uip_ip.o)
                0x0000000080009474                uip_ipoutput
 .text.uip_ipinit
                0x00000000800094f0        0x4 /opt/devkitpro/libogc/lib/wii/libdb.a(uip_ip.o)
                0x00000000800094f0                uip_ipinit
 .text.uip_ipaton
                0x00000000800094f4      0x210 /opt/devkitpro/libogc/lib/wii/libdb.a(uip_ip.o)
                0x00000000800094f4                uip_ipaton
 .text.uip_ipaddr
                0x0000000080009704       0x44 /opt/devkitpro/libogc/lib/wii/libdb.a(uip_ip.o)
                0x0000000080009704                uip_ipaddr
 .text.uip_tcp_nullaccept
                0x0000000080009748        0x8 /opt/devkitpro/libogc/lib/wii/libdb.a(uip_tcp.o)
 .text.uip_tcp_parseopt.isra.0
                0x0000000080009750       0xb4 /opt/devkitpro/libogc/lib/wii/libdb.a(uip_tcp.o)
 .text.uip_tcp_init
                0x0000000080009804       0x4c /opt/devkitpro/libogc/lib/wii/libdb.a(uip_tcp.o)
                0x0000000080009804                uip_tcp_init
 .text.uip_tcp_accept
                0x0000000080009850        0x8 /opt/devkitpro/libogc/lib/wii/libdb.a(uip_tcp.o)
                0x0000000080009850                uip_tcp_accept
 .text.uip_tcp_err
                0x0000000080009858        0x8 /opt/devkitpro/libogc/lib/wii/libdb.a(uip_tcp.o)
                0x0000000080009858                uip_tcp_err
 .text.uip_tcp_recv
                0x0000000080009860        0x8 /opt/devkitpro/libogc/lib/wii/libdb.a(uip_tcp.o)
                0x0000000080009860                uip_tcp_recv
 .text.uip_tcp_sent
                0x0000000080009868        0x8 /opt/devkitpro/libogc/lib/wii/libdb.a(uip_tcp.o)
                0x0000000080009868                uip_tcp_sent
 .text.uip_tcp_poll
                0x0000000080009870        0xc /opt/devkitpro/libogc/lib/wii/libdb.a(uip_tcp.o)
                0x0000000080009870                uip_tcp_poll
 .text.uip_tcp_arg
                0x000000008000987c        0x8 /opt/devkitpro/libogc/lib/wii/libdb.a(uip_tcp.o)
                0x000000008000987c                uip_tcp_arg
 .text.uip_tcp_pcballoc
                0x0000000080009884       0xd8 /opt/devkitpro/libogc/lib/wii/libdb.a(uip_tcp.o)
                0x0000000080009884                uip_tcp_pcballoc
 .text.uip_tcp_new
                0x000000008000995c        0x8 /opt/devkitpro/libogc/lib/wii/libdb.a(uip_tcp.o)
                0x000000008000995c                uip_tcp_new
 .text.uip_tcp_bind
                0x0000000080009964      0x1b0 /opt/devkitpro/libogc/lib/wii/libdb.a(uip_tcp.o)
                0x0000000080009964                uip_tcp_bind
 .text.uip_tcp_listen
                0x0000000080009b14       0xbc /opt/devkitpro/libogc/lib/wii/libdb.a(uip_tcp.o)
                0x0000000080009b14                uip_tcp_listen
 .text.uip_tcp_rst
                0x0000000080009bd0      0x124 /opt/devkitpro/libogc/lib/wii/libdb.a(uip_tcp.o)
                0x0000000080009bd0                uip_tcp_rst
 .text.uip_tcp_keepalive
                0x0000000080009cf4      0x100 /opt/devkitpro/libogc/lib/wii/libdb.a(uip_tcp.o)
                0x0000000080009cf4                uip_tcp_keepalive
 .text.uip_tcpseg_copy
                0x0000000080009df4       0x68 /opt/devkitpro/libogc/lib/wii/libdb.a(uip_tcp.o)
                0x0000000080009df4                uip_tcpseg_copy
 .text.uip_tcpseg_free
                0x0000000080009e5c       0x7c /opt/devkitpro/libogc/lib/wii/libdb.a(uip_tcp.o)
                0x0000000080009e5c                uip_tcpseg_free
 .text.uip_tcpoutput
                0x0000000080009ed8      0x3ec /opt/devkitpro/libogc/lib/wii/libdb.a(uip_tcp.o)
                0x0000000080009ed8                uip_tcpoutput
 .text.uip_tcp_recved
                0x000000008000a2c4       0x78 /opt/devkitpro/libogc/lib/wii/libdb.a(uip_tcp.o)
                0x000000008000a2c4                uip_tcp_recved
 .text.uip_tcp_rexmit
                0x000000008000a33c       0x48 /opt/devkitpro/libogc/lib/wii/libdb.a(uip_tcp.o)
                0x000000008000a33c                uip_tcp_rexmit
 .text.uip_tcp_rexmit_rto
                0x000000008000a384       0x5c /opt/devkitpro/libogc/lib/wii/libdb.a(uip_tcp.o)
                0x000000008000a384                uip_tcp_rexmit_rto
 .text.uip_tcp_fasttmr
                0x000000008000a3e0       0x74 /opt/devkitpro/libogc/lib/wii/libdb.a(uip_tcp.o)
                0x000000008000a3e0                uip_tcp_fasttmr
 .text.uip_tcpreceive
                0x000000008000a454      0x9a8 /opt/devkitpro/libogc/lib/wii/libdb.a(uip_tcp.o)
 .text.uip_tcpenqueue
                0x000000008000adfc      0x4b8 /opt/devkitpro/libogc/lib/wii/libdb.a(uip_tcp.o)
                0x000000008000adfc                uip_tcpenqueue
 .text.uip_tcp_write
                0x000000008000b2b4       0x40 /opt/devkitpro/libogc/lib/wii/libdb.a(uip_tcp.o)
                0x000000008000b2b4                uip_tcp_write
 .text.uip_tcp_pcbpurge.part.2
                0x000000008000b2f4       0xa0 /opt/devkitpro/libogc/lib/wii/libdb.a(uip_tcp.o)
 .text.uip_tcp_pcbremove
                0x000000008000b394      0x108 /opt/devkitpro/libogc/lib/wii/libdb.a(uip_tcp.o)
                0x000000008000b394                uip_tcp_pcbremove
 .text.uip_tcp_close
                0x000000008000b49c      0x120 /opt/devkitpro/libogc/lib/wii/libdb.a(uip_tcp.o)
                0x000000008000b49c                uip_tcp_close
 .text.uip_tcp_nullrecv
                0x000000008000b5bc       0x44 /opt/devkitpro/libogc/lib/wii/libdb.a(uip_tcp.o)
 .text.uip_tcp_abort
                0x000000008000b600      0x150 /opt/devkitpro/libogc/lib/wii/libdb.a(uip_tcp.o)
                0x000000008000b600                uip_tcp_abort
 .text.uip_tcpinput
                0x000000008000b750      0xa28 /opt/devkitpro/libogc/lib/wii/libdb.a(uip_tcp.o)
                0x000000008000b750                uip_tcpinput
 .text.uip_tcp_slowtmr
                0x000000008000c178      0x430 /opt/devkitpro/libogc/lib/wii/libdb.a(uip_tcp.o)
                0x000000008000c178                uip_tcp_slowtmr
 .text.uip_tcp_tmr
                0x000000008000c5a8       0x48 /opt/devkitpro/libogc/lib/wii/libdb.a(uip_tcp.o)
                0x000000008000c5a8                uip_tcp_tmr
 .text.uip_pbuf_init
                0x000000008000c5f0       0x28 /opt/devkitpro/libogc/lib/wii/libdb.a(uip_pbuf.o)
                0x000000008000c5f0                uip_pbuf_init
 .text.uip_pbuf_free
                0x000000008000c618      0x118 /opt/devkitpro/libogc/lib/wii/libdb.a(uip_pbuf.o)
                0x000000008000c618                uip_pbuf_free
 .text.uip_pbuf_alloc
                0x000000008000c730      0x244 /opt/devkitpro/libogc/lib/wii/libdb.a(uip_pbuf.o)
                0x000000008000c730                uip_pbuf_alloc
 .text.uip_pbuf_realloc
                0x000000008000c974       0xc4 /opt/devkitpro/libogc/lib/wii/libdb.a(uip_pbuf.o)
                0x000000008000c974                uip_pbuf_realloc
 .text.uip_pbuf_header
                0x000000008000ca38       0x94 /opt/devkitpro/libogc/lib/wii/libdb.a(uip_pbuf.o)
                0x000000008000ca38                uip_pbuf_header
 .text.uip_pbuf_clen
                0x000000008000cacc       0x28 /opt/devkitpro/libogc/lib/wii/libdb.a(uip_pbuf.o)
                0x000000008000cacc                uip_pbuf_clen
 .text.uip_pbuf_ref
                0x000000008000caf4       0x18 /opt/devkitpro/libogc/lib/wii/libdb.a(uip_pbuf.o)
                0x000000008000caf4                uip_pbuf_ref
 .text.uip_pbuf_cat
                0x000000008000cb0c       0x64 /opt/devkitpro/libogc/lib/wii/libdb.a(uip_pbuf.o)
                0x000000008000cb0c                uip_pbuf_cat
 .text.uip_pbuf_queue
                0x000000008000cb70       0x44 /opt/devkitpro/libogc/lib/wii/libdb.a(uip_pbuf.o)
                0x000000008000cb70                uip_pbuf_queue
 .text.uip_pbuf_dequeue
                0x000000008000cbb4       0x88 /opt/devkitpro/libogc/lib/wii/libdb.a(uip_pbuf.o)
                0x000000008000cbb4                uip_pbuf_dequeue
 .text.uip_netif_init
                0x000000008000cc3c       0x10 /opt/devkitpro/libogc/lib/wii/libdb.a(uip_netif.o)
                0x000000008000cc3c                uip_netif_init
 .text.uip_netif_setup
                0x000000008000cc4c       0x10 /opt/devkitpro/libogc/lib/wii/libdb.a(uip_netif.o)
                0x000000008000cc4c                uip_netif_setup
 .text.uip_netif_isup
                0x000000008000cc5c        0xc /opt/devkitpro/libogc/lib/wii/libdb.a(uip_netif.o)
                0x000000008000cc5c                uip_netif_isup
 .text.uip_netif_setipaddr
                0x000000008000cc68       0x70 /opt/devkitpro/libogc/lib/wii/libdb.a(uip_netif.o)
                0x000000008000cc68                uip_netif_setipaddr
 .text.uip_netif_add
                0x000000008000ccd8       0xfc /opt/devkitpro/libogc/lib/wii/libdb.a(uip_netif.o)
                0x000000008000ccd8                uip_netif_add
 .text.uip_netif_setdefault
                0x000000008000cdd4        0x8 /opt/devkitpro/libogc/lib/wii/libdb.a(uip_netif.o)
                0x000000008000cdd4                uip_netif_setdefault
 .text.uip_chksum_pseudo
                0x000000008000cddc      0x174 /opt/devkitpro/libogc/lib/wii/libdb.a(uip_arch.o)
                0x000000008000cddc                uip_chksum_pseudo
 .text.uip_ipchksum
                0x000000008000cf50       0x98 /opt/devkitpro/libogc/lib/wii/libdb.a(uip_arch.o)
                0x000000008000cf50                uip_ipchksum
 .text.uip_ipchksum_pbuf
                0x000000008000cfe8       0xcc /opt/devkitpro/libogc/lib/wii/libdb.a(uip_arch.o)
                0x000000008000cfe8                uip_ipchksum_pbuf
 .text.uip_icmpinput
                0x000000008000d0b4      0x134 /opt/devkitpro/libogc/lib/wii/libdb.a(uip_icmp.o)
                0x000000008000d0b4                uip_icmpinput
 .text.uip_icmp_destunreach
                0x000000008000d1e8       0xcc /opt/devkitpro/libogc/lib/wii/libdb.a(uip_icmp.o)
                0x000000008000d1e8                uip_icmp_destunreach
 .text.memb_init
                0x000000008000d2b4       0x48 /opt/devkitpro/libogc/lib/wii/libdb.a(memb.o)
                0x000000008000d2b4                memb_init
 .text.memb_alloc
                0x000000008000d2fc       0x60 /opt/devkitpro/libogc/lib/wii/libdb.a(memb.o)
                0x000000008000d2fc                memb_alloc
 .text.memb_free
                0x000000008000d35c       0x60 /opt/devkitpro/libogc/lib/wii/libdb.a(memb.o)
                0x000000008000d35c                memb_free
 .text.plug_holes
                0x000000008000d3bc       0xa4 /opt/devkitpro/libogc/lib/wii/libdb.a(memr.o)
 .text.memr_free.part.0
                0x000000008000d460       0x24 /opt/devkitpro/libogc/lib/wii/libdb.a(memr.o)
 .text.memr_init
                0x000000008000d484       0x54 /opt/devkitpro/libogc/lib/wii/libdb.a(memr.o)
                0x000000008000d484                memr_init
 .text.memr_malloc
                0x000000008000d4d8      0x130 /opt/devkitpro/libogc/lib/wii/libdb.a(memr.o)
                0x000000008000d4d8                memr_malloc
 .text.memr_free
                0x000000008000d608       0x28 /opt/devkitpro/libogc/lib/wii/libdb.a(memr.o)
                0x000000008000d608                memr_free
 .text.memr_realloc
                0x000000008000d630       0xd8 /opt/devkitpro/libogc/lib/wii/libdb.a(memr.o)
                0x000000008000d630                memr_realloc
 .text.tcpip_err
                0x000000008000d708        0x4 /opt/devkitpro/libogc/lib/wii/libdb.a(tcpip.o)
 .text.tcpip_poll
                0x000000008000d70c        0x8 /opt/devkitpro/libogc/lib/wii/libdb.a(tcpip.o)
 .text.tcpip_sent
                0x000000008000d714        0x8 /opt/devkitpro/libogc/lib/wii/libdb.a(tcpip.o)
 .text.tcpip_accept_func
                0x000000008000d71c      0x168 /opt/devkitpro/libogc/lib/wii/libdb.a(tcpip.o)
 .text.tcpip_recved
                0x000000008000d884       0x88 /opt/devkitpro/libogc/lib/wii/libdb.a(tcpip.o)
 .text.__tcpip_poll
                0x000000008000d90c       0xa8 /opt/devkitpro/libogc/lib/wii/libdb.a(tcpip.o)
 .text.tcpip_tmr_needed
                0x000000008000d9b4       0x78 /opt/devkitpro/libogc/lib/wii/libdb.a(tcpip.o)
                0x000000008000d9b4                tcpip_tmr_needed
 .text.tcpip_socket
                0x000000008000da2c       0xc8 /opt/devkitpro/libogc/lib/wii/libdb.a(tcpip.o)
                0x000000008000da2c                tcpip_socket
 .text.tcpip_bind
                0x000000008000daf4       0x60 /opt/devkitpro/libogc/lib/wii/libdb.a(tcpip.o)
                0x000000008000daf4                tcpip_bind
 .text.tcpip_listen
                0x000000008000db54       0x88 /opt/devkitpro/libogc/lib/wii/libdb.a(tcpip.o)
                0x000000008000db54                tcpip_listen
 .text.tcpip_read
                0x000000008000dbdc      0x154 /opt/devkitpro/libogc/lib/wii/libdb.a(tcpip.o)
                0x000000008000dbdc                tcpip_read
 .text.readtcpip
                0x000000008000dd30       0x18 /opt/devkitpro/libogc/lib/wii/libdb.a(tcpip.o)
 .text.tcpip_write
                0x000000008000dd48       0xfc /opt/devkitpro/libogc/lib/wii/libdb.a(tcpip.o)
                0x000000008000dd48                tcpip_write
 .text.writetcpip
                0x000000008000de44       0x18 /opt/devkitpro/libogc/lib/wii/libdb.a(tcpip.o)
 .text.tcpip_close
                0x000000008000de5c       0x54 /opt/devkitpro/libogc/lib/wii/libdb.a(tcpip.o)
                0x000000008000de5c                tcpip_close
 .text.tcpip_init
                0x000000008000deb0      0x1a0 /opt/devkitpro/libogc/lib/wii/libdb.a(tcpip.o)
                0x000000008000deb0                tcpip_init
 .text.tcpip_stoptimer
                0x000000008000e050       0x6c /opt/devkitpro/libogc/lib/wii/libdb.a(tcpip.o)
                0x000000008000e050                tcpip_stoptimer
 .text.closetcpip
                0x000000008000e0bc       0x44 /opt/devkitpro/libogc/lib/wii/libdb.a(tcpip.o)
 .text.waittcpip
                0x000000008000e100       0x28 /opt/devkitpro/libogc/lib/wii/libdb.a(tcpip.o)
 .text.tcpip_starttimer
                0x000000008000e128       0xa4 /opt/devkitpro/libogc/lib/wii/libdb.a(tcpip.o)
                0x000000008000e128                tcpip_starttimer
 .text.opentcpip
                0x000000008000e1cc       0xa0 /opt/devkitpro/libogc/lib/wii/libdb.a(tcpip.o)
 .text.bba_cmd_outs
                0x000000008000e26c       0x98 /opt/devkitpro/libogc/lib/wii/libdb.a(bba.o)
 .text.bba_ins  0x000000008000e304       0x98 /opt/devkitpro/libogc/lib/wii/libdb.a(bba.o)
 .text.__bba_start_tx
                0x000000008000e39c       0x10 /opt/devkitpro/libogc/lib/wii/libdb.a(bba.o)
 .text.bba_outs.constprop.7
                0x000000008000e3ac       0x8c /opt/devkitpro/libogc/lib/wii/libdb.a(bba.o)
 .text.__bba_link_tx
                0x000000008000e438      0x1ac /opt/devkitpro/libogc/lib/wii/libdb.a(bba.o)
 .text.bba_start_rx.constprop.4
                0x000000008000e5e4      0x3ac /opt/devkitpro/libogc/lib/wii/libdb.a(bba.o)
 .text.bba_cmd_ins
                0x000000008000e990       0x94 /opt/devkitpro/libogc/lib/wii/libdb.a(bba.o)
 .text.__bba_init.isra.1
                0x000000008000ea24      0x2d8 /opt/devkitpro/libogc/lib/wii/libdb.a(bba.o)
 .text.bba_devpoll
                0x000000008000ecfc      0x5f0 /opt/devkitpro/libogc/lib/wii/libdb.a(bba.o)
 .text.uip_bba_init
                0x000000008000f2ec      0x204 /opt/devkitpro/libogc/lib/wii/libdb.a(bba.o)
                0x000000008000f2ec                uip_bba_init
 .text.uip_bba_create
                0x000000008000f4f0       0x64 /opt/devkitpro/libogc/lib/wii/libdb.a(bba.o)
                0x000000008000f4f0                uip_bba_create
 .text.uip_bba_poll
                0x000000008000f554       0x24 /opt/devkitpro/libogc/lib/wii/libdb.a(bba.o)
                0x000000008000f554                uip_bba_poll
 .text.uip_arp_findentry
                0x000000008000f578      0x160 /opt/devkitpro/libogc/lib/wii/libdb.a(uip_arp.o)
 .text.uip_arp_update
                0x000000008000f6d8      0x120 /opt/devkitpro/libogc/lib/wii/libdb.a(uip_arp.o)
 .text.uip_arp_init
                0x000000008000f7f8       0x2c /opt/devkitpro/libogc/lib/wii/libdb.a(uip_arp.o)
                0x000000008000f7f8                uip_arp_init
 .text.uip_arp_timer
                0x000000008000f824       0x78 /opt/devkitpro/libogc/lib/wii/libdb.a(uip_arp.o)
                0x000000008000f824                uip_arp_timer
 .text.uip_arp_ipin
                0x000000008000f89c       0x2c /opt/devkitpro/libogc/lib/wii/libdb.a(uip_arp.o)
                0x000000008000f89c                uip_arp_ipin
 .text.uip_arp_arpin
                0x000000008000f8c8      0x168 /opt/devkitpro/libogc/lib/wii/libdb.a(uip_arp.o)
                0x000000008000f8c8                uip_arp_arpin
 .text.uip_arp_arprequest
                0x000000008000fa30      0x14c /opt/devkitpro/libogc/lib/wii/libdb.a(uip_arp.o)
                0x000000008000fa30                uip_arp_arprequest
 .text.uip_arp_arpquery
                0x000000008000fb7c      0x1bc /opt/devkitpro/libogc/lib/wii/libdb.a(uip_arp.o)
                0x000000008000fb7c                uip_arp_arpquery
 .text.uip_arp_out
                0x000000008000fd38      0x188 /opt/devkitpro/libogc/lib/wii/libdb.a(uip_arp.o)
                0x000000008000fd38                uip_arp_out
 .text.__wpad_assign_slot
                0x000000008000fec0      0x20c /opt/devkitpro/libogc/lib/wii/libwiiuse.a(wpad.o)
                0x000000008000fec0                __wpad_assign_slot
 .text.__wpad_def_powcb
                0x00000000800100cc        0x4 /opt/devkitpro/libogc/lib/wii/libwiiuse.a(wpad.o)
 .text.__wpad_disconnect
                0x00000000800100d0       0x4c /opt/devkitpro/libogc/lib/wii/libwiiuse.a(wpad.o)
 .text.__readlinkkey_finished
                0x000000008001011c       0x34 /opt/devkitpro/libogc/lib/wii/libwiiuse.a(wpad.o)
 .text.__wpad_patch_finished
                0x0000000080010150       0x2c /opt/devkitpro/libogc/lib/wii/libwiiuse.a(wpad.o)
 .text.__wpad_setfmt
                0x000000008001017c      0x124 /opt/devkitpro/libogc/lib/wii/libwiiuse.a(wpad.o)
 .text.__wpad_eventCB
                0x00000000800102a0      0xa48 /opt/devkitpro/libogc/lib/wii/libwiiuse.a(wpad.o)
 .text.__wpad_disconnectCB
                0x0000000080010ce8       0xd4 /opt/devkitpro/libogc/lib/wii/libwiiuse.a(wpad.o)
                0x0000000080010ce8                __wpad_disconnectCB
 .text.__wpad_timeouthandler
                0x0000000080010dbc       0xb0 /opt/devkitpro/libogc/lib/wii/libwiiuse.a(wpad.o)
 .text.__initcore_finished
                0x0000000080010e6c       0x48 /opt/devkitpro/libogc/lib/wii/libwiiuse.a(wpad.o)
 .text.__wpad_init_finished
                0x0000000080010eb4      0x1d0 /opt/devkitpro/libogc/lib/wii/libwiiuse.a(wpad.o)
 .text.WPAD_ReadEvent
                0x0000000080011084      0x64c /opt/devkitpro/libogc/lib/wii/libwiiuse.a(wpad.o)
                0x0000000080011084                WPAD_ReadEvent
 .text.WPAD_ReadPending
                0x00000000800116d0      0x188 /opt/devkitpro/libogc/lib/wii/libwiiuse.a(wpad.o)
                0x00000000800116d0                WPAD_ReadPending
 .text.WPAD_ReadPending.part.5
                0x0000000080011858       0x68 /opt/devkitpro/libogc/lib/wii/libwiiuse.a(wpad.o)
 .text.WPAD_Shutdown
                0x00000000800118c0       0xcc /opt/devkitpro/libogc/lib/wii/libwiiuse.a(wpad.o)
                0x00000000800118c0                WPAD_Shutdown
 .text.WPAD_Init
                0x000000008001198c      0x294 /opt/devkitpro/libogc/lib/wii/libwiiuse.a(wpad.o)
                0x000000008001198c                WPAD_Init
 .text.__wpad_onreset
                0x0000000080011c20       0x34 /opt/devkitpro/libogc/lib/wii/libwiiuse.a(wpad.o)
 .text.WPAD_ScanPads
                0x0000000080011c54        0x8 /opt/devkitpro/libogc/lib/wii/libwiiuse.a(wpad.o)
                0x0000000080011c54                WPAD_ScanPads
 .text.WPAD_ButtonsDown
                0x0000000080011c5c       0x28 /opt/devkitpro/libogc/lib/wii/libwiiuse.a(wpad.o)
                0x0000000080011c5c                WPAD_ButtonsDown
 .text.motion_plus_disconnected
                0x0000000080011c84       0x10 /opt/devkitpro/libogc/lib/wii/libwiiuse.a(motion_plus.o)
                0x0000000080011c84                motion_plus_disconnected
 .text.motion_plus_event
                0x0000000080011c94       0x64 /opt/devkitpro/libogc/lib/wii/libwiiuse.a(motion_plus.o)
                0x0000000080011c94                motion_plus_event
 .text.calculate_gforce
                0x0000000080011cf8      0x114 /opt/devkitpro/libogc/lib/wii/libwiiuse.a(dynamics.o)
                0x0000000080011cf8                calculate_gforce
 .text.calc_joystick_state
                0x0000000080011e0c      0x20c /opt/devkitpro/libogc/lib/wii/libwiiuse.a(dynamics.o)
                0x0000000080011e0c                calc_joystick_state
 .text.apply_smoothing
                0x0000000080012018      0x188 /opt/devkitpro/libogc/lib/wii/libwiiuse.a(dynamics.o)
                0x0000000080012018                apply_smoothing
 .text.calculate_orientation
                0x00000000800121a0      0x2e0 /opt/devkitpro/libogc/lib/wii/libwiiuse.a(dynamics.o)
                0x00000000800121a0                calculate_orientation
 .text.calc_balanceboard_state
                0x0000000080012480      0x3a4 /opt/devkitpro/libogc/lib/wii/libwiiuse.a(dynamics.o)
                0x0000000080012480                calc_balanceboard_state
 .text.wiiuse_handshake
                0x0000000080012824      0x1fc /opt/devkitpro/libogc/lib/wii/libwiiuse.a(io.o)
                0x0000000080012824                wiiuse_handshake
 .text.wiiuse_handshake_expansion
                0x0000000080012a20      0x228 /opt/devkitpro/libogc/lib/wii/libwiiuse.a(io.o)
                0x0000000080012a20                wiiuse_handshake_expansion
 .text.wiiuse_handshake_expansion_start
                0x0000000080012c48       0x24 /opt/devkitpro/libogc/lib/wii/libwiiuse.a(io.o)
                0x0000000080012c48                wiiuse_handshake_expansion_start
 .text.wiiuse_disable_expansion
                0x0000000080012c6c      0x1b0 /opt/devkitpro/libogc/lib/wii/libwiiuse.a(io.o)
                0x0000000080012c6c                wiiuse_disable_expansion
 .text.__wiiuse_connected
                0x0000000080012e1c       0x9c /opt/devkitpro/libogc/lib/wii/libwiiuse.a(io_wii.o)
 .text.__wiiuse_disconnected
                0x0000000080012eb8       0xb4 /opt/devkitpro/libogc/lib/wii/libwiiuse.a(io_wii.o)
 .text.__wiiuse_receive
                0x0000000080012f6c       0xbc /opt/devkitpro/libogc/lib/wii/libwiiuse.a(io_wii.o)
 .text.__wiiuse_sensorbar_enable
                0x0000000080013028       0x54 /opt/devkitpro/libogc/lib/wii/libwiiuse.a(io_wii.o)
                0x0000000080013028                __wiiuse_sensorbar_enable
 .text.wiiuse_register
                0x000000008001307c       0xe4 /opt/devkitpro/libogc/lib/wii/libwiiuse.a(io_wii.o)
                0x000000008001307c                wiiuse_register
 .text.wiiuse_disconnect
                0x0000000080013160       0x24 /opt/devkitpro/libogc/lib/wii/libwiiuse.a(io_wii.o)
                0x0000000080013160                wiiuse_disconnect
 .text.wiiuse_init_cmd_queue
                0x0000000080013184       0xa4 /opt/devkitpro/libogc/lib/wii/libwiiuse.a(io_wii.o)
                0x0000000080013184                wiiuse_init_cmd_queue
 .text.wiiuse_io_write
                0x0000000080013228       0x1c /opt/devkitpro/libogc/lib/wii/libwiiuse.a(io_wii.o)
                0x0000000080013228                wiiuse_io_write
 .text.get_ir_sens.isra.0
                0x0000000080013244       0xe4 /opt/devkitpro/libogc/lib/wii/libwiiuse.a(ir.o)
 .text.rotate_dots
                0x0000000080013328      0x11c /opt/devkitpro/libogc/lib/wii/libwiiuse.a(ir.o)
 .text.wiiuse_set_ir_mode
                0x0000000080013444       0x88 /opt/devkitpro/libogc/lib/wii/libwiiuse.a(ir.o)
                0x0000000080013444                wiiuse_set_ir_mode
 .text.wiiuse_set_ir
                0x00000000800134cc      0x228 /opt/devkitpro/libogc/lib/wii/libwiiuse.a(ir.o)
                0x00000000800134cc                wiiuse_set_ir
 .text.wiiuse_set_ir_position
                0x00000000800136f4       0x84 /opt/devkitpro/libogc/lib/wii/libwiiuse.a(ir.o)
                0x00000000800136f4                wiiuse_set_ir_position
 .text.wiiuse_set_aspect_ratio
                0x0000000080013778       0x44 /opt/devkitpro/libogc/lib/wii/libwiiuse.a(ir.o)
                0x0000000080013778                wiiuse_set_aspect_ratio
 .text.wiiuse_set_ir_sensitivity
                0x00000000800137bc      0x138 /opt/devkitpro/libogc/lib/wii/libwiiuse.a(ir.o)
                0x00000000800137bc                wiiuse_set_ir_sensitivity
 .text.calculate_basic_ir
                0x00000000800138f4       0xec /opt/devkitpro/libogc/lib/wii/libwiiuse.a(ir.o)
                0x00000000800138f4                calculate_basic_ir
 .text.calculate_extended_ir
                0x00000000800139e0       0x70 /opt/devkitpro/libogc/lib/wii/libwiiuse.a(ir.o)
                0x00000000800139e0                calculate_extended_ir
 .text.find_sensorbar
                0x0000000080013a50      0x940 /opt/devkitpro/libogc/lib/wii/libwiiuse.a(ir.o)
                0x0000000080013a50                find_sensorbar
 .text.apply_ir_smoothing
                0x0000000080014390      0x100 /opt/devkitpro/libogc/lib/wii/libwiiuse.a(ir.o)
                0x0000000080014390                apply_ir_smoothing
 .text.interpret_ir_data
                0x0000000080014490      0x3cc /opt/devkitpro/libogc/lib/wii/libwiiuse.a(ir.o)
                0x0000000080014490                interpret_ir_data
 .text.nunchuk_handshake
                0x000000008001485c      0x2d8 /opt/devkitpro/libogc/lib/wii/libwiiuse.a(nunchuk.o)
                0x000000008001485c                nunchuk_handshake
 .text.nunchuk_disconnected
                0x0000000080014b34        0xc /opt/devkitpro/libogc/lib/wii/libwiiuse.a(nunchuk.o)
                0x0000000080014b34                nunchuk_disconnected
 .text.nunchuk_event
                0x0000000080014b40       0xe0 /opt/devkitpro/libogc/lib/wii/libwiiuse.a(nunchuk.o)
                0x0000000080014b40                nunchuk_event
 .text.wii_board_handshake
                0x0000000080014c20      0x2a4 /opt/devkitpro/libogc/lib/wii/libwiiuse.a(wiiboard.o)
                0x0000000080014c20                wii_board_handshake
 .text.wii_board_disconnected
                0x0000000080014ec4        0xc /opt/devkitpro/libogc/lib/wii/libwiiuse.a(wiiboard.o)
                0x0000000080014ec4                wii_board_disconnected
 .text.wii_board_event
                0x0000000080014ed0       0x54 /opt/devkitpro/libogc/lib/wii/libwiiuse.a(wiiboard.o)
                0x0000000080014ed0                wii_board_event
 .text.wiiuse_send_next_command
                0x0000000080014f24       0x50 /opt/devkitpro/libogc/lib/wii/libwiiuse.a(wiiuse.o)
                0x0000000080014f24                wiiuse_send_next_command
 .text.wiiuse_init
                0x0000000080014f74      0x1d4 /opt/devkitpro/libogc/lib/wii/libwiiuse.a(wiiuse.o)
                0x0000000080014f74                wiiuse_init
 .text.wiiuse_set_flags
                0x0000000080015148       0x24 /opt/devkitpro/libogc/lib/wii/libwiiuse.a(wiiuse.o)
                0x0000000080015148                wiiuse_set_flags
 .text.wiiuse_read_data
                0x000000008001516c      0x140 /opt/devkitpro/libogc/lib/wii/libwiiuse.a(wiiuse.o)
                0x000000008001516c                wiiuse_read_data
 .text.wiiuse_write_data
                0x00000000800152ac      0x184 /opt/devkitpro/libogc/lib/wii/libwiiuse.a(wiiuse.o)
                0x00000000800152ac                wiiuse_write_data
 .text.wiiuse_sendcmd
                0x0000000080015430      0x154 /opt/devkitpro/libogc/lib/wii/libwiiuse.a(wiiuse.o)
                0x0000000080015430                wiiuse_sendcmd
 .text.wiiuse_set_report_type
                0x0000000080015584      0x144 /opt/devkitpro/libogc/lib/wii/libwiiuse.a(wiiuse.o)
                0x0000000080015584                wiiuse_set_report_type
 .text.wiiuse_motion_sensing
                0x00000000800156c8       0x7c /opt/devkitpro/libogc/lib/wii/libwiiuse.a(wiiuse.o)
                0x00000000800156c8                wiiuse_motion_sensing
 .text.wiiuse_status
                0x0000000080015744       0x4c /opt/devkitpro/libogc/lib/wii/libwiiuse.a(wiiuse.o)
                0x0000000080015744                wiiuse_status
 .text.wiiuse_set_leds
                0x0000000080015790       0x50 /opt/devkitpro/libogc/lib/wii/libwiiuse.a(wiiuse.o)
                0x0000000080015790                wiiuse_set_leds
 .text.wiiuse_set_speaker
                0x00000000800157e0      0x25c /opt/devkitpro/libogc/lib/wii/libwiiuse.a(speaker.o)
                0x00000000800157e0                wiiuse_set_speaker
 .text.classic_ctrl_handshake
                0x0000000080015a3c      0x2b0 /opt/devkitpro/libogc/lib/wii/libwiiuse.a(classic.o)
                0x0000000080015a3c                classic_ctrl_handshake
 .text.classic_ctrl_disconnected
                0x0000000080015cec        0xc /opt/devkitpro/libogc/lib/wii/libwiiuse.a(classic.o)
                0x0000000080015cec                classic_ctrl_disconnected
 .text.classic_ctrl_event
                0x0000000080015cf8      0x164 /opt/devkitpro/libogc/lib/wii/libwiiuse.a(classic.o)
                0x0000000080015cf8                classic_ctrl_event
 .text.handle_expansion
                0x0000000080015e5c       0x54 /opt/devkitpro/libogc/lib/wii/libwiiuse.a(events.o)
 .text.parse_event
                0x0000000080015eb0      0x710 /opt/devkitpro/libogc/lib/wii/libwiiuse.a(events.o)
                0x0000000080015eb0                parse_event
 .text.guitar_hero_3_handshake
                0x00000000800165c0       0x70 /opt/devkitpro/libogc/lib/wii/libwiiuse.a(guitar_hero_3.o)
                0x00000000800165c0                guitar_hero_3_handshake
 .text.guitar_hero_3_disconnected
                0x0000000080016630        0xc /opt/devkitpro/libogc/lib/wii/libwiiuse.a(guitar_hero_3.o)
                0x0000000080016630                guitar_hero_3_disconnected
 .text.guitar_hero_3_event
                0x000000008001663c       0x64 /opt/devkitpro/libogc/lib/wii/libwiiuse.a(guitar_hero_3.o)
                0x000000008001663c                guitar_hero_3_event
 .text.bt_alarmhandler
                0x00000000800166a0       0x60 /opt/devkitpro/libogc/lib/wii/libbte.a(bte.o)
 .text.__bte_send_pending_request
                0x0000000080016700      0x114 /opt/devkitpro/libogc/lib/wii/libbte.a(bte.o)
 .text.acl_conn_complete
                0x0000000080016814       0x2c /opt/devkitpro/libogc/lib/wii/libbte.a(bte.o)
                0x0000000080016814                acl_conn_complete
 .text.l2cap_disconnected_ind
                0x0000000080016840      0x180 /opt/devkitpro/libogc/lib/wii/libbte.a(bte.o)
                0x0000000080016840                l2cap_disconnected_ind
 .text.bte_process_input
                0x00000000800169c0      0x13c /opt/devkitpro/libogc/lib/wii/libbte.a(bte.o)
 .text.l2cap_accepted
                0x0000000080016afc      0x110 /opt/devkitpro/libogc/lib/wii/libbte.a(bte.o)
                0x0000000080016afc                l2cap_accepted
 .text.acl_wlp_completed
                0x0000000080016c0c        0x8 /opt/devkitpro/libogc/lib/wii/libbte.a(bte.o)
                0x0000000080016c0c                acl_wlp_completed
 .text.l2cap_disconnect_cfm
                0x0000000080016c14      0x180 /opt/devkitpro/libogc/lib/wii/libbte.a(bte.o)
                0x0000000080016c14                l2cap_disconnect_cfm
 .text.__bte_shutdown_finished
                0x0000000080016d94       0xd8 /opt/devkitpro/libogc/lib/wii/libbte.a(bte.o)
 .text.bte_hci_apply_patch_complete
                0x0000000080016e6c      0x154 /opt/devkitpro/libogc/lib/wii/libbte.a(bte.o)
                0x0000000080016e6c                bte_hci_apply_patch_complete
 .text.bte_hci_initsub_complete
                0x0000000080016fc0      0x234 /opt/devkitpro/libogc/lib/wii/libbte.a(bte.o)
                0x0000000080016fc0                bte_hci_initsub_complete
 .text.bte_hci_initcore_complete
                0x00000000800171f4      0x1f0 /opt/devkitpro/libogc/lib/wii/libbte.a(bte.o)
                0x00000000800171f4                bte_hci_initcore_complete
 .text.bte_read_stored_link_key_complete
                0x00000000800173e4      0x278 /opt/devkitpro/libogc/lib/wii/libbte.a(bte.o)
                0x00000000800173e4                bte_read_stored_link_key_complete
 .text.bte_hci_initcore_complete2
                0x000000008001765c      0x1e8 /opt/devkitpro/libogc/lib/wii/libbte.a(bte.o)
                0x000000008001765c                bte_hci_initcore_complete2
 .text.bte_hci_patch_complete
                0x0000000080017844      0x2e0 /opt/devkitpro/libogc/lib/wii/libbte.a(bte.o)
                0x0000000080017844                bte_hci_patch_complete
 .text.BTE_Init
                0x0000000080017b24      0x138 /opt/devkitpro/libogc/lib/wii/libbte.a(bte.o)
                0x0000000080017b24                BTE_Init
 .text.BTE_Shutdown
                0x0000000080017c5c      0x11c /opt/devkitpro/libogc/lib/wii/libbte.a(bte.o)
                0x0000000080017c5c                BTE_Shutdown
 .text.BTE_InitCore
                0x0000000080017d78       0x94 /opt/devkitpro/libogc/lib/wii/libbte.a(bte.o)
                0x0000000080017d78                BTE_InitCore
 .text.BTE_ApplyPatch
                0x0000000080017e0c       0xb8 /opt/devkitpro/libogc/lib/wii/libbte.a(bte.o)
                0x0000000080017e0c                BTE_ApplyPatch
 .text.BTE_InitSub
                0x0000000080017ec4       0x98 /opt/devkitpro/libogc/lib/wii/libbte.a(bte.o)
                0x0000000080017ec4                BTE_InitSub
 .text.BTE_ReadStoredLinkKey
                0x0000000080017f5c       0x98 /opt/devkitpro/libogc/lib/wii/libbte.a(bte.o)
                0x0000000080017f5c                BTE_ReadStoredLinkKey
 .text.BTE_SetDisconnectCallback
                0x0000000080017ff4        0x4 /opt/devkitpro/libogc/lib/wii/libbte.a(bte.o)
                0x0000000080017ff4                BTE_SetDisconnectCallback
 .text.bte_new  0x0000000080017ff8       0x54 /opt/devkitpro/libogc/lib/wii/libbte.a(bte.o)
                0x0000000080017ff8                bte_new
 .text.bte_registerdeviceasync
                0x000000008001804c      0x154 /opt/devkitpro/libogc/lib/wii/libbte.a(bte.o)
                0x000000008001804c                bte_registerdeviceasync
 .text.bte_disconnect
                0x00000000800181a0       0xd8 /opt/devkitpro/libogc/lib/wii/libbte.a(bte.o)
                0x00000000800181a0                bte_disconnect
 .text.bte_senddata
                0x0000000080018278       0xdc /opt/devkitpro/libogc/lib/wii/libbte.a(bte.o)
                0x0000000080018278                bte_senddata
 .text.bte_arg  0x0000000080018354       0x3c /opt/devkitpro/libogc/lib/wii/libbte.a(bte.o)
                0x0000000080018354                bte_arg
 .text.bte_received
                0x0000000080018390       0x3c /opt/devkitpro/libogc/lib/wii/libbte.a(bte.o)
                0x0000000080018390                bte_received
 .text.bte_disconnected
                0x00000000800183cc       0x3c /opt/devkitpro/libogc/lib/wii/libbte.a(bte.o)
                0x00000000800183cc                bte_disconnected
 .text.hci_init
                0x0000000080018408       0x7c /opt/devkitpro/libogc/lib/wii/libbte.a(hci.o)
                0x0000000080018408                hci_init
 .text.hci_new  0x0000000080018484       0x48 /opt/devkitpro/libogc/lib/wii/libbte.a(hci.o)
                0x0000000080018484                hci_new
 .text.hci_get_link
                0x00000000800184cc       0x84 /opt/devkitpro/libogc/lib/wii/libbte.a(hci.o)
                0x00000000800184cc                hci_get_link
 .text.hci_close
                0x0000000080018550       0xd8 /opt/devkitpro/libogc/lib/wii/libbte.a(hci.o)
                0x0000000080018550                hci_close
 .text.hci_reset_all
                0x0000000080018628       0xbc /opt/devkitpro/libogc/lib/wii/libbte.a(hci.o)
                0x0000000080018628                hci_reset_all
 .text.hci_arg  0x00000000800186e4        0xc /opt/devkitpro/libogc/lib/wii/libbte.a(hci.o)
                0x00000000800186e4                hci_arg
 .text.hci_cmd_complete
                0x00000000800186f0        0xc /opt/devkitpro/libogc/lib/wii/libbte.a(hci.o)
                0x00000000800186f0                hci_cmd_complete
 .text.hci_connection_complete
                0x00000000800186fc        0xc /opt/devkitpro/libogc/lib/wii/libbte.a(hci.o)
                0x00000000800186fc                hci_connection_complete
 .text.hci_wlp_complete
                0x0000000080018708        0xc /opt/devkitpro/libogc/lib/wii/libbte.a(hci.o)
                0x0000000080018708                hci_wlp_complete
 .text.hci_reset
                0x0000000080018714       0xa8 /opt/devkitpro/libogc/lib/wii/libbte.a(hci.o)
                0x0000000080018714                hci_reset
 .text.hci_read_buffer_size
                0x00000000800187bc       0xa8 /opt/devkitpro/libogc/lib/wii/libbte.a(hci.o)
                0x00000000800187bc                hci_read_buffer_size
 .text.hci_read_bd_addr
                0x0000000080018864       0xa8 /opt/devkitpro/libogc/lib/wii/libbte.a(hci.o)
                0x0000000080018864                hci_read_bd_addr
 .text.hci_read_local_version
                0x000000008001890c       0xa4 /opt/devkitpro/libogc/lib/wii/libbte.a(hci.o)
                0x000000008001890c                hci_read_local_version
 .text.hci_read_local_features
                0x00000000800189b0       0xa8 /opt/devkitpro/libogc/lib/wii/libbte.a(hci.o)
                0x00000000800189b0                hci_read_local_features
 .text.hci_read_stored_link_key
                0x0000000080018a58       0xfc /opt/devkitpro/libogc/lib/wii/libbte.a(hci.o)
                0x0000000080018a58                hci_read_stored_link_key
 .text.hci_write_page_timeout
                0x0000000080018b54       0xcc /opt/devkitpro/libogc/lib/wii/libbte.a(hci.o)
                0x0000000080018b54                hci_write_page_timeout
 .text.hci_write_scan_enable
                0x0000000080018c20       0xb8 /opt/devkitpro/libogc/lib/wii/libbte.a(hci.o)
                0x0000000080018c20                hci_write_scan_enable
 .text.hci_accecpt_conn_request
                0x0000000080018cd8       0xdc /opt/devkitpro/libogc/lib/wii/libbte.a(hci.o)
                0x0000000080018cd8                hci_accecpt_conn_request
 .text.hci_write_local_name
                0x0000000080018db4       0xd4 /opt/devkitpro/libogc/lib/wii/libbte.a(hci.o)
                0x0000000080018db4                hci_write_local_name
 .text.hci_write_pin_type
                0x0000000080018e88       0xb8 /opt/devkitpro/libogc/lib/wii/libbte.a(hci.o)
                0x0000000080018e88                hci_write_pin_type
 .text.hci_write_inquiry_mode
                0x0000000080018f40       0xb8 /opt/devkitpro/libogc/lib/wii/libbte.a(hci.o)
                0x0000000080018f40                hci_write_inquiry_mode
 .text.hci_write_page_scan_type
                0x0000000080018ff8       0xb8 /opt/devkitpro/libogc/lib/wii/libbte.a(hci.o)
                0x0000000080018ff8                hci_write_page_scan_type
 .text.hci_write_inquiry_scan_type
                0x00000000800190b0       0xb8 /opt/devkitpro/libogc/lib/wii/libbte.a(hci.o)
                0x00000000800190b0                hci_write_inquiry_scan_type
 .text.hci_vendor_specific_command
                0x0000000080019168       0xe4 /opt/devkitpro/libogc/lib/wii/libbte.a(hci.o)
                0x0000000080019168                hci_vendor_specific_command
 .text.hci_write_link_policy_settings
                0x000000008001924c       0xfc /opt/devkitpro/libogc/lib/wii/libbte.a(hci.o)
                0x000000008001924c                hci_write_link_policy_settings
 .text.hci_pin_code_request_neg_reply
                0x0000000080019348       0xc8 /opt/devkitpro/libogc/lib/wii/libbte.a(hci.o)
                0x0000000080019348                hci_pin_code_request_neg_reply
 .text.hci_link_key_req_neg_reply
                0x0000000080019410       0xc8 /opt/devkitpro/libogc/lib/wii/libbte.a(hci.o)
                0x0000000080019410                hci_link_key_req_neg_reply
 .text.hci_disconnect
                0x00000000800194d8       0xf4 /opt/devkitpro/libogc/lib/wii/libbte.a(hci.o)
                0x00000000800194d8                hci_disconnect
 .text.hci_write_cod
                0x00000000800195cc       0xc8 /opt/devkitpro/libogc/lib/wii/libbte.a(hci.o)
                0x00000000800195cc                hci_write_cod
 .text.hci_host_buffer_size
                0x0000000080019694      0x108 /opt/devkitpro/libogc/lib/wii/libbte.a(hci.o)
                0x0000000080019694                hci_host_buffer_size
 .text.hci_host_num_comp_packets
                0x000000008001979c      0x104 /opt/devkitpro/libogc/lib/wii/libbte.a(hci.o)
                0x000000008001979c                hci_host_num_comp_packets
 .text.lp_pdu_maxsize
                0x00000000800198a0        0xc /opt/devkitpro/libogc/lib/wii/libbte.a(hci.o)
                0x00000000800198a0                lp_pdu_maxsize
 .text.lp_acl_write
                0x00000000800198ac      0x16c /opt/devkitpro/libogc/lib/wii/libbte.a(hci.o)
                0x00000000800198ac                lp_acl_write
 .text.lp_write_flush_timeout
                0x0000000080019a18       0xfc /opt/devkitpro/libogc/lib/wii/libbte.a(hci.o)
                0x0000000080019a18                lp_write_flush_timeout